2023-12-03 20:03:38.719  1044-7413  ApplicationPolicy       system_server                        I  isApplicationExternalStorageWhitelisted:org.test.packetsnifferapp user:0
2023-12-03 20:03:38.719  1044-7413  ActivityManager         system_server                        D  package  org.test.packetsnifferapp, user - 0 is SDcard whitelisted
2023-12-03 20:03:38.719  1044-7413  ApplicationPolicy       system_server                        I  isApplicationExternalStorageBlacklisted:org.test.packetsnifferapp user:0
2023-12-03 20:03:38.719  1044-7413  ApplicationPolicy       system_server                        I  isApplicationExternalStorageBlacklisted:org.test.packetsnifferapp user:0
2023-12-03 20:03:38.734  1044-1112  ActivityManager         system_server                        I  Start proc 19197:org.test.packetsnifferapp/u0a255 for activelaunch {org.test.packetsnifferapp/org.kivy.android.PythonActivity}
2023-12-03 20:03:38.803  1044-7615  ActivityTaskManager     system_server                        I  START u0 {act=android.intent.action.MAIN cat=[android.intent.category.LAUNCHER] flg=0x10200000 cmp=org.test.packetsnifferapp/org.kivy.android.PythonActivity bnds=[844,1417][1040,1697]} from uid 10149
2023-12-03 20:03:38.810   518-1275  SurfaceFlinger          surfaceflinger                       I  id=2139 createSurf (0x0),-1 flag=80004, AppWindowToken{741af27 token=Token{a598de6 ActivityRecord{644c441 u0 org.test.packetsnifferapp/org.kivy.android.PythonActivity t43}}}#0
2023-12-03 20:03:38.814  1044-1105  GameManagerService      system_server                        D  getForegroundPair(), state=0, bounds=[0,0][1080,2220], displayId=0, userId=0, taskName=org.test.packetsnifferapp/org.kivy.android.PythonActivity
2023-12-03 20:03:38.814  1044-1105  GameManagerService      system_server                        D  MultiWindowEventListener.onFocusedStackChanged(), pkgName: org.test.packetsnifferapp, clsName: org.kivy.android.PythonActivity, fgActivityName:org.test.packetsnifferapp/org.kivy.android.PythonActivity, userID:0
2023-12-03 20:03:38.815  1044-7409  GameManagerService      system_server                        D  onLooperPrepared(), msg: { when=0 what=10000 obj=ComponentInfo{org.test.packetsnifferapp/org.kivy.android.PythonActivity} target=com.samsung.android.game.GameManagerService$FgCheckThread$1 }
2023-12-03 20:03:38.815  1044-7409  GameManagerService      system_server                        D  notifyResumePause(). of pkg: org.test.packetsnifferapp, type: 4, isMinimized: false, isTunableApp: false
2023-12-03 20:03:38.815  1044-1105  GameSDK@LifeCycle       system_server                        D  onFocusedStackChanged(): focusedStackInfo: Stack id=41 bounds=[0,0][1080,2220] displayId=0 userId=0
                                                                                                     configuration={1.0 ?mcc?mnc [en_GB,sk_SK] ldltr sw360dp w360dp h668dp 480dpi nrml long hdr port night finger -keyb/v/h -nav/h winConfig={ mBounds=Rect(0, 0 - 1080, 2220) mAppBounds=Rect(0, 0 - 1080, 2076) mWindowingMode=fullscreen mDisplayWindowingMode=fullscreen mActivityType=standard mAlwaysOnTop=undefined mRotation=ROTATION_0} s.216 desktop/d ?dc bts=0 ff=0 bf=0 themeSeq=0}
                                                                                                      taskId=43: org.test.packetsnifferapp/org.kivy.android.PythonActivity bounds=[0,0][1080,2220] userId=0 visible=true topActivity=ComponentInfo{org.test.packetsnifferapp/org.kivy.android.PythonActivity}
2023-12-03 20:03:38.819  1044-1105  GameSDK@LifeCycle       system_server                        D  onFocusedPackageChanged(): newPkgName: org.test.packetsnifferapp, newPid: -999
2023-12-03 20:03:38.820  1044-7615  ActivityManager         system_server                        I  DSS OFF for org.test.packetsnifferapp
2023-12-03 20:03:38.821  1044-1106  PhoneWindow             system_server                        D  forceLight changed to true [Splash Screen org.test.packetsnifferapp] from com.android.internal.policy.PhoneWindow.updateForceLightNavigationBar:4274 com.android.internal.policy.DecorView.updateColorViews:1547 com.android.internal.policy.PhoneWindow.dispatchWindowAttributesChanged:3252 android.view.Window.setFlags:1153 com.android.internal.policy.PhoneWindow.generateLayout:2474 
2023-12-03 20:03:38.826  1044-7615  GamePkgDataHelper       system_server                        D  notifyAppCreate(), pkgName: org.test.packetsnifferapp, sendRet: true
2023-12-03 20:03:38.827  1044-7409  GameManagerService      system_server                        D  onLooperPrepared(), msg: { when=0 what=10010 obj=org.test.packetsnifferapp target=com.samsung.android.game.GameManagerService$FgCheckThread$1 }
2023-12-03 20:03:38.827  1044-7409  GameManagerService      system_server                        D  handleMessage(), received MSG_APP_CREATE of pkgName: org.test.packetsnifferapp
2023-12-03 20:03:38.829  1044-7615  MARsPolicyManager       system_server                        D  onPackageResumedFG pkgName = org.test.packetsnifferapp, userId = 0
2023-12-03 20:03:38.833   518-1275  SurfaceFlinger          surfaceflinger                       I  id=2140 createSurf (0x0),-1 flag=80004, d6deef5 Splash Screen org.test.packetsnifferapp#0
2023-12-03 20:03:38.838  1044-1106  WindowManager           system_server                        V  Relayout Window{d6deef5 u0 Splash Screen org.test.packetsnifferapp}: viewVisibility=0 req=1080x2220
2023-12-03 20:03:38.842   518-1275  SurfaceFlinger          surfaceflinger                       I  id=2141 createSurf (1080x2220),1 flag=404, Splash Screen org.test.packetsnifferapp#0
2023-12-03 20:03:38.842  1044-1106  WindowManager           system_server                        D  makeSurface duration=1 name=Splash Screen org.test.packetsnifferapp
2023-12-03 20:03:38.845  1044-7346  PkgPredictorService     system_server                        D  org.test.packetsnifferapp go to foreground!
2023-12-03 20:03:38.846  1044-7346  PkgPredictorService     system_server                        D  previous pkgs: org.test.packetsnifferapp,org.test.packetsnifferapp,org.test.packetsnifferapp running pkg: org.test.packetsnifferapp, uid: 0 is system: false
2023-12-03 20:03:38.846  1044-7346  PkgPredict...-Collector system_server                        D  save record...
                                                                                                     (hour:20 day:1 previous:[org.test.packetsnifferapp, org.test.packetsnifferapp, org.test.packetsnifferapp] activityName:unknown running:org.test.packetsnifferapp userId:0 screenOrientation:0 wifi:1 bt:0 predictTime:-1 apkVersion:0.4 consumeTime:-1 preloaded:false>)
2023-12-03 20:03:38.846  1044-7346  PkgPredict...Controller system_server                        D  User using: org.test.packetsnifferapp
2023-12-03 20:03:38.847  1044-1103  CodecSolution           system_server                        D  isMaxAspectPackageEx: org.test.packetsnifferapp : true(2)
2023-12-03 20:03:38.855  1044-1105  GameManagerService      system_server                        D  noteResumeComponent(), received resumed-component: org.test.packetsnifferapp
2023-12-03 20:03:38.856  1044-7409  GameManagerService      system_server                        D  onLooperPrepared(), msg: { when=0 what=10000 obj=ComponentInfo{org.test.packetsnifferapp/org.kivy.android.PythonActivity} target=com.samsung.android.game.GameManagerService$FgCheckThread$1 }
2023-12-03 20:03:38.856  1044-7409  GameManagerService      system_server                        D  notifyResumePause(). of pkg: org.test.packetsnifferapp, type: 4, isMinimized: false, isTunableApp: false
2023-12-03 20:03:38.857  1044-1106  WindowManager           system_server                        D  finishDrawingWindow: Window{d6deef5 u0 Splash Screen org.test.packetsnifferapp} mDrawState=DRAW_PENDING
2023-12-03 20:03:38.860  1044-1106  WindowManager           system_server                        V  performShow on Window{d6deef5 u0 Splash Screen org.test.packetsnifferapp}: mDrawState=READY_TO_SHOW readyForDisplay=false starting=true during animation: policyVis=true parentHidden=false tok.hiddenRequested=false tok.hidden=true animating=true tok animating=true Callers=com.android.server.wm.WindowState.performShowLocked:4819 com.android.server.wm.WindowStateAnimator.commitFinishDrawingLocked:415 com.android.server.wm.DisplayContent.lambda$new$8$DisplayContent:1026 com.android.server.wm.-$$Lambda$DisplayContent$qxt4izS31fb0LF2uo_OF9DMa7gc.accept:4 
2023-12-03 20:03:38.861  1044-1106  RemoteAnim...Controller system_server                        D  createAnimationAdapter(): token=AppWindowToken{741af27 token=Token{a598de6 ActivityRecord{644c441 u0 org.test.packetsnifferapp/org.kivy.android.PythonActivity t43}}}
2023-12-03 20:03:38.861  1044-1106  WindowManager           system_server                        I  Reparenting to leash, surface=Surface(name=AppWindowToken{741af27 token=Token{a598de6 ActivityRecord{644c441 u0 org.test.packetsnifferapp/org.kivy.android.PythonActivity t43}}})/@0xc394e73
2023-12-03 20:03:38.862   518-570   SurfaceFlinger          surfaceflinger                       I  id=2143 createSurf (0x0),-1 flag=80004, Surface(name=AppWindowToken{741af27 token=Token{a598de6 ActivityRecord{644c441 u0 org.test.packetsnifferapp/org.kivy.android.PythonActivity t43}}})/@0xc394e73 - animation-leash#0
2023-12-03 20:03:38.862  1044-1106  WindowManager           system_server                        D  makeSurface duration=0 leash=Surface(name=Surface(name=AppWindowToken{741af27 token=Token{a598de6 ActivityRecord{644c441 u0 org.test.packetsnifferapp/org.kivy.android.PythonActivity t43}}})/@0xc394e73 - animation-leash)/@0xa3fa130
2023-12-03 20:03:38.863  1044-1106  RemoteAnim...Controller system_server                        D  	Add token=AppWindowToken{741af27 token=Token{a598de6 ActivityRecord{644c441 u0 org.test.packetsnifferapp/org.kivy.android.PythonActivity t43}}}
2023-12-03 20:03:38.864  1044-1103  WindowManager           system_server                        D  setSystemUiVisibility: displayId=0, vis=0x8018, fullVis=0x0, dockVis=0x0, win=Window{d6deef5 u0 Splash Screen org.test.packetsnifferapp}
2023-12-03 20:03:38.866  1044-1106  RemoteAnim...Controller system_server                        I  window=Window{78fc1bc u0 com.android.systemui.infinity.InfinityWallpaperBlack}
                                                                                                    Target:
                                                                                                      mode=3 taskId=-1 isTranslucent=false clipRect=[0,0][0,0] contentInsets=[0,0][0,0] prefixOrderIndex=4 position=[0,0] sourceContainerBounds=[0,0][1080,2220]
                                                                                                      windowConfiguration={ mBounds=Rect(0, 0 - 1080, 2220) mAppBounds=Rect(0, 0 - 1080, 2076) mWindowingMode=fullscreen mDisplayWindowingMode=fullscreen mActivityType=undefined mAlwaysOnTop=undefined mRotation=ROTATION_0}
                                                                                                      leash=Surface(name=Surface(name=78fc1bc com.android.systemui.infinity.InfinityWallpaperBlack)/@0xc21f28b - animation-leash)/@0xb5471a9
                                                                                                    token=AppWindowToken{741af27 token=Token{a598de6 ActivityRecord{644c441 u0 org.test.packetsnifferapp/org.kivy.android.PythonActivity t43}}}
                                                                                                    Target:
                                                                                                      mode=0 taskId=43 isTranslucent=false clipRect=[0,0][1080,2220] contentInsets=[0,72][0,144] prefixOrderIndex=25 position=[0,0] sourceContainerBounds=[0,0][1080,2220]
                                                                                                      windowConfiguration={ mBounds=Rect(0, 0 - 1080, 2220) mAppBounds=Rect(0, 0 - 1080, 2076) mWindowingMode=fullscreen mDisplayWindowingMode=fullscreen mActivityType=standard mAlwaysOnTop=undefined mRotation=ROTATION_0}
                                                                                                      leash=Surface(name=Surface(name=AppWindowToken{741af27 token=Token{a598de6 ActivityRecord{644c441 u0 org.test.packetsnifferapp/org.kivy.android.PythonActivity t43}}})/@0xc394e73 - animation-leash)/@0xa3fa130
                                                                                                    token=AppWindowToken{c8b50f4 token=Token{b1292c7 ActivityRecord{b573c06 u0 com.sec.android.app.launcher/.activities.LauncherActivity t4}}}
                                                                                                    Target:
                                                                                                      mode=1 taskId=4 isTranslucent=false clipRect=[0,0][1080,2220] contentInsets=[0,72][0,144] prefixOrderIndex=20 position=[0,0] sourceContainerBounds=[0,0][1080,2220]
                                                                                                      windowConfiguration={ mBounds=Rect(0, 0 - 1080, 2220) mAppBounds=Rect(0, 0 - 1080, 2076) mWindowingMode=fullscreen mDisplayWindowingMode=fullscreen mActivityType=home mAlwaysOnTop=undefined mRotation=ROTATION_0}
                                                                                                      leash=Surface(name=Surface(name=AppWindowToken{c8b50f4 token=Token{b1292c7 ActivityRecord{b573c06 u0 com.sec.android.app.launcher/.activities.LauncherActivity t4}}})/@0x73e76d6 - animation-leash)/@0x5322ae2
2023-12-03 20:03:38.869  1044-1105  GameManagerService      system_server                        D  identifyGamePackage. org.test.packetsnifferapp, mCurrentUserId: 0, callerUserId: 0
2023-12-03 20:03:38.869  1044-1105  GamePkgDataHelper       system_server                        D  getGamePkgData(). org.test.packetsnifferapp
2023-12-03 20:03:38.870  1044-1105  GamePkgDataHelper       system_server                        D  getSosPolicy(). org.test.packetsnifferapp
2023-12-03 20:03:38.870  1044-9561  GamePkgDataHelper       system_server                        D  getSosPolicy(). org.test.packetsnifferapp
2023-12-03 20:03:38.870  1044-1105  GameManagerService      system_server                        D  identifyGamePackage. org.test.packetsnifferapp, mCurrentUserId: 0, callerUserId: 0
2023-12-03 20:03:38.870  1044-1105  GamePkgDataHelper       system_server                        D  getGamePkgData(). org.test.packetsnifferapp
2023-12-03 20:03:38.902 19197-25811 libEGL                  org.test.packetsnifferapp            D  loaded /vendor/lib64/egl/libGLES_mali.so
2023-12-03 20:03:38.911 19197-19197 PythonActivity          org.test.packetsnifferapp            V  PythonActivity onCreate running
2023-12-03 20:03:38.912 19197-19197 PythonActivity          org.test.packetsnifferapp            V  About to do super onCreate
2023-12-03 20:03:38.912 19197-19197 SDL                     org.test.packetsnifferapp            V  Device: starlte
2023-12-03 20:03:38.912 19197-19197 SDL                     org.test.packetsnifferapp            V  Model: SM-G960F
2023-12-03 20:03:38.912 19197-19197 SDL                     org.test.packetsnifferapp            V  onCreate()
2023-12-03 20:03:38.912 19197-19197 PythonActivity          org.test.packetsnifferapp            V  Did super onCreate
2023-12-03 20:03:38.912 19197-19197 SDL                     org.test.packetsnifferapp            V  getting identifier
2023-12-03 20:03:38.912 19197-19197 SDL                     org.test.packetsnifferapp            V  kind is layout and name lottie
2023-12-03 20:03:38.912   518-518   SurfaceFlinger          surfaceflinger                       I  Display 0 HWC layers:
                                                                                                        type    |    handle    | flag |  format   |   source crop (l,t,r,b)    |         frame       | name 
                                                                                                    ------------+--------------+------+-----------+----------------------------+---------------------+------
                                                                                                         CLIENT | 0x7748607940 | 0000 | RGBA_8888 |   0.0    0.0 1080.0 2220.0 |    0    0 1080 2220 | com.android.systemui.infinity.InfinityWallpaperBlack$_7652#0
                                                                                                         CLIENT | 0x7765ead580 | 0000 | RGBA_8888 |   0.0    0.0 1080.0 2220.0 |    0    0 1080 2220 | com.sec.android.app.launcher/com.sec[...]ties.LauncherActivity$_9734#0 (Blur)
                                                                                                         CLIENT | 0x7765eae980 | 0002 | RGBA_8888 |   0.0  771.0 1080.0 1851.0 |  863 1424 1014 1576 | Splash Screen org.test.packetsnifferapp#0
                                                                                                         DEVICE | 0x7748609d80 | 0000 | RGBA_8888 |   0.0    0.0 1080.0   72.0 |    0    0 1080   72 | StatusBar$_7458#0
                                                                                                         DEVICE | 0x77470487c0 | 0000 | RGBA_8888 |   0.0    0.0   67.0  342.0 | 1013  398 1080  740 | com.samsung.android.app.cocktailbars[...]rservice.CocktailBarService$_11040#0
                                                                                                         DEVICE | 0x774
2023-12-03 20:03:38.912 19197-19197 SDL                     org.test.packetsnifferapp            V  result is 0
2023-12-03 20:03:38.912 19197-19197 acketsnifferap          org.test.packetsnifferapp            E  Invalid ID 0x00000000.
2023-12-03 20:03:38.912 19197-19197 SDL                     org.test.packetsnifferapp            V  couldn't find lottie layout or animation, trying static splash
2023-12-03 20:03:38.912 19197-19197 SDL                     org.test.packetsnifferapp            V  getting identifier
2023-12-03 20:03:38.912 19197-19197 SDL                     org.test.packetsnifferapp            V  kind is drawable and name presplash
2023-12-03 20:03:38.913 19197-19197 SDL                     org.test.packetsnifferapp            V  result is 2130771969
2023-12-03 20:03:38.921 19197-19197 SDL                     org.test.packetsnifferapp            V  asked to get string presplash_color
2023-12-03 20:03:38.921 19197-19197 SDL                     org.test.packetsnifferapp            V  getting identifier
2023-12-03 20:03:38.921 19197-19197 SDL                     org.test.packetsnifferapp            V  kind is string and name presplash_color
2023-12-03 20:03:38.921 19197-19197 SDL                     org.test.packetsnifferapp            V  result is 2131034113
2023-12-03 20:03:38.926 19197-19197 acketsnifferap          org.test.packetsnifferapp            E  Invalid ID 0x00000000.
2023-12-03 20:03:38.931 19197-19197 PhoneWindow             org.test.packetsnifferapp            D  forceLight changed to true [] from com.android.internal.policy.PhoneWindow.updateForceLightNavigationBar:4274 com.android.internal.policy.DecorView.updateColorViews:1547 com.android.internal.policy.PhoneWindow.dispatchWindowAttributesChanged:3252 android.view.Window.setFlags:1153 com.android.internal.policy.PhoneWindow.generateLayout:2474 
2023-12-03 20:03:38.931 19197-19197 MultiWindowDecorSupport org.test.packetsnifferapp            I  [INFO] isPopOver = false
2023-12-03 20:03:38.932 19197-19197 MultiWindowDecorSupport org.test.packetsnifferapp            I  updateCaptionType >> DecorView@cf152f9[], isFloating: false, isApplication: true, hasWindowDecorCaption: false, hasWindowControllerCallback: true
2023-12-03 20:03:38.932 19197-19197 MultiWindowDecorSupport org.test.packetsnifferapp            D  setCaptionType = 0, DecorView = DecorView@cf152f9[]
2023-12-03 20:03:38.938 19197-25815 PythonActivity          org.test.packetsnifferapp            V  Ready to unpack
2023-12-03 20:03:38.939 19197-25815 pythonutil              org.test.packetsnifferapp            V  Unpacking private app
2023-12-03 20:03:38.939 19197-25815 pythonutil              org.test.packetsnifferapp            V  Data version is d4ab685d2db2a6a87230a490ad682bf2d5690b7e
2023-12-03 20:03:38.940 19197-19197 SDL                     org.test.packetsnifferapp            V  onStart()
2023-12-03 20:03:38.940 19197-25815 pythonutil              org.test.packetsnifferapp            V  Unpacking /data/app/org.test.packetsnifferapp-0AL5D4gcF1R_frWuP1JaeQ==/lib/arm64/libpybundle app
2023-12-03 20:03:38.940 19197-25815 pythonutil              org.test.packetsnifferapp            V  Data version is d4ab685d2db2a6a87230a490ad682bf2d5690b7e
2023-12-03 20:03:38.941 19197-19197 PythonActivity          org.test.packetsnifferapp            V  onResume()
2023-12-03 20:03:38.941 19197-19197 SDL                     org.test.packetsnifferapp            V  onResume()
2023-12-03 20:03:38.951   518-7733  SurfaceFlinger          surfaceflinger                       I  id=2145 createSurf (0x0),-1 flag=80004, 6420bd5 org.test.packetsnifferapp/org.kivy.android.PythonActivity#0
2023-12-03 20:03:38.952 19197-19197 ViewRootIm...nActivity] org.test.packetsnifferapp            I  setView = com.android.internal.policy.DecorView@cf152f9 TM=true MM=false
2023-12-03 20:03:38.955 19197-19197 pythonutil              org.test.packetsnifferapp            V  Checking pattern libsqlite3\.so against libffi.so
2023-12-03 20:03:38.955 19197-19197 pythonutil              org.test.packetsnifferapp            V  Checking pattern libsqlite3\.so against libSDL2_mixer.so
2023-12-03 20:03:38.955 19197-19197 pythonutil              org.test.packetsnifferapp            V  Checking pattern libsqlite3\.so against libpybundle.so
2023-12-03 20:03:38.955 19197-19197 pythonutil              org.test.packetsnifferapp            V  Checking pattern libsqlite3\.so against libpython3.10.so
2023-12-03 20:03:38.955 19197-19197 pythonutil              org.test.packetsnifferapp            V  Checking pattern libsqlite3\.so against libssl1.1.so
2023-12-03 20:03:38.955 19197-19197 pythonutil              org.test.packetsnifferapp            V  Checking pattern libsqlite3\.so against libcrypto1.1.so
2023-12-03 20:03:38.955 19197-19197 pythonutil              org.test.packetsnifferapp            V  Checking pattern libsqlite3\.so against libmain.so
2023-12-03 20:03:38.955 19197-19197 pythonutil              org.test.packetsnifferapp            V  Checking pattern libsqlite3\.so against libsqlite3.so
2023-12-03 20:03:38.955 19197-19197 pythonutil              org.test.packetsnifferapp            V  Pattern libsqlite3\.so matched file libsqlite3.so
2023-12-03 20:03:38.956 19197-19197 pythonutil              org.test.packetsnifferapp            V  Checking pattern libsqlite3\.so against libSDL2_image.so
2023-12-03 20:03:38.956 19197-19197 pythonutil              org.test.packetsnifferapp            V  Checking pattern libsqlite3\.so against libSDL2_ttf.so
2023-12-03 20:03:38.956 19197-19197 pythonutil              org.test.packetsnifferapp            V  Checking pattern libsqlite3\.so against libSDL2.so
2023-12-03 20:03:38.956 19197-19197 pythonutil              org.test.packetsnifferapp            V  Checking pattern libffi\.so against libffi.so
2023-12-03 20:03:38.956 19197-19197 pythonutil              org.test.packetsnifferapp            V  Pattern libffi\.so matched file libffi.so
2023-12-03 20:03:38.956 19197-19197 pythonutil              org.test.packetsnifferapp            V  Checking pattern libffi\.so against libSDL2_mixer.so
2023-12-03 20:03:38.956 19197-19197 pythonutil              org.test.packetsnifferapp            V  Checking pattern libffi\.so against libpybundle.so
2023-12-03 20:03:38.956 19197-19197 pythonutil              org.test.packetsnifferapp            V  Checking pattern libffi\.so against libpython3.10.so
2023-12-03 20:03:38.956 19197-19197 pythonutil              org.test.packetsnifferapp            V  Checking pattern libffi\.so against libssl1.1.so
2023-12-03 20:03:38.956 19197-19197 pythonutil              org.test.packetsnifferapp            V  Checking pattern libffi\.so against libcrypto1.1.so
2023-12-03 20:03:38.957 19197-19197 pythonutil              org.test.packetsnifferapp            V  Checking pattern libffi\.so against libmain.so
2023-12-03 20:03:38.957 19197-19197 pythonutil              org.test.packetsnifferapp            V  Checking pattern libffi\.so against libsqlite3.so
2023-12-03 20:03:38.957 19197-19197 pythonutil              org.test.packetsnifferapp            V  Checking pattern libffi\.so against libSDL2_image.so
2023-12-03 20:03:38.957 19197-19197 pythonutil              org.test.packetsnifferapp            V  Checking pattern libffi\.so against libSDL2_ttf.so
2023-12-03 20:03:38.957 19197-19197 pythonutil              org.test.packetsnifferapp            V  Checking pattern libffi\.so against libSDL2.so
2023-12-03 20:03:38.957 19197-19197 pythonutil              org.test.packetsnifferapp            V  Checking pattern libpng16\.so against libffi.so
2023-12-03 20:03:38.957 19197-19197 pythonutil              org.test.packetsnifferapp            V  Checking pattern libpng16\.so against libSDL2_mixer.so
2023-12-03 20:03:38.957 19197-19197 pythonutil              org.test.packetsnifferapp            V  Checking pattern libpng16\.so against libpybundle.so
2023-12-03 20:03:38.957 19197-19197 pythonutil              org.test.packetsnifferapp            V  Checking pattern libpng16\.so against libpython3.10.so
2023-12-03 20:03:38.957 19197-19197 pythonutil              org.test.packetsnifferapp            V  Checking pattern libpng16\.so against libssl1.1.so
2023-12-03 20:03:38.957 19197-19197 pythonutil              org.test.packetsnifferapp            V  Checking pattern libpng16\.so against libcrypto1.1.so
2023-12-03 20:03:38.957 19197-19197 pythonutil              org.test.packetsnifferapp            V  Checking pattern libpng16\.so against libmain.so
2023-12-03 20:03:38.958 19197-19197 pythonutil              org.test.packetsnifferapp            V  Checking pattern libpng16\.so against libsqlite3.so
2023-12-03 20:03:38.958 19197-19197 pythonutil              org.test.packetsnifferapp            V  Checking pattern libpng16\.so against libSDL2_image.so
2023-12-03 20:03:38.958 19197-19197 pythonutil              org.test.packetsnifferapp            V  Checking pattern libpng16\.so against libSDL2_ttf.so
2023-12-03 20:03:38.958 19197-19197 pythonutil              org.test.packetsnifferapp            V  Checking pattern libpng16\.so against libSDL2.so
2023-12-03 20:03:38.958 19197-19197 pythonutil              org.test.packetsnifferapp            V  Checking pattern libssl.*\.so against libffi.so
2023-12-03 20:03:38.958 19197-19197 pythonutil              org.test.packetsnifferapp            V  Checking pattern libssl.*\.so against libSDL2_mixer.so
2023-12-03 20:03:38.958 19197-19197 pythonutil              org.test.packetsnifferapp            V  Checking pattern libssl.*\.so against libpybundle.so
2023-12-03 20:03:38.958 19197-19197 pythonutil              org.test.packetsnifferapp            V  Checking pattern libssl.*\.so against libpython3.10.so
2023-12-03 20:03:38.958 19197-19197 pythonutil              org.test.packetsnifferapp            V  Checking pattern libssl.*\.so against libssl1.1.so
2023-12-03 20:03:38.958 19197-19197 pythonutil              org.test.packetsnifferapp            V  Pattern libssl.*\.so matched file libssl1.1.so
2023-12-03 20:03:38.958 19197-19197 pythonutil              org.test.packetsnifferapp            V  Checking pattern libssl.*\.so against libcrypto1.1.so
2023-12-03 20:03:38.958 19197-19197 pythonutil              org.test.packetsnifferapp            V  Checking pattern libssl.*\.so against libmain.so
2023-12-03 20:03:38.959 19197-19197 pythonutil              org.test.packetsnifferapp            V  Checking pattern libssl.*\.so against libsqlite3.so
2023-12-03 20:03:38.959 19197-19197 pythonutil              org.test.packetsnifferapp            V  Checking pattern libssl.*\.so against libSDL2_image.so
2023-12-03 20:03:38.959 19197-19197 pythonutil              org.test.packetsnifferapp            V  Checking pattern libssl.*\.so against libSDL2_ttf.so
2023-12-03 20:03:38.959 19197-19197 pythonutil              org.test.packetsnifferapp            V  Checking pattern libssl.*\.so against libSDL2.so
2023-12-03 20:03:38.959 19197-19197 pythonutil              org.test.packetsnifferapp            V  Checking pattern libcrypto.*\.so against libffi.so
2023-12-03 20:03:38.959 19197-19197 pythonutil              org.test.packetsnifferapp            V  Checking pattern libcrypto.*\.so against libSDL2_mixer.so
2023-12-03 20:03:38.959 19197-19197 pythonutil              org.test.packetsnifferapp            V  Checking pattern libcrypto.*\.so against libpybundle.so
2023-12-03 20:03:38.959 19197-19197 pythonutil              org.test.packetsnifferapp            V  Checking pattern libcrypto.*\.so against libpython3.10.so
2023-12-03 20:03:38.959 19197-19197 pythonutil              org.test.packetsnifferapp            V  Checking pattern libcrypto.*\.so against libssl1.1.so
2023-12-03 20:03:38.959 19197-19197 pythonutil              org.test.packetsnifferapp            V  Checking pattern libcrypto.*\.so against libcrypto1.1.so
2023-12-03 20:03:38.959 19197-19197 pythonutil              org.test.packetsnifferapp            V  Pattern libcrypto.*\.so matched file libcrypto1.1.so
2023-12-03 20:03:38.959 19197-19197 pythonutil              org.test.packetsnifferapp            V  Checking pattern libcrypto.*\.so against libmain.so
2023-12-03 20:03:38.960 19197-19197 pythonutil              org.test.packetsnifferapp            V  Checking pattern libcrypto.*\.so against libsqlite3.so
2023-12-03 20:03:38.960 19197-19197 pythonutil              org.test.packetsnifferapp            V  Checking pattern libcrypto.*\.so against libSDL2_image.so
2023-12-03 20:03:38.960 19197-19197 pythonutil              org.test.packetsnifferapp            V  Checking pattern libcrypto.*\.so against libSDL2_ttf.so
2023-12-03 20:03:38.960 19197-19197 pythonutil              org.test.packetsnifferapp            V  Checking pattern libcrypto.*\.so against libSDL2.so
2023-12-03 20:03:38.960 19197-19197 pythonutil              org.test.packetsnifferapp            V  Checking pattern libSDL2\.so against libffi.so
2023-12-03 20:03:38.962 19197-19197 pythonutil              org.test.packetsnifferapp            V  Checking pattern libSDL2\.so against libSDL2_mixer.so
2023-12-03 20:03:38.962 19197-19197 pythonutil              org.test.packetsnifferapp            V  Checking pattern libSDL2\.so against libpybundle.so
2023-12-03 20:03:38.962 19197-19197 pythonutil              org.test.packetsnifferapp            V  Checking pattern libSDL2\.so against libpython3.10.so
2023-12-03 20:03:38.962 19197-19197 pythonutil              org.test.packetsnifferapp            V  Checking pattern libSDL2\.so against libssl1.1.so
2023-12-03 20:03:38.962 19197-19197 pythonutil              org.test.packetsnifferapp            V  Checking pattern libSDL2\.so against libcrypto1.1.so
2023-12-03 20:03:38.962 19197-19197 pythonutil              org.test.packetsnifferapp            V  Checking pattern libSDL2\.so against libmain.so
2023-12-03 20:03:38.962 19197-19197 pythonutil              org.test.packetsnifferapp            V  Checking pattern libSDL2\.so against libsqlite3.so
2023-12-03 20:03:38.962 19197-19197 pythonutil              org.test.packetsnifferapp            V  Checking pattern libSDL2\.so against libSDL2_image.so
2023-12-03 20:03:38.962 19197-19197 pythonutil              org.test.packetsnifferapp            V  Checking pattern libSDL2\.so against libSDL2_ttf.so
2023-12-03 20:03:38.962 19197-19197 pythonutil              org.test.packetsnifferapp            V  Checking pattern libSDL2\.so against libSDL2.so
2023-12-03 20:03:38.962 19197-19197 pythonutil              org.test.packetsnifferapp            V  Pattern libSDL2\.so matched file libSDL2.so
2023-12-03 20:03:38.962 19197-19197 pythonutil              org.test.packetsnifferapp            V  Checking pattern libSDL2_image\.so against libffi.so
2023-12-03 20:03:38.963 19197-19197 pythonutil              org.test.packetsnifferapp            V  Checking pattern libSDL2_image\.so against libSDL2_mixer.so
2023-12-03 20:03:38.963 19197-19197 pythonutil              org.test.packetsnifferapp            V  Checking pattern libSDL2_image\.so against libpybundle.so
2023-12-03 20:03:38.963 19197-19197 pythonutil              org.test.packetsnifferapp            V  Checking pattern libSDL2_image\.so against libpython3.10.so
2023-12-03 20:03:38.963 19197-19197 pythonutil              org.test.packetsnifferapp            V  Checking pattern libSDL2_image\.so against libssl1.1.so
2023-12-03 20:03:38.963 19197-19197 pythonutil              org.test.packetsnifferapp            V  Checking pattern libSDL2_image\.so against libcrypto1.1.so
2023-12-03 20:03:38.963 19197-19197 pythonutil              org.test.packetsnifferapp            V  Checking pattern libSDL2_image\.so against libmain.so
2023-12-03 20:03:38.963 19197-19197 pythonutil              org.test.packetsnifferapp            V  Checking pattern libSDL2_image\.so against libsqlite3.so
2023-12-03 20:03:38.963 19197-19197 pythonutil              org.test.packetsnifferapp            V  Checking pattern libSDL2_image\.so against libSDL2_image.so
2023-12-03 20:03:38.963 19197-19197 pythonutil              org.test.packetsnifferapp            V  Pattern libSDL2_image\.so matched file libSDL2_image.so
2023-12-03 20:03:38.963 19197-19197 pythonutil              org.test.packetsnifferapp            V  Checking pattern libSDL2_image\.so against libSDL2_ttf.so
2023-12-03 20:03:38.963 19197-19197 pythonutil              org.test.packetsnifferapp            V  Checking pattern libSDL2_image\.so against libSDL2.so
2023-12-03 20:03:38.963 19197-19197 pythonutil              org.test.packetsnifferapp            V  Checking pattern libSDL2_mixer\.so against libffi.so
2023-12-03 20:03:38.963 19197-19197 pythonutil              org.test.packetsnifferapp            V  Checking pattern libSDL2_mixer\.so against libSDL2_mixer.so
2023-12-03 20:03:38.963 19197-19197 pythonutil              org.test.packetsnifferapp            V  Pattern libSDL2_mixer\.so matched file libSDL2_mixer.so
2023-12-03 20:03:38.964 19197-19197 pythonutil              org.test.packetsnifferapp            V  Checking pattern libSDL2_mixer\.so against libpybundle.so
2023-12-03 20:03:38.964 19197-19197 pythonutil              org.test.packetsnifferapp            V  Checking pattern libSDL2_mixer\.so against libpython3.10.so
2023-12-03 20:03:38.964 19197-19197 pythonutil              org.test.packetsnifferapp            V  Checking pattern libSDL2_mixer\.so against libssl1.1.so
2023-12-03 20:03:38.964 19197-19197 pythonutil              org.test.packetsnifferapp            V  Checking pattern libSDL2_mixer\.so against libcrypto1.1.so
2023-12-03 20:03:38.964 19197-19197 pythonutil              org.test.packetsnifferapp            V  Checking pattern libSDL2_mixer\.so against libmain.so
2023-12-03 20:03:38.964 19197-19197 pythonutil              org.test.packetsnifferapp            V  Checking pattern libSDL2_mixer\.so against libsqlite3.so
2023-12-03 20:03:38.964 19197-19197 pythonutil              org.test.packetsnifferapp            V  Checking pattern libSDL2_mixer\.so against libSDL2_image.so
2023-12-03 20:03:38.964 19197-19197 pythonutil              org.test.packetsnifferapp            V  Checking pattern libSDL2_mixer\.so against libSDL2_ttf.so
2023-12-03 20:03:38.964 19197-19197 pythonutil              org.test.packetsnifferapp            V  Checking pattern libSDL2_mixer\.so against libSDL2.so
2023-12-03 20:03:38.964 19197-19197 pythonutil              org.test.packetsnifferapp            V  Checking pattern libSDL2_ttf\.so against libffi.so
2023-12-03 20:03:38.964 19197-19197 pythonutil              org.test.packetsnifferapp            V  Checking pattern libSDL2_ttf\.so against libSDL2_mixer.so
2023-12-03 20:03:38.964 19197-19197 pythonutil              org.test.packetsnifferapp            V  Checking pattern libSDL2_ttf\.so against libpybundle.so
2023-12-03 20:03:38.964 19197-19197 pythonutil              org.test.packetsnifferapp            V  Checking pattern libSDL2_ttf\.so against libpython3.10.so
2023-12-03 20:03:38.965 19197-19197 pythonutil              org.test.packetsnifferapp            V  Checking pattern libSDL2_ttf\.so against libssl1.1.so
2023-12-03 20:03:38.965 19197-19197 pythonutil              org.test.packetsnifferapp            V  Checking pattern libSDL2_ttf\.so against libcrypto1.1.so
2023-12-03 20:03:38.965 19197-19197 pythonutil              org.test.packetsnifferapp            V  Checking pattern libSDL2_ttf\.so against libmain.so
2023-12-03 20:03:38.965 19197-19197 pythonutil              org.test.packetsnifferapp            V  Checking pattern libSDL2_ttf\.so against libsqlite3.so
2023-12-03 20:03:38.965 19197-19197 pythonutil              org.test.packetsnifferapp            V  Checking pattern libSDL2_ttf\.so against libSDL2_image.so
2023-12-03 20:03:38.965 19197-19197 pythonutil              org.test.packetsnifferapp            V  Checking pattern libSDL2_ttf\.so against libSDL2_ttf.so
2023-12-03 20:03:38.965 19197-19197 pythonutil              org.test.packetsnifferapp            V  Pattern libSDL2_ttf\.so matched file libSDL2_ttf.so
2023-12-03 20:03:38.965 19197-19197 pythonutil              org.test.packetsnifferapp            V  Checking pattern libSDL2_ttf\.so against libSDL2.so
2023-12-03 20:03:38.965 19197-19197 pythonutil              org.test.packetsnifferapp            V  Loading library: sqlite3
2023-12-03 20:03:38.966 19197-19197 pythonutil              org.test.packetsnifferapp            V  Loading library: ffi
2023-12-03 20:03:38.967 19197-19197 pythonutil              org.test.packetsnifferapp            V  Loading library: ssl1.1
2023-12-03 20:03:38.968 19197-19197 pythonutil              org.test.packetsnifferapp            V  Loading library: crypto1.1
2023-12-03 20:03:38.969 19197-19197 pythonutil              org.test.packetsnifferapp            V  Loading library: SDL2
2023-12-03 20:03:38.970 19197-19197 pythonutil              org.test.packetsnifferapp            V  Loading library: SDL2_image
2023-12-03 20:03:38.971 19197-19197 pythonutil              org.test.packetsnifferapp            V  Loading library: SDL2_mixer
2023-12-03 20:03:38.972 19197-19197 pythonutil              org.test.packetsnifferapp            V  Loading library: SDL2_ttf
2023-12-03 20:03:38.976 19197-19197 pythonutil              org.test.packetsnifferapp            V  Loading library: python3.5m
2023-12-03 20:03:38.976  1044-7550  MdnieScena...rolService system_server                        D   packageName : org.test.packetsnifferapp    className : org.kivy.android.PythonActivity
2023-12-03 20:03:38.977 19197-19197 pythonutil              org.test.packetsnifferapp            V  Library loading error: dalvik.system.PathClassLoader[DexPathList[[zip file "/data/app/org.test.packetsnifferapp-0AL5D4gcF1R_frWuP1JaeQ==/base.apk"],nativeLibraryDirectories=[/data/app/org.test.packetsnifferapp-0AL5D4gcF1R_frWuP1JaeQ==/lib/arm64, /data/app/org.test.packetsnifferapp-0AL5D4gcF1R_frWuP1JaeQ==/base.apk!/lib/arm64-v8a, /system/lib64]]] couldn't find "libpython3.5m.so"
2023-12-03 20:03:38.978 19197-19197 pythonutil              org.test.packetsnifferapp            V  Loading library: python3.6m
2023-12-03 20:03:38.978 19197-19197 pythonutil              org.test.packetsnifferapp            V  Library loading error: dalvik.system.PathClassLoader[DexPathList[[zip file "/data/app/org.test.packetsnifferapp-0AL5D4gcF1R_frWuP1JaeQ==/base.apk"],nativeLibraryDirectories=[/data/app/org.test.packetsnifferapp-0AL5D4gcF1R_frWuP1JaeQ==/lib/arm64, /data/app/org.test.packetsnifferapp-0AL5D4gcF1R_frWuP1JaeQ==/base.apk!/lib/arm64-v8a, /system/lib64]]] couldn't find "libpython3.6m.so"
2023-12-03 20:03:38.978 19197-19197 pythonutil              org.test.packetsnifferapp            V  Loading library: python3.7m
2023-12-03 20:03:38.979 19197-19197 pythonutil              org.test.packetsnifferapp            V  Library loading error: dalvik.system.PathClassLoader[DexPathList[[zip file "/data/app/org.test.packetsnifferapp-0AL5D4gcF1R_frWuP1JaeQ==/base.apk"],nativeLibraryDirectories=[/data/app/org.test.packetsnifferapp-0AL5D4gcF1R_frWuP1JaeQ==/lib/arm64, /data/app/org.test.packetsnifferapp-0AL5D4gcF1R_frWuP1JaeQ==/base.apk!/lib/arm64-v8a, /system/lib64]]] couldn't find "libpython3.7m.so"
2023-12-03 20:03:38.979 19197-19197 pythonutil              org.test.packetsnifferapp            V  Loading library: python3.8
2023-12-03 20:03:38.979 19197-19197 pythonutil              org.test.packetsnifferapp            V  Library loading error: dalvik.system.PathClassLoader[DexPathList[[zip file "/data/app/org.test.packetsnifferapp-0AL5D4gcF1R_frWuP1JaeQ==/base.apk"],nativeLibraryDirectories=[/data/app/org.test.packetsnifferapp-0AL5D4gcF1R_frWuP1JaeQ==/lib/arm64, /data/app/org.test.packetsnifferapp-0AL5D4gcF1R_frWuP1JaeQ==/base.apk!/lib/arm64-v8a, /system/lib64]]] couldn't find "libpython3.8.so"
2023-12-03 20:03:38.979 19197-19197 pythonutil              org.test.packetsnifferapp            V  Loading library: python3.9
2023-12-03 20:03:38.980 19197-19197 pythonutil              org.test.packetsnifferapp            V  Library loading error: dalvik.system.PathClassLoader[DexPathList[[zip file "/data/app/org.test.packetsnifferapp-0AL5D4gcF1R_frWuP1JaeQ==/base.apk"],nativeLibraryDirectories=[/data/app/org.test.packetsnifferapp-0AL5D4gcF1R_frWuP1JaeQ==/lib/arm64, /data/app/org.test.packetsnifferapp-0AL5D4gcF1R_frWuP1JaeQ==/base.apk!/lib/arm64-v8a, /system/lib64]]] couldn't find "libpython3.9.so"
2023-12-03 20:03:38.980 19197-19197 pythonutil              org.test.packetsnifferapp            V  Loading library: python3.10
2023-12-03 20:03:38.981 19197-19197 pythonutil              org.test.packetsnifferapp            V  Loading library: main
2023-12-03 20:03:38.982 19197-19197 pythonutil              org.test.packetsnifferapp            V  Loaded everything!
2023-12-03 20:03:38.982 19197-19197 SDL                     org.test.packetsnifferapp            V  nativeSetupJNI()
2023-12-03 20:03:38.983 19197-19197 SDL                     org.test.packetsnifferapp            V  AUDIO nativeSetupJNI()
2023-12-03 20:03:38.984 19197-19197 SDL                     org.test.packetsnifferapp            V  CONTROLLER nativeSetupJNI()
2023-12-03 20:03:38.990 19197-19197 acketsnifferap          org.test.packetsnifferapp            E  Invalid ID 0x00000000.
2023-12-03 20:03:38.993  1044-7373  WifiTransportLayerUtils system_server                        W  getApplicationCategory - IOException org.test.packetsnifferapp
2023-12-03 20:03:39.002 19197-19197 PythonActivity          org.test.packetsnifferapp            V  Setting env vars for start.c and Python to use
2023-12-03 20:03:39.002 19197-19197 PythonActivity          org.test.packetsnifferapp            V  Access to our meta-data...
2023-12-03 20:03:39.002 19197-19197 PythonActivity          org.test.packetsnifferapp            I  Surface will NOT be transparent
2023-12-03 20:03:39.004 19197-19197 InputMethodManager      org.test.packetsnifferapp            V  Not IME target window, ignoring
2023-12-03 20:03:39.004 19197-19197 SurfaceView             org.test.packetsnifferapp            I  onWindowVisibilityChanged(0) true org.libsdl.app.SDLSurface{9a27b16 VFE...... .F....I. 0,0-0,0} of ViewRootImpl@dd7bcd8[PythonActivity]
2023-12-03 20:03:39.008  1044-9561  WindowManager           system_server                        V  Relayout Window{6420bd5 u0 org.test.packetsnifferapp/org.kivy.android.PythonActivity}: viewVisibility=0 req=1080x2220
2023-12-03 20:03:39.009  1044-9561  WindowManager           system_server                        W  preserveSurfaceLocked: failed, no surface, w=Window{6420bd5 u0 org.test.packetsnifferapp/org.kivy.android.PythonActivity}
2023-12-03 20:03:39.009   518-7733  SurfaceFlinger          surfaceflinger                       I  id=2146 createSurf (1080x2220),1 flag=4, org.test.packetsnifferapp/org.kivy.android.PythonActivity$_19197#0
2023-12-03 20:03:39.010  1044-9561  WindowManager           system_server                        D  makeSurface duration=1 name=org.test.packetsnifferapp/org.kivy.android.PythonActivity$_19197
2023-12-03 20:03:39.011  1044-9561  WindowManager           system_server                        V  Changing focus from null to Window{6420bd5 u0 org.test.packetsnifferapp/org.kivy.android.PythonActivity} displayId=0 Callers=com.android.server.wm.RootWindowContainer.updateFocusedWindowLocked:204 com.android.server.wm.WindowManagerService.updateFocusedWindowLocked:6458 com.android.server.wm.WindowManagerService.relayoutWindow:2618 com.android.server.wm.Session.relayout:202 android.view.IWindowSession$Stub.onTransact:716 com.android.server.wm.Session.onTransact:142 
2023-12-03 20:03:39.012  1044-1105  WindowManager           system_server                        I  Focus moving from null to Window{6420bd5 u0 org.test.packetsnifferapp/org.kivy.android.PythonActivity} displayId=0
2023-12-03 20:03:39.012  1044-1105  WindowManager           system_server                        I  Gaining focus: Window{6420bd5 u0 org.test.packetsnifferapp/org.kivy.android.PythonActivity}
2023-12-03 20:03:39.015 19197-19197 ViewRootIm...nActivity] org.test.packetsnifferapp            I  Relayout returned: old=(0,0,1080,2220) new=(0,0,1080,2220) req=(1080,2220)0 dur=7 res=0x7 s={true 496465543168} ch=true
2023-12-03 20:03:39.018   518-571   SurfaceFlinger          surfaceflinger                       I  id=2147 createSurf (0x0),2 flag=4, Bounds for - org.test.packetsnifferapp/org.kivy.android.PythonActivity@0#0
2023-12-03 20:03:39.019   518-571   SurfaceFlinger          surfaceflinger                       I  id=2148 createSurf (1080x2004),4 flag=404, SurfaceView - org.test.packetsnifferapp/org.kivy.android.PythonActivity@9a27b16@0#0
2023-12-03 20:03:39.019   518-571   SurfaceFlinger          surfaceflinger                       I  id=2149 createSurf (0x0),-1 flag=20404, Background for -SurfaceView - org.test.packetsnifferapp/org.kivy.android.PythonActivity@9a27b16@0#0
2023-12-03 20:03:39.020 19197-19197 SurfaceView             org.test.packetsnifferapp            I  surfaceCreated 1 #8 org.libsdl.app.SDLSurface{9a27b16 VFE...... .F....ID 0,0-1080,2004}
2023-12-03 20:03:39.020 19197-19197 SDL                     org.test.packetsnifferapp            V  surfaceCreated()
2023-12-03 20:03:39.020 19197-19197 SurfaceView             org.test.packetsnifferapp            I  surfaceChanged (1080,2004) 1 #8 org.libsdl.app.SDLSurface{9a27b16 VFE...... .F....ID 0,0-1080,2004}
2023-12-03 20:03:39.020 19197-19197 SDL                     org.test.packetsnifferapp            V  surfaceChanged()
2023-12-03 20:03:39.021 19197-19197 SDL                     org.test.packetsnifferapp            V  Window size: 1080x2004
2023-12-03 20:03:39.021 19197-19197 SDL                     org.test.packetsnifferapp            V  Device size: 1080x2220
2023-12-03 20:03:39.026 19197-19197 SensorManager           org.test.packetsnifferapp            D  registerListener :: 1, LSM6DSL Acceleration Sensor, 20000, 0,  
2023-12-03 20:03:39.026 19197-19197 SensorManager           org.test.packetsnifferapp            D  registerListener fail (2) :: 1, LSM6DSL Acceleration Sensor, 20000, 0,  
2023-12-03 20:03:39.026 19197-25829 SDL                     org.test.packetsnifferapp            V  Running main function SDL_main from library /data/app/org.test.packetsnifferapp-0AL5D4gcF1R_frWuP1JaeQ==/lib/arm64/libmain.so
2023-12-03 20:03:39.026 19197-25829 PythonActivity          org.test.packetsnifferapp            V  appConfirmedActive() -> preparing loading screen removal
2023-12-03 20:03:39.026 19197-25829 SDL                     org.test.packetsnifferapp            V  nativeRunMain()
2023-12-03 20:03:39.029 19197-25829 python                  org.test.packetsnifferapp            I  Initializing Python for Android
2023-12-03 20:03:39.029 19197-25829 python                  org.test.packetsnifferapp            I  Setting additional env vars from p4a_env_vars.txt
2023-12-03 20:03:39.030 19197-25829 python                  org.test.packetsnifferapp            I  Changing directory to the one provided by ANDROID_ARGUMENT
2023-12-03 20:03:39.030 19197-25829 python                  org.test.packetsnifferapp            I  /data/user/0/org.test.packetsnifferapp/files/app
2023-12-03 20:03:39.030 19197-25829 python                  org.test.packetsnifferapp            I  Preparing to initialize python
2023-12-03 20:03:39.030 19197-25829 python                  org.test.packetsnifferapp            I  _python_bundle dir exists
2023-12-03 20:03:39.030 19197-25829 python                  org.test.packetsnifferapp            I  calculated paths to be...
2023-12-03 20:03:39.030 19197-25829 python                  org.test.packetsnifferapp            I  /data/user/0/org.test.packetsnifferapp/files/app/_python_bundle/stdlib.zip:/data/user/0/org.test.packetsnifferapp/files/app/_python_bundle/modules
2023-12-03 20:03:39.030 19197-25829 python                  org.test.packetsnifferapp            I  set wchar paths...
2023-12-03 20:03:39.031 19197-25809 mali_winsys             org.test.packetsnifferapp            I  new_window_surface() [1080x2220] return: 0x3000
