--------- beginning of crash
2023-11-23 20:09:37.228  7320-7320  DEBUG                   pid-7320                             A  pid: 6529, tid: 7292, name: RenderThread  >>> org.test.packetsnifferapp <<<
2023-11-26 18:42:51.219 19231-19231 DEBUG                   pid-19231                            A  pid: 17717, tid: 19163, name: Jit thread pool  >>> org.test.packetsnifferapp <<<
--------- beginning of main
--------- beginning of system
2023-11-27 06:20:24.542   885-1077  PackageManager          system_server                        D  EAS IT Policy org.test.packetsnifferapp isPackageSignedByPlatform = false
2023-11-27 06:20:24.555   885-1077  PackageManager          system_server                        D  EAS IT Policy org.test.packetsnifferapp isPackageSignedByPlatform = false
2023-11-27 06:20:24.576 22973-22973 GOS:GameServiceReceiver pid-22973                            I   PkgInstallStarted for org.test.packetsnifferapp UserID : 0
2023-11-27 06:20:24.709 22973-29113 GOS:MainIntentService   pid-22973                            I  onHandleIntent(). changeType(INSTALL_STARTED), packageName(org.test.packetsnifferapp), UserHandle(0), Installed(false)
2023-11-27 06:20:24.712 22973-29113 GOS:SystemEventReactor  pid-22973                            D  onPackageInstallStarted(). packageName: org.test.packetsnifferapp
2023-11-27 06:20:24.738 22973-29113 GOS:SystemEventReactor  pid-22973                            D  addPkgDataFromServer(), packageName : org.test.packetsnifferapp
2023-11-27 06:20:24.739 22973-29113 GOS:PackageUtil         pid-22973                            W  isVrApp(). PackageManager.NameNotFoundException: org.test.packetsnifferapp
2023-11-27 06:20:24.949 22973-29113 GOS:Catego...foDbHelper pid-22973                            D  getCategoryInfo() pc == null: org.test.packetsnifferapp
2023-11-27 06:20:24.949 22973-29113 GOS:NetworkConnector    pid-22973                            D  getSingleCategoryResponse(), packageName : org.test.packetsnifferapp
2023-11-27 06:20:25.294 29095-29095 Finsky                  com.android.vending                  I  [2] ahwz.c(76): VerifyApps: Install-time verification requested for package org.test.packetsnifferapp, id = 8
2023-11-27 06:20:25.439 29095-29123 Finsky                  com.android.vending                  I  [13429] VerifyAppsInstallTask.ald(63): VerifyApps: Anti-malware verification task started for package=org.test.packetsnifferapp
2023-11-27 06:20:26.570 29095-29122 Finsky                  com.android.vending                  I  [13428] ahwd.f(77): VerifyApps: Verification package=org.test.packetsnifferapp, id=8, response=0, upload_requested=false
2023-11-27 06:20:27.356 22973-29113 GOS:NetworkConnector    pid-22973                            D  doDirectly(), Response isSuccessful, responseCode: 200, URL: PRD/v4/packages/org.test.packetsnifferapp, response: {"pkg_name":"org.test.packetsnifferapp", "pkg_type":"unknown"}
2023-11-27 06:20:27.357 22973-29113 GOS:NetworkConnector    pid-22973                            I  getSingleCategoryResponse(), request: PRD/v4/packages/org.test.packetsnifferapp, v4PkgResponse: {"pkg_name":"org.test.packetsnifferapp", "pkg_type":"unknown"}
2023-11-27 06:20:27.359 22973-29113 GOS:DataUpdater         pid-22973                            D  mergePackageAndNotify(), org.test.packetsnifferapp
2023-11-27 06:20:27.388 22973-29113 GOS:SystemEventReactor  pid-22973                            I  addPkgDataFromServer(), A package was added : org.test.packetsnifferapp as undefined
2023-11-27 06:20:49.423   885-1077  PackageManager          system_server                        D  EAS IT Policy org.test.packetsnifferapp isPackageSignedByPlatform = false
2023-11-27 06:20:49.423   885-1077  PackageManager          system_server                        D  EAS IT Policy destCodeFile /data/app/org.test.packetsnifferapp-13s3rWxHAae3DgwMLgb0Ig==
2023-11-27 06:20:50.157   885-1077  BackupManagerService    system_server                        V  restoreAtInstall pkg=org.test.packetsnifferapp token=9 restoreSet=0
2023-11-27 06:20:50.181   885-1018  StorageManagerService   system_server                        I  Not remounting, uid not active: 10636. Package: org.test.packetsnifferapp. Op: 87. Mode: 1
2023-11-27 06:20:50.266   885-885   SDAgentPac...teReceiver system_server                        E  Not going to handle 'org.test.packetsnifferapp'!
2023-11-27 06:20:50.270   885-885   UpdateReceiver          system_server                        D  action : android.intent.action.PACKAGE_ADDED, package:org.test.packetsnifferapp
2023-11-27 06:20:50.274  1410-1410  FaceWidget...dataParser com.android.systemui                 D  updatePackage() org.test.packetsnifferapp true
2023-11-27 06:20:50.275  1410-1410  FaceWidget...dataParser com.android.systemui                 D  removePackage() key = org.test.packetsnifferapp
2023-11-27 06:20:50.278  1552-1633  PackageInfoManager_FLP  com.sec.location.nsflp2              D  action : ACTION_PACKAGE_ADDED, packageName = org.test.packetsnifferapp
2023-11-27 06:20:50.281   885-885   ApplicationPolicy       system_server                        D  packageInstalledForExternalStorage org.test.packetsnifferapp
2023-11-27 06:20:50.282   885-885   ApplicationPolicy       system_server                        D  checkExternalStoragePkg - uid - 1000, key - PackageNameExternalStorageWhiteList, packageName- org.test.packetsnifferapp
2023-11-27 06:20:50.282   885-885   ApplicationPolicy       system_server                        D  checkExternalStoragePkg - uid - 1000, key - PackageNameExternalStorageBlackList, packageName- org.test.packetsnifferapp
2023-11-27 06:20:50.282   885-885   ApplicationPolicy       system_server                        D  checkExternalStoragePkg - uid - 10034, key - PackageNameExternalStorageWhiteList, packageName- org.test.packetsnifferapp
2023-11-27 06:20:50.282   885-885   ApplicationPolicy       system_server                        D  checkExternalStoragePkg - uid - 10034, key - PackageNameExternalStorageBlackList, packageName- org.test.packetsnifferapp
2023-11-27 06:20:50.282   885-885   ApplicationPolicy       system_server                        D  checkExternalStoragePkg - uid - 10236, key - PackageNameExternalStorageWhiteList, packageName- org.test.packetsnifferapp
2023-11-27 06:20:50.283   885-885   ApplicationPolicy       system_server                        D  checkExternalStoragePkg - uid - 10236, key - PackageNameExternalStorageBlackList, packageName- org.test.packetsnifferapp
2023-11-27 06:20:50.284  1552-1633  PermissionManager_FLP   com.sec.location.nsflp2              V  handled onPackageAdded for org.test.packetsnifferapp(DENY)
2023-11-27 06:20:50.289  2705-2705  GsaVoiceInteractionSrv  com....android.googlequicksearchbox  I  O received Intent { act=android.intent.action.PACKAGE_ADDED dat=package:org.test.packetsnifferapp flg=0x4000010 (has extras) }
2023-11-27 06:20:50.298 10042-10042 BeaconMana...10.0.41.0] com.samsung.android.beaconmanager    D  BeaconService.PackageReceiver - action:android.intent.action.PACKAGE_ADDED, package:org.test.packetsnifferapp
2023-11-27 06:20:50.326   885-885   GameManagerService      system_server                        D  identifyGamePackage. org.test.packetsnifferapp, mCurrentUserId: 0, callerUserId: 0
2023-11-27 06:20:50.326   885-885   GamePkgDataHelper       system_server                        D  getGamePkgData(). org.test.packetsnifferapp
2023-11-27 06:20:50.339   885-1279  PkgPredict...PkgManager system_server                        D  user=0  uid=10636 onPackageStatusChange org.test.packetsnifferapp action=android.intent.action.PACKAGE_ADDED
2023-11-27 06:20:50.346   885-885   PersonaMan...ice::Proxy system_server                        I  newPackage is org.test.packetsnifferapp
2023-11-27 06:20:50.349   885-885   KnoxMUMContainerPolicy  system_server                        D  packageInstalledForSBAExternalStorage org.test.packetsnifferapp
2023-11-27 06:20:50.356   885-1306  GameManagerService      system_server                        D  identifyGamePackage. org.test.packetsnifferapp, mCurrentUserId: 0, callerUserId: 0
2023-11-27 06:20:50.356   885-1306  GamePkgDataHelper       system_server                        D  getGamePkgData(). org.test.packetsnifferapp
2023-11-27 06:20:50.398  1369-1369  VVM.VvmPkgInstalledRcvr com.android.phone                    I  onReceive() : action android.intent.action.PACKAGE_ADDED packageName :org.test.packetsnifferapp
2023-11-27 06:20:50.441 29095-29295 Finsky                  com.android.vending                  I  [13498] ba.a(21): Asset module storage cleared for package org.test.packetsnifferapp.
2023-11-27 06:20:50.466   885-1653  BroadcastQueue          system_server                        W  Background execution not allowed: receiving Intent { act=android.intent.action.PACKAGE_ADDED dat=package:org.test.packetsnifferapp flg=0x4000010 (has extras) } to com.google.android.packageinstaller/com.android.packageinstaller.PackageInstalledReceiver
2023-11-27 06:20:50.491   885-1018  BroadcastQueue          system_server                        W  Background execution not allowed: receiving Intent { act=android.intent.action.PACKAGE_ADDED dat=package:org.test.packetsnifferapp flg=0x4000010 (has extras) } to com.android.vending/com.google.android.finsky.packagemonitor.impl.PackageMonitorReceiverImpl$RegisteredReceiver
2023-11-27 06:20:50.496   885-1018  BroadcastQueue          system_server                        W  Background execution not allowed: receiving Intent { act=android.intent.action.PACKAGE_ADDED dat=package:org.test.packetsnifferapp flg=0x4000010 (has extras) } to com.android.vending/com.google.android.finsky.packagemonitor.backgroundimpl.BackgroundPackageMonitorReceiverImpl$RegisteredReceiver
2023-11-27 06:20:50.497   885-1018  BroadcastQueue          system_server                        W  Background execution not allowed: receiving Intent { act=android.intent.action.PACKAGE_ADDED dat=package:org.test.packetsnifferapp flg=0x4000010 (has extras) } to com.facebook.appmanager/com.facebook.oxygen.common.packages.event.manifest.ManifestPackageEventReceiver
2023-11-27 06:20:50.500   885-1018  BroadcastQueue          system_server                        W  Background execution not allowed: receiving Intent { act=android.intent.action.PACKAGE_ADDED dat=package:org.test.packetsnifferapp flg=0x4000010 (has extras) } to com.google.android.gms/.games.chimera.GamesSystemBroadcastReceiverProxy
2023-11-27 06:20:50.513  1369-1369  ImsResolver             com.android.phone                    D  maybeAddedImsService, packageName: org.test.packetsnifferapp
2023-11-27 06:20:50.514   885-1018  BroadcastQueue          system_server                        W  Background execution not allowed: receiving Intent { act=android.intent.action.PACKAGE_ADDED dat=package:org.test.packetsnifferapp flg=0x4000010 (has extras) } to com.google.android.gms/.gass.chimera.PackageChangeBroadcastReceiver
2023-11-27 06:20:50.524   885-1042  MARsPolicyManager       system_server                        V  onPackageStatusChange packageName = org.test.packetsnifferapp, uid = 10636
2023-11-27 06:20:50.530   885-1018  BroadcastQueue          system_server                        W  Background execution not allowed: receiving Intent { act=android.intent.action.PACKAGE_ADDED dat=package:org.test.packetsnifferapp flg=0x4000010 (has extras) } to com.google.android.gms/.chimera.GmsIntentOperationService$PersistentTrustedReceiver
2023-11-27 06:20:50.531   885-1018  BroadcastQueue          system_server                        W  Background execution not allowed: receiving Intent { act=android.intent.action.PACKAGE_ADDED dat=package:org.test.packetsnifferapp flg=0x4000010 (has extras) } to com.google.android.googlequicksearchbox/com.google.android.apps.gsa.googlequicksearchbox.GelStubAppWatcher
2023-11-27 06:20:50.535   885-1018  BroadcastQueue          system_server                        W  Background execution not allowed: receiving Intent { act=android.intent.action.PACKAGE_ADDED dat=package:org.test.packetsnifferapp flg=0x4000010 (has extras) } to com.samsung.android.app.taskedge/.edgepanel.TaskEdgePanelProvider
2023-11-27 06:20:50.540  6004-29358 GCM                     com.google.android.gms.persistent    W  Unexpected forwarded intent: Intent { act=android.intent.action.PACKAGE_ADDED dat=package:org.test.packetsnifferapp flg=0x4000010 pkg=com.google.android.gms cmp=com.google.android.gms/.chimera.PersistentIntentOperationService (has extras) }
2023-11-27 06:20:50.543   885-885   DomainFilter            system_server                        I  onReceive() - Intent { act=android.intent.action.PACKAGE_ADDED dat=package:org.test.packetsnifferapp flg=0x4000010 (has extras) }
2023-11-27 06:20:50.544   885-1018  BroadcastQueue          system_server                        W  Background execution not allowed: receiving Intent { act=android.intent.action.PACKAGE_ADDED dat=package:org.test.packetsnifferapp flg=0x4000010 (has extras) } to com.samsung.android.sm.devicesecurity/.PackageReceiver
2023-11-27 06:20:50.545   885-885   DomainFilter            system_server                        I  packageAdded() - packageName: org.test.packetsnifferapp, uid: 0
2023-11-27 06:20:50.549 29095-29095 Finsky                  com.android.vending                  I  [2] khe.f(9): AIM: AppInfoCacheUpdater -> invalidating apps: [org.test.packetsnifferapp]
2023-11-27 06:20:50.551  6004-29368 GCM                     com.google.android.gms.persistent    W  Unexpected forwarded intent: Intent { act=android.intent.action.PACKAGE_ADDED dat=package:org.test.packetsnifferapp flg=0x4000010 pkg=com.google.android.gms cmp=com.google.android.gms/.chimera.PersistentIntentOperationService (has extras) }
2023-11-27 06:20:50.555   885-1018  BroadcastQueue          system_server                        W  Background execution not allowed: receiving Intent { act=android.intent.action.PACKAGE_ADDED dat=package:org.test.packetsnifferapp flg=0x4000010 (has extras) } to com.sec.android.app.samsungapps/.receiver.PackageAddedReceiver
2023-11-27 06:20:50.556   885-1018  BroadcastQueue          system_server                        W  Background execution not allowed: receiving Intent { act=android.intent.action.PACKAGE_ADDED dat=package:org.test.packetsnifferapp flg=0x4000010 (has extras) } to com.sec.android.app.soundalive/.SAControlPanelReceiver
2023-11-27 06:20:50.595 29095-29132 Finsky                  com.android.vending                  I  [13438] kix.a(55): AIM: AppInfoManager-Perf > OnDeviceAppInfo > cacheHitCount=0, cacheMissCount=1. Missed  in cache (limit 10) : [org.test.packetsnifferapp]
2023-11-27 06:20:50.735 29095-29095 Finsky                  com.android.vending                  I  [2] VerifyInstallTask.alc(58): VerifyApps: Verification complete: id=8, package_name=org.test.packetsnifferapp
2023-11-27 06:20:51.239 29373-29414 SmProvider              pid-29373                            D  inserted  : org.test.packetsnifferapp / 10636 rowId=573
2023-11-27 06:20:51.245   885-1043  MARsDBManager           system_server                        D  doInsertPkg org.test.packetsnifferapp uri = content://com.samsung.android.sm/ForcedAppStandby/573
2023-11-27 06:20:51.382   885-1632  BroadcastQueue          system_server                        W  Background execution not allowed: receiving Intent { act=android.intent.action.PACKAGE_ADDED dat=package:org.test.packetsnifferapp flg=0x4000010 (has extras) } to com.sec.imsservice/com.sec.internal.ims.imsservice.ImsIntentReceiver
2023-11-27 06:20:51.505   885-2761  ActivityTaskManager     system_server                        I  START u0 {act=android.intent.action.MAIN cat=[android.intent.category.LAUNCHER] flg=0x10000000 pkg=org.test.packetsnifferapp cmp=org.test.packetsnifferapp/org.kivy.android.PythonActivity} from uid 10039
2023-11-27 06:20:51.528   511-563   SurfaceFlinger          surfaceflinger                       I  id=2289 createSurf (0x0),-1 flag=80004, AppWindowToken{78d32ac token=Token{afc885f ActivityRecord{1efa8fe u0 org.test.packetsnifferapp/org.kivy.android.PythonActivity t2109}}}#0
2023-11-27 06:20:51.536   885-1008  GameSDK@LifeCycle       system_server                        D  onFocusedStackChanged(): focusedStackInfo: Stack id=51 bounds=[0,0][1080,2220] displayId=0 userId=0
                                                                                                     configuration={1.0 ?mcc?mnc [en_GB,fr_FR,sk_SK] ldltr sw360dp w360dp h668dp 480dpi nrml long port finger -keyb/v/h -nav/h winConfig={ mBounds=Rect(0, 0 - 1080, 2220) mAppBounds=Rect(0, 0 - 1080, 2076) mWindowingMode=fullscreen mDisplayWindowingMode=fullscreen mActivityType=standard mAlwaysOnTop=undefined mRotation=ROTATION_0} s.86 desktop/d ?dc bts=0 ff=0 bf=0 themeSeq=0}
                                                                                                      taskId=2109: org.test.packetsnifferapp/org.kivy.android.PythonActivity bounds=[0,0][1080,2220] userId=0 visible=true topActivity=ComponentInfo{org.test.packetsnifferapp/org.kivy.android.PythonActivity}
2023-11-27 06:20:51.540   885-1008  GameSDK@LifeCycle       system_server                        D  onFocusedPackageChanged(): newPkgName: org.test.packetsnifferapp, newPid: -999
2023-11-27 06:20:51.541   885-1008  GameManagerService      system_server                        D  getForegroundPair(), state=0, bounds=[0,0][1080,2220], displayId=0, userId=0, taskName=org.test.packetsnifferapp/org.kivy.android.PythonActivity
2023-11-27 06:20:51.542   885-1008  GameManagerService      system_server                        D  MultiWindowEventListener.onFocusedStackChanged(), pkgName: org.test.packetsnifferapp, clsName: org.kivy.android.PythonActivity, fgActivityName:org.test.packetsnifferapp/org.kivy.android.PythonActivity, userID:0
2023-11-27 06:20:51.554   885-1009  PhoneWindow             system_server                        D  forceLight changed to true [Splash Screen org.test.packetsnifferapp] from com.android.internal.policy.PhoneWindow.updateForceLightNavigationBar:4274 com.android.internal.policy.DecorView.updateColorViews:1547 com.android.internal.policy.PhoneWindow.dispatchWindowAttributesChanged:3252 android.view.Window.setFlags:1153 com.android.internal.policy.PhoneWindow.generateLayout:2474 
2023-11-27 06:20:51.558   511-2153  SurfaceFlinger          surfaceflinger                       I  id=2290 createSurf (0x0),-1 flag=80004, 798cd09 Splash Screen org.test.packetsnifferapp#0
2023-11-27 06:20:51.563   885-1008  ApplicationPolicy       system_server                        I  isApplicationExternalStorageWhitelisted:org.test.packetsnifferapp user:0
2023-11-27 06:20:51.563   885-1008  ActivityManager         system_server                        D  package  org.test.packetsnifferapp, user - 0 is SDcard whitelisted
2023-11-27 06:20:51.563   885-1008  ApplicationPolicy       system_server                        I  isApplicationExternalStorageBlacklisted:org.test.packetsnifferapp user:0
2023-11-27 06:20:51.564   885-1008  ApplicationPolicy       system_server                        I  isApplicationExternalStorageBlacklisted:org.test.packetsnifferapp user:0
2023-11-27 06:20:51.578   885-1009  WindowManager           system_server                        V  Relayout Window{798cd09 u0 Splash Screen org.test.packetsnifferapp}: viewVisibility=0 req=1080x2220
2023-11-27 06:20:51.580   885-1019  ActivityManager         system_server                        I  Start proc 12012:org.test.packetsnifferapp/u0a636 for activity {org.test.packetsnifferapp/org.kivy.android.PythonActivity}
2023-11-27 06:20:51.586   511-1207  SurfaceFlinger          surfaceflinger                       I  id=2291 createSurf (1080x2220),1 flag=404, Splash Screen org.test.packetsnifferapp#0
2023-11-27 06:20:51.587   885-1009  WindowManager           system_server                        D  makeSurface duration=2 name=Splash Screen org.test.packetsnifferapp
2023-11-27 06:20:51.657   885-1009  WindowManager           system_server                        D  finishDrawingWindow: Window{798cd09 u0 Splash Screen org.test.packetsnifferapp} mDrawState=DRAW_PENDING
2023-11-27 06:20:51.660   885-1009  WindowManager           system_server                        V  performShow on Window{798cd09 u0 Splash Screen org.test.packetsnifferapp}: mDrawState=READY_TO_SHOW readyForDisplay=false starting=true during animation: policyVis=true parentHidden=false tok.hiddenRequested=false tok.hidden=true animating=true tok animating=true Callers=com.android.server.wm.WindowState.performShowLocked:4819 com.android.server.wm.WindowStateAnimator.commitFinishDrawingLocked:415 com.android.server.wm.DisplayContent.lambda$new$8$DisplayContent:1026 com.android.server.wm.-$$Lambda$DisplayContent$qxt4izS31fb0LF2uo_OF9DMa7gc.accept:4 
2023-11-27 06:20:51.679   885-2777  ActivityManager         system_server                        I  DSS OFF for org.test.packetsnifferapp
2023-11-27 06:20:51.688   885-2777  WindowManager           system_server                        V  performShow on Window{798cd09 u0 Splash Screen org.test.packetsnifferapp}: mDrawState=READY_TO_SHOW readyForDisplay=false starting=true during animation: policyVis=true parentHidden=false tok.hiddenRequested=false tok.hidden=true animating=true tok animating=true Callers=com.android.server.wm.WindowState.performShowLocked:4819 com.android.server.wm.WindowStateAnimator.commitFinishDrawingLocked:415 com.android.server.wm.DisplayContent.lambda$new$8$DisplayContent:1026 com.android.server.wm.-$$Lambda$DisplayContent$qxt4izS31fb0LF2uo_OF9DMa7gc.accept:4 
2023-11-27 06:20:51.691   885-2777  GamePkgDataHelper       system_server                        D  notifyAppCreate(), pkgName: org.test.packetsnifferapp, sendRet: true
2023-11-27 06:20:51.691   885-1335  GameManagerService      system_server                        D  onLooperPrepared(), msg: { when=0 what=10010 obj=org.test.packetsnifferapp target=com.samsung.android.game.GameManagerService$FgCheckThread$1 }
2023-11-27 06:20:51.691   885-1335  GameManagerService      system_server                        D  handleMessage(), received MSG_APP_CREATE of pkgName: org.test.packetsnifferapp
2023-11-27 06:20:51.691   885-2777  MARsPolicyManager       system_server                        D  onPackageResumedFG pkgName = org.test.packetsnifferapp, userId = 0
2023-11-27 06:20:51.696   885-1009  WindowManager           system_server                        V  performShow on Window{798cd09 u0 Splash Screen org.test.packetsnifferapp}: mDrawState=READY_TO_SHOW readyForDisplay=false starting=true during animation: policyVis=true parentHidden=false tok.hiddenRequested=false tok.hidden=true animating=true tok animating=true Callers=com.android.server.wm.WindowState.performShowLocked:4819 com.android.server.wm.WindowStateAnimator.commitFinishDrawingLocked:415 com.android.server.wm.DisplayContent.lambda$new$8$DisplayContent:1026 com.android.server.wm.-$$Lambda$DisplayContent$qxt4izS31fb0LF2uo_OF9DMa7gc.accept:4 
2023-11-27 06:20:51.721   885-1009  WindowManager           system_server                        I  Reparenting to leash, surface=Surface(name=AppWindowToken{78d32ac token=Token{afc885f ActivityRecord{1efa8fe u0 org.test.packetsnifferapp/org.kivy.android.PythonActivity t2109}}})/@0xe095320
2023-11-27 06:20:51.722   511-563   SurfaceFlinger          surfaceflinger                       I  id=2304 createSurf (0x0),-1 flag=80004, Surface(name=AppWindowToken{78d32ac token=Token{afc885f ActivityRecord{1efa8fe u0 org.test.packetsnifferapp/org.kivy.android.PythonActivity t2109}}})/@0xe095320 - animation-leash#0
2023-11-27 06:20:51.723   885-1009  WindowManager           system_server                        D  makeSurface duration=2 leash=Surface(name=Surface(name=AppWindowToken{78d32ac token=Token{afc885f ActivityRecord{1efa8fe u0 org.test.packetsnifferapp/org.kivy.android.PythonActivity t2109}}})/@0xe095320 - animation-leash)/@0xc0c54d9
2023-11-27 06:20:51.723   511-563   SurfaceFlinger          surfaceflinger                       I  id=2305 createSurf (0x0),-1 flag=80004, Surface(name=AppWindowToken{78d32ac token=Token{afc885f ActivityRecord{1efa8fe u0 org.test.packetsnifferapp/org.kivy.android.PythonActivity t2109}}})/@0xe095320 - animation-bounds#0
2023-11-27 06:20:51.727   885-1306  WifiTransportLayerUtils system_server                        W  getApplicationCategory - IOException org.test.packetsnifferapp
2023-11-27 06:20:51.772   885-1006  WindowManager           system_server                        D  setSystemUiVisibility: displayId=0, vis=0x8018, fullVis=0x0, dockVis=0x0, win=Window{798cd09 u0 Splash Screen org.test.packetsnifferapp}
2023-11-27 06:20:51.791   885-1008  GameManagerService      system_server                        D  noteResumeComponent(), received resumed-component: org.test.packetsnifferapp
2023-11-27 06:20:51.792   885-1008  GamePkgDataHelper       system_server                        D  getSosPolicy(). org.test.packetsnifferapp
2023-11-27 06:20:51.792   885-1335  GameManagerService      system_server                        D  onLooperPrepared(), msg: { when=0 what=10000 obj=ComponentInfo{org.test.packetsnifferapp/org.kivy.android.PythonActivity} target=com.samsung.android.game.GameManagerService$FgCheckThread$1 }
2023-11-27 06:20:51.792   885-1335  GameManagerService      system_server                        D  notifyResumePause(). of pkg: org.test.packetsnifferapp, type: 4, isMinimized: false, isTunableApp: false
2023-11-27 06:20:51.792   885-1008  GameManagerService      system_server                        D  identifyGamePackage. org.test.packetsnifferapp, mCurrentUserId: 0, callerUserId: 0
2023-11-27 06:20:51.792   885-1008  GamePkgDataHelper       system_server                        D  getGamePkgData(). org.test.packetsnifferapp
2023-11-27 06:20:51.793   885-1008  GameManagerService      system_server                        D  identifyGamePackage. org.test.packetsnifferapp, mCurrentUserId: 0, callerUserId: 0
2023-11-27 06:20:51.793   885-1008  GamePkgDataHelper       system_server                        D  getGamePkgData(). org.test.packetsnifferapp
2023-11-27 06:20:51.796   885-2882  GamePkgDataHelper       system_server                        D  getSosPolicy(). org.test.packetsnifferapp
2023-11-27 06:20:51.801   885-1006  CodecSolution           system_server                        D  isMaxAspectPackageEx: org.test.packetsnifferapp : true(2)
2023-11-27 06:20:51.802   885-1279  PkgPredictorService     system_server                        D  org.test.packetsnifferapp go to foreground!
2023-11-27 06:20:51.802   885-1279  PkgPredictorService     system_server                        D  previous pkgs: org.test.packetsnifferapp,com.android.chrome,com.teslacoilsw.launcher running pkg: org.test.packetsnifferapp, uid: 0 is system: false
2023-11-27 06:20:51.802   885-1279  PkgPredict...-Collector system_server                        D  save record...
                                                                                                     (hour:6 day:2 previous:[org.test.packetsnifferapp, com.android.chrome, com.teslacoilsw.launcher] activityName:unknown running:org.test.packetsnifferapp userId:0 screenOrientation:0 wifi:1 bt:0 predictTime:3 apkVersion:0.3 consumeTime:-1 preloaded:false>)
2023-11-27 06:20:51.802   885-1279  PkgPredict...Controller system_server                        D  User using: org.test.packetsnifferapp
2023-11-27 06:20:51.816   511-511   SurfaceFlinger          surfaceflinger                       I   0.0 1086.0  599.0 |    0  737 1080 1337 | com.google.android.packageinstaller/[...]ageinstaller.InstallSuccess$_11093#0
                                                                                                     SOLID_COLOR |              | 0004 |  Unknown  |   0.0    0.0    0.0    0.0 |    0    0 1080 2220 | Dim Layer for - Task=2108#2
                                                                                                         DEVICE | 0x73a70ada80 | 0002 | RGBA_8888 |   0.0    0.0 1080.0 2047.0 |    0  173 1080 2220 | Splash Screen org.test.packetsnifferapp#0
                                                                                                         DEVICE | 0x73a70adf80 | 0000 | RGBA_8888 |   0.0    0.0 1080.0   72.0 |    0    0 1080   72 | StatusBar$_1410#0
                                                                                                         DEVICE | 0x7389805300 | 0000 | RGBA_8888 |   0.0    0.0   67.0  342.0 | 1013  416 1080  758 | com.samsung.android.app.cocktailbars[...]arservice.CocktailBarService$_5367#0
                                                                                                         DEVICE | 0x738848c640 | 0000 | RGBA_8888 |   0.0    0.0 1080.0  144.0 |    0 2076 1080 2220 | NavigationBar0$_1410#0
2023-11-27 06:20:51.855   511-511   SurfaceFlinger          surfaceflinger                       I  ash Screen org.test.packetsnifferapp#0
                                                                                                         DEVICE | 0x73a70adf80 | 0000 | RGBA_8888 |   0.0    0.0 1080.0   72.0 |    0    0 1080   72 | StatusBar$_1410#0
                                                                                                         DEVICE | 0x7389805300 | 0000 | RGBA_8888 |   0.0    0.0   67.0  342.0 | 1013  416 1080  758 | com.samsung.android.app.cocktailbars[...]arservice.CocktailBarService$_5367#0
                                                                                                         DEVICE | 0x738848c640 | 0000 | RGBA_8888 |   0.0    0.0 1080.0  144.0 |    0 2076 1080 2220 | NavigationBar0$_1410#0
2023-11-27 06:20:51.932   885-1438  MdnieScena...rolService system_server                        D   packageName : org.test.packetsnifferapp    className : org.kivy.android.PythonActivity
2023-11-27 06:20:51.945   511-563   SurfaceFlinger          surfaceflinger                       I  id=2309 createSurf (0x0),-1 flag=80004, 55d1e03 org.test.packetsnifferapp/org.kivy.android.PythonActivity#0
2023-11-27 06:20:51.959   885-1217  WindowManager           system_server                        V  Relayout Window{55d1e03 u0 org.test.packetsnifferapp/org.kivy.android.PythonActivity}: viewVisibility=0 req=1080x2220
2023-11-27 06:20:51.961   511-564   SurfaceFlinger          surfaceflinger                       I  id=2310 createSurf (1080x2220),1 flag=404, org.test.packetsnifferapp/org.kivy.android.PythonActivity$_12012#0
2023-11-27 06:20:51.961   885-1217  WindowManager           system_server                        D  makeSurface duration=1 name=org.test.packetsnifferapp/org.kivy.android.PythonActivity$_12012
2023-11-27 06:20:51.962   885-1217  WindowManager           system_server                        V  Changing focus from null to Window{55d1e03 u0 org.test.packetsnifferapp/org.kivy.android.PythonActivity} displayId=0 Callers=com.android.server.wm.RootWindowContainer.updateFocusedWindowLocked:204 com.android.server.wm.WindowManagerService.updateFocusedWindowLocked:6458 com.android.server.wm.WindowManagerService.relayoutWindow:2618 com.android.server.wm.Session.relayout:202 android.view.IWindowSession$Stub.onTransact:716 com.android.server.wm.Session.onTransact:142 
2023-11-27 06:20:51.962   885-1008  WindowManager           system_server                        I  Focus moving from null to Window{55d1e03 u0 org.test.packetsnifferapp/org.kivy.android.PythonActivity} displayId=0
2023-11-27 06:20:51.962   885-1008  WindowManager           system_server                        I  Gaining focus: Window{55d1e03 u0 org.test.packetsnifferapp/org.kivy.android.PythonActivity}
2023-11-27 06:20:51.974   511-511   SurfaceFlinger          surfaceflinger                       I  Display 0 HWC layers:
                                                                                                        type    |    handle    | flag |  format   |   source crop (l,t,r,b)    |         frame       | name 
                                                                                                    ------------+--------------+------+-----------+----------------------------+---------------------+------
                                                                                                         DEVICE | 0x7389806980 | 0002 | RGBA_8888 |   0.0   66.0 1080.0 2220.0 |    0    0 1080 2155 | com.android.chrome/org.chromium.chro[...]wnload.home.DownloadActivity$_4214#0
                                                                                                     SOLID_COLOR |              | 0004 |  Unknown  |   0.0    0.0    0.0    0.0 |    0    0 1080 2220 | Dim Layer for - Task=2108#1
                                                                                                     SOLID_COLOR |              | 0004 |  Unknown  |   0.0    0.0    0.0    0.0 |    0    0 1080 2220 | Dim Layer for - Task=2108#0
                                                                                                     SOLID_COLOR |              | 0004 |  Unknown  |   0.0    0.0    0.0    0.0 |    0    0 1080 2220 | Dim Layer for - Task=2108#2
                                                                                                         DEVICE | 0x73a70ada80 | 0002 | RGBA_8888 |   0.0    0.0 1080.0 2198.0 |    0   22 1080 2220 | Splash Screen org.test.packetsnifferapp#0
                                                                                                         DEVICE | 0x73a70adf80 | 0000 | RGBA_8888 |   0.0    0.0 1080.0   72.0 |    0    0 10
2023-11-27 06:20:52.022   511-511   SurfaceFlinger          surfaceflinger                       I  Display 0 HWC layers:
                                                                                                        type    |    handle    | flag |  format   |   source crop (l,t,r,b)    |         frame       | name 
                                                                                                    ------------+--------------+------+-----------+----------------------------+---------------------+------
                                                                                                         DEVICE | 0x7389806980 | 0002 | RGBA_8888 |   0.0   68.0 1080.0 2220.0 |    0    0 1080 2153 | com.android.chrome/org.chromium.chro[...]wnload.home.DownloadActivity$_4214#0
                                                                                                     SOLID_COLOR |              | 0004 |  Unknown  |   0.0    0.0    0.0    0.0 |    0    0 1080 2220 | Dim Layer for - Task=2108#1
                                                                                                     SOLID_COLOR |              | 0004 |  Unknown  |   0.0    0.0    0.0    0.0 |    0    0 1080 2220 | Dim Layer for - Task=2108#2
                                                                                                         DEVICE | 0x73a70ada80 | 0002 | RGBA_8888 |   0.0    0.0 1080.0 2210.0 |    0   10 1080 2220 | Splash Screen org.test.packetsnifferapp#0
                                                                                                         DEVICE | 0x73a70adf80 | 0000 | RGBA_8888 |   0.0    0.0 1080.0   72.0 |    0    0 1080   72 | StatusBar$_1410#0
                                                                                                         DEVICE | 0x7389805300 | 0000 | RGBA_8888 |   0.0    0.0   67.0  342.0 | 1013  416 1080  758 | c
2023-11-27 06:20:52.124   885-1009  WindowManager           system_server                        I  Reparenting to original parent: Surface(name=Task=2109)/@0xe1c24d6, destroyLeash=true, surface=Surface(name=AppWindowToken{78d32ac token=Token{afc885f ActivityRecord{1efa8fe u0 org.test.packetsnifferapp/org.kivy.android.PythonActivity t2109}}})/@0xe095320
2023-11-27 06:20:52.126   511-564   Layer                   surfaceflinger                       I  id=2289 removeFromCurrentState AppWindowToken{78d32ac token=Token{afc885f ActivityRecord{1efa8fe u0 org.test.packetsnifferapp/org.kivy.android.PythonActivity t2109}}}#0 (98)
2023-11-27 06:20:52.126   511-564   Layer                   surfaceflinger                       I  id=2291 removeFromCurrentState Splash Screen org.test.packetsnifferapp#0 (98)
2023-11-27 06:20:52.126   511-564   Layer                   surfaceflinger                       I  id=2304 removeFromCurrentState Surface(name=AppWindowToken{78d32ac token=Token{afc885f ActivityRecord{1efa8fe u0 org.test.packetsnifferapp/org.kivy.android.PythonActivity t2109}}})/@0xe095320 - animation-leash#0 (98)
2023-11-27 06:20:52.126   511-564   Layer                   surfaceflinger                       I  id=2305 removeFromCurrentState Surface(name=AppWindowToken{78d32ac token=Token{afc885f ActivityRecord{1efa8fe u0 org.test.packetsnifferapp/org.kivy.android.PythonActivity t2109}}})/@0xe095320 - animation-bounds#0 (98)
2023-11-27 06:20:52.126   511-564   Layer                   surfaceflinger                       I  id=2309 removeFromCurrentState 55d1e03 org.test.packetsnifferapp/org.kivy.android.PythonActivity#0 (98)
2023-11-27 06:20:52.126   511-564   Layer                   surfaceflinger                       I  id=2310 removeFromCurrentState org.test.packetsnifferapp/org.kivy.android.PythonActivity$_12012#0 (98)
2023-11-27 06:20:52.126   511-564   Layer                   surfaceflinger                       I  id=2290 removeFromCurrentState 798cd09 Splash Screen org.test.packetsnifferapp#0 (98)
2023-11-27 06:20:52.126   511-564   Layer                   surfaceflinger                       I  id=2304 removeFromCurrentState Surface(name=AppWindowToken{78d32ac token=Token{afc885f ActivityRecord{1efa8fe u0 org.test.packetsnifferapp/org.kivy.android.PythonActivity t2109}}})/@0xe095320 - animation-leash#0 (98)
2023-11-27 06:20:52.127   511-2153  SurfaceFlinger          surfaceflinger                       I  id=2305 Removed Surface(name=AppWindowToken{78d32ac token=Token{afc885f ActivityRecord{1efa8fe u0 org.test.packetsnifferapp/org.kivy.android.PythonActivity t2109}}})/@0xe095320 - animation-bounds#0 (98)
2023-11-27 06:20:52.127   511-564   SurfaceFlinger          surfaceflinger                       I  id=2304 Removed Surface(name=AppWindowToken{78d32ac token=Token{afc885f ActivityRecord{1efa8fe u0 org.test.packetsnifferapp/org.kivy.android.PythonActivity t2109}}})/@0xe095320 - animation-leash#0 (98)
2023-11-27 06:20:52.139   511-511   SurfaceFlinger          surfaceflinger                       I  Display 0 HWC layers:
                                                                                                        type    |    handle    | flag |  format   |   source crop (l,t,r,b)    |         frame       | name 
                                                                                                    ------------+--------------+------+-----------+----------------------------+---------------------+------
                                                                                                         DEVICE | 0x73a70ada80 | 0002 | RGBA_8888 |   0.0    0.0 1080.0 2220.0 |    0    0 1080 2220 | Splash Screen org.test.packetsnifferapp#0
                                                                                                         DEVICE | 0x73a70adf80 | 0000 | RGBA_8888 |   0.0    0.0 1080.0   72.0 |    0    0 1080   72 | StatusBar$_1410#0
                                                                                                         DEVICE | 0x7389805300 | 0000 | RGBA_8888 |   0.0    0.0   67.0  342.0 | 1013  416 1080  758 | com.samsung.android.app.cocktailbars[...]arservice.CocktailBarService$_5367#0
                                                                                                         DEVICE | 0x738848ca00 | 0000 | RGBA_8888 |   0.0    0.0 1080.0  144.0 |    0 2076 1080 2220 | NavigationBar0$_1410#0
2023-11-27 06:20:52.140   511-511   Layer                   surfaceflinger                       I  id=2305[1] Destroyed Surface(name=AppWindowToken{78d32ac token=Token{afc885f ActivityRecord{1efa8fe u0 org.test.packetsnifferapp/org.kivy.android.PythonActivity t2109}}})/@0xe095320 - animation-bounds#0
2023-11-27 06:20:52.140   511-511   Layer                   surfaceflinger                       I  id=2304[1] Destroyed Surface(name=AppWindowToken{78d32ac token=Token{afc885f ActivityRecord{1efa8fe u0 org.test.packetsnifferapp/org.kivy.android.PythonActivity t2109}}})/@0xe095320 - animation-leash#0
2023-11-27 06:20:52.286   885-2761  WindowManager           system_server                        D  finishDrawingWindow: Window{55d1e03 u0 org.test.packetsnifferapp/org.kivy.android.PythonActivity} mDrawState=DRAW_PENDING
2023-11-27 06:20:52.291   885-1009  PkgPredictorService     system_server                        D  pkg:org.test.packetsnifferapp activity:org.kivy.android.PythonActivity thisTime:787
2023-11-27 06:20:52.292 12012-12012 InputMethodManager      pid-12012                            V  Starting input: tba=org.test.packetsnifferapp ic=null mNaviBarColor -855310 mIsGetNaviBarColorSuccess true , NavVisible : true , NavTrans : false
2023-11-27 06:20:52.298   885-1009  WindowManager           system_server                        I  Reparenting to leash, surface=Surface(name=798cd09 Splash Screen org.test.packetsnifferapp)/@0x2ae27
2023-11-27 06:20:52.299   511-563   SurfaceFlinger          surfaceflinger                       I  id=2311 createSurf (0x0),-1 flag=80004, Surface(name=798cd09 Splash Screen org.test.packetsnifferapp)/@0x2ae27 - animation-leash#0
2023-11-27 06:20:52.299   885-1009  WindowManager           system_server                        D  makeSurface duration=0 leash=Surface(name=Surface(name=798cd09 Splash Screen org.test.packetsnifferapp)/@0x2ae27 - animation-leash)/@0x8446ebe
2023-11-27 06:20:52.311   885-1508  WindowManager           system_server                        D  finishDrawingWindow: Window{55d1e03 u0 org.test.packetsnifferapp/org.kivy.android.PythonActivity} mDrawState=HAS_DRAWN
2023-11-27 06:20:52.311 12012-12012 InputMethodManager      pid-12012                            V  Starting input: tba=org.test.packetsnifferapp ic=null mNaviBarColor -855310 mIsGetNaviBarColorSuccess true , NavVisible : true , NavTrans : false
2023-11-27 06:20:52.344   885-1006  CodecSolution           system_server                        D  isMaxAspectPackageEx: org.test.packetsnifferapp : true(2)
2023-11-27 06:20:52.354   885-1009  WindowManager           system_server                        I  Reparenting to original parent: Surface(name=AppWindowToken{78d32ac token=Token{afc885f ActivityRecord{1efa8fe u0 org.test.packetsnifferapp/org.kivy.android.PythonActivity t2109}}})/@0xe095320, destroyLeash=true, surface=Surface(name=798cd09 Splash Screen org.test.packetsnifferapp)/@0x2ae27
2023-11-27 06:20:52.355   885-1009  WindowManager           system_server                        E  win=Window{798cd09 u0 Splash Screen org.test.packetsnifferapp EXITING} destroySurfaces: appStopped=false win.mWindowRemovalAllowed=true win.mRemoveOnExit=true win.mViewVisibility=0 caller=com.android.server.wm.AppWindowToken.destroySurfaces:1249 com.android.server.wm.AppWindowToken.destroySurfaces:1230 com.android.server.wm.WindowState.onExitAnimationDone:5189 com.android.server.wm.WindowStateAnimator.onAnimationFinished:320 com.android.server.wm.WindowState.onAnimationFinished:5630 com.android.server.wm.-$$Lambda$yVRF8YoeNdTa8GR1wDStVsHu8xM.run:2 com.android.server.wm.SurfaceAnimator.lambda$getFinishedCallback$0$SurfaceAnimator:100 
2023-11-27 06:20:52.355   885-1009  WindowManager           system_server                        I  Destroying surface Surface(name=Splash Screen org.test.packetsnifferapp)/@0x19635e2 called by com.android.server.wm.WindowStateAnimator.destroySurface:1834 com.android.server.wm.WindowStateAnimator.destroySurfaceLocked:733 com.android.server.wm.WindowState.destroySurfaceUnchecked:3649 com.android.server.wm.WindowState.destroySurface:3623 com.android.server.wm.AppWindowToken.destroySurfaces:1249 com.android.server.wm.AppWindowToken.destroySurfaces:1230 com.android.server.wm.WindowState.onExitAnimationDone:5189 com.android.server.wm.WindowStateAnimator.onAnimationFinished:320 
2023-11-27 06:20:52.355   511-2434  Layer                   surfaceflinger                       I  id=2291 removeFromCurrentState Splash Screen org.test.packetsnifferapp#0 (87)
2023-11-27 06:20:52.356   511-563   Layer                   surfaceflinger                       I  id=2290 removeFromCurrentState 798cd09 Splash Screen org.test.packetsnifferapp#0 (87)
2023-11-27 06:20:52.356   511-563   Layer                   surfaceflinger                       I  id=2311 removeFromCurrentState Surface(name=798cd09 Splash Screen org.test.packetsnifferapp)/@0x2ae27 - animation-leash#0 (87)
2023-11-27 06:20:52.356   511-511   SurfaceFlinger          surfaceflinger                       I  Display 0 HWC layers:
                                                                                                        type    |    handle    | flag |  format   |   source crop (l,t,r,b)    |         frame       | name 
                                                                                                    ------------+--------------+------+-----------+----------------------------+---------------------+------
                                                                                                         DEVICE | 0x73a70af740 | 0002 | RGBA_8888 |   0.0    0.0 1080.0 2220.0 |    0    0 1080 2220 | org.test.packetsnifferapp/org.kivy.android.PythonActivity$_12012#0
                                                                                                         DEVICE | 0x73a70ada80 | 0002 | RGBA_8888 |   0.0    0.0 1080.0 2220.0 |    0    0 1080 2220 | Splash Screen org.test.packetsnifferapp#0
                                                                                                         DEVICE | 0x73a70adf80 | 0000 | RGBA_8888 |   0.0    0.0 1080.0   72.0 |    0    0 1080   72 | StatusBar$_1410#0
                                                                                                         DEVICE | 0x7389805300 | 0000 | RGBA_8888 |   0.0    0.0   67.0  342.0 | 1013  416 1080  758 | com.samsung.android.app.cocktailbars[...]arservice.CocktailBarService$_5367#0
                                                                                                         DEVICE | 0x738848ca00 | 0000 | RGBA_8888 |   0.0    0.0 1080.0  144.0 |    0 2076 1080 2220 | NavigationBar0$_1410#0
2023-11-27 06:20:52.358   511-564   SurfaceFlinger          surfaceflinger                       I  id=2290 Removed 798cd09 Splash Screen org.test.packetsnifferapp#0 (86)
2023-11-27 06:20:52.358   511-2434  SurfaceFlinger          surfaceflinger                       I  id=2311 Removed Surface(name=798cd09 Splash Screen org.test.packetsnifferapp)/@0x2ae27 - animation-leash#0 (86)
2023-11-27 06:20:52.358   511-2434  SurfaceFlinger          surfaceflinger                       I  id=2291 Removed Splash Screen org.test.packetsnifferapp#0 (86)
2023-11-27 06:20:52.363   511-511   SurfaceFlinger          surfaceflinger                       I  Display 0 HWC layers:
                                                                                                        type    |    handle    | flag |  format   |   source crop (l,t,r,b)    |         frame       | name 
                                                                                                    ------------+--------------+------+-----------+----------------------------+---------------------+------
                                                                                                         DEVICE | 0x73a70af740 | 0002 | RGBA_8888 |   0.0    0.0 1080.0 2220.0 |    0    0 1080 2220 | org.test.packetsnifferapp/org.kivy.android.PythonActivity$_12012#0
                                                                                                         DEVICE | 0x73a70adf80 | 0000 | RGBA_8888 |   0.0    0.0 1080.0   72.0 |    0    0 1080   72 | StatusBar$_1410#0
                                                                                                         DEVICE | 0x7389805300 | 0000 | RGBA_8888 |   0.0    0.0   67.0  342.0 | 1013  416 1080  758 | com.samsung.android.app.cocktailbars[...]arservice.CocktailBarService$_5367#0
                                                                                                         DEVICE | 0x738848ca00 | 0000 | RGBA_8888 |   0.0    0.0 1080.0  144.0 |    0 2076 1080 2220 | NavigationBar0$_1410#0
2023-11-27 06:20:52.371   511-511   Layer                   surfaceflinger                       I  id=2291[1] Destroyed Splash Screen org.test.packetsnifferapp#0
2023-11-27 06:20:52.371   511-511   Layer                   surfaceflinger                       I  id=2311[1] Destroyed Surface(name=798cd09 Splash Screen org.test.packetsnifferapp)/@0x2ae27 - animation-leash#0
2023-11-27 06:20:52.371   511-511   Layer                   surfaceflinger                       I  id=2290[1] Destroyed 798cd09 Splash Screen org.test.packetsnifferapp#0
2023-11-27 06:20:52.396   885-1006  CodecSolution           system_server                        D  isMaxAspectPackageEx: org.test.packetsnifferapp : true(2)
2023-11-27 06:20:52.527   885-1438  MdnieScena...rolService system_server                        D   packageName : org.test.packetsnifferapp    className : org.kivy.android.PythonActivity
2023-11-27 06:20:52.775   885-2882  GameManagerService      system_server                        D  identifyGamePackage. org.test.packetsnifferapp, mCurrentUserId: 0, callerUserId: 0
