2023-11-27 06:20:52.775   885-2882  GamePkgDataHelper       system_server                        D  getGamePkgData(). org.test.packetsnifferapp
2023-11-27 06:20:52.779 29481-29653 BSL@BixbySearch         pid-29481                            I  (IndexManager) [UPDATE] pkgName=[com.samsung.android.apps], luceneDocument=[org.test.packetsnifferapp@0@org.kivy.android.PythonActivity]
2023-11-27 06:20:52.971 29672-29672 CameraFilt...ntReceiver pid-29672                            I  pkgName : org.test.packetsnifferapp
2023-11-27 06:20:53.253 29693-29693 EdgeLightingReceiver    pid-29693                            I  com.samsung.android.app.edgelighting.PACKAGE_ADDED org.test.packetsnifferapp
2023-11-27 06:20:53.951 12012-29592 pythonutil              pid-12012                            V  Unpacking /data/app/org.test.packetsnifferapp-13s3rWxHAae3DgwMLgb0Ig==/lib/arm64/libpybundle app
2023-11-27 06:20:53.952 12012-29592 pythonutil              pid-12012                            V  Extracting /data/app/org.test.packetsnifferapp-13s3rWxHAae3DgwMLgb0Ig==/lib/arm64/libpybundle assets.
2023-11-27 06:20:54.939   885-1017  GameManagerService      system_server                        I  PkgInstallationReceiver, onPackageAdded : org.test.packetsnifferapp uid : 10636 userHandle : UserHandle{0} userID : 0
2023-11-27 06:20:54.940   885-1336  GameManage...tifyThread system_server                        D  notifyPackageChangedToGos(), before send intent to GOS. type:2, changeType: 0, packageName:org.test.packetsnifferapp
2023-11-27 06:20:54.941   885-1017  MetaDataCollector       system_server                        D  onReceive: done pkgName=org.test.packetsnifferapp
2023-11-27 06:20:54.995 12012-12012 pythonutil              pid-12012                            V  Library loading error: dalvik.system.PathClassLoader[DexPathList[[zip file "/data/app/org.test.packetsnifferapp-13s3rWxHAae3DgwMLgb0Ig==/base.apk"],nativeLibraryDirectories=[/data/app/org.test.packetsnifferapp-13s3rWxHAae3DgwMLgb0Ig==/lib/arm64, /data/app/org.test.packetsnifferapp-13s3rWxHAae3DgwMLgb0Ig==/base.apk!/lib/arm64-v8a, /system/lib64]]] couldn't find "libpython3.5m.so"
2023-11-27 06:20:54.996 12012-12012 pythonutil              pid-12012                            V  Library loading error: dalvik.system.PathClassLoader[DexPathList[[zip file "/data/app/org.test.packetsnifferapp-13s3rWxHAae3DgwMLgb0Ig==/base.apk"],nativeLibraryDirectories=[/data/app/org.test.packetsnifferapp-13s3rWxHAae3DgwMLgb0Ig==/lib/arm64, /data/app/org.test.packetsnifferapp-13s3rWxHAae3DgwMLgb0Ig==/base.apk!/lib/arm64-v8a, /system/lib64]]] couldn't find "libpython3.6m.so"
2023-11-27 06:20:54.996 12012-12012 pythonutil              pid-12012                            V  Library loading error: dalvik.system.PathClassLoader[DexPathList[[zip file "/data/app/org.test.packetsnifferapp-13s3rWxHAae3DgwMLgb0Ig==/base.apk"],nativeLibraryDirectories=[/data/app/org.test.packetsnifferapp-13s3rWxHAae3DgwMLgb0Ig==/lib/arm64, /data/app/org.test.packetsnifferapp-13s3rWxHAae3DgwMLgb0Ig==/base.apk!/lib/arm64-v8a, /system/lib64]]] couldn't find "libpython3.7m.so"
2023-11-27 06:20:54.997 12012-12012 pythonutil              pid-12012                            V  Library loading error: dalvik.system.PathClassLoader[DexPathList[[zip file "/data/app/org.test.packetsnifferapp-13s3rWxHAae3DgwMLgb0Ig==/base.apk"],nativeLibraryDirectories=[/data/app/org.test.packetsnifferapp-13s3rWxHAae3DgwMLgb0Ig==/lib/arm64, /data/app/org.test.packetsnifferapp-13s3rWxHAae3DgwMLgb0Ig==/base.apk!/lib/arm64-v8a, /system/lib64]]] couldn't find "libpython3.8.so"
2023-11-27 06:20:54.997 12012-12012 pythonutil              pid-12012                            V  Library loading error: dalvik.system.PathClassLoader[DexPathList[[zip file "/data/app/org.test.packetsnifferapp-13s3rWxHAae3DgwMLgb0Ig==/base.apk"],nativeLibraryDirectories=[/data/app/org.test.packetsnifferapp-13s3rWxHAae3DgwMLgb0Ig==/lib/arm64, /data/app/org.test.packetsnifferapp-13s3rWxHAae3DgwMLgb0Ig==/base.apk!/lib/arm64-v8a, /system/lib64]]] couldn't find "libpython3.9.so"
2023-11-27 06:20:55.024 22973-29890 GOS:MainIntentService   pid-22973                            I  onHandleIntent(). changeType(INSTALLED), packageName(org.test.packetsnifferapp), UserHandle(0), Installed(true)
2023-11-27 06:20:55.027 22973-29890 GOS:SystemEventReactor  pid-22973                            D  onPackageInstalled(). packageName: org.test.packetsnifferapp
2023-11-27 06:20:55.046   885-1217  WindowManager           system_server                        V  Relayout Window{55d1e03 u0 org.test.packetsnifferapp/org.kivy.android.PythonActivity}: viewVisibility=0 req=1080x2220
2023-11-27 06:20:55.056   511-563   SurfaceFlinger          surfaceflinger                       I  id=2312 createSurf (0x0),2 flag=4, Bounds for - org.test.packetsnifferapp/org.kivy.android.PythonActivity@0#0
2023-11-27 06:20:55.057   511-563   SurfaceFlinger          surfaceflinger                       I  id=2313 createSurf (1080x2004),4 flag=404, SurfaceView - org.test.packetsnifferapp/org.kivy.android.PythonActivity@6ce51cd@0#0
2023-11-27 06:20:55.057   511-563   SurfaceFlinger          surfaceflinger                       I  id=2314 createSurf (0x0),-1 flag=20404, Background for -SurfaceView - org.test.packetsnifferapp/org.kivy.android.PythonActivity@6ce51cd@0#0
2023-11-27 06:20:55.062   511-511   SurfaceFlinger          surfaceflinger                       I  Display 0 HWC layers:
                                                                                                        type    |    handle    | flag |  format   |   source crop (l,t,r,b)    |         frame       | name 
                                                                                                    ------------+--------------+------+-----------+----------------------------+---------------------+------
                                                                                                     SOLID_COLOR |              | 0002 |  Unknown  |   0.0    0.0    0.0    0.0 |    0   72 1080 2076 | Background for -SurfaceView - org.te[...]y.android.PythonActivity@6ce51cd@0#0
                                                                                                         DEVICE | 0x73a70af740 | 0000 | RGBA_8888 |   0.0    0.0 1080.0 2220.0 |    0    0 1080 2220 | org.test.packetsnifferapp/org.kivy.android.PythonActivity$_12012#0
                                                                                                         DEVICE | 0x738848d180 | 0000 | RGBA_8888 |   0.0    0.0 1080.0   72.0 |    0    0 1080   72 | StatusBar$_1410#0
                                                                                                         DEVICE | 0x7389805300 | 0000 | RGBA_8888 |   0.0    0.0   67.0  342.0 | 1013  416 1080  758 | com.samsung.android.app.cocktailbars[...]arservice.CocktailBarService$_5367#0
                                                                                                         DEVICE | 0x738848ca00 | 0000 | RGBA_8888 |   0.0    0.0 1080.0  144.0 |    0 2076 1080 2220 | NavigationBar0$_1410#0
2023-11-27 06:20:55.068 12012-29893 SDL                     pid-12012                            V  Running main function SDL_main from library /data/app/org.test.packetsnifferapp-13s3rWxHAae3DgwMLgb0Ig==/lib/arm64/libmain.so
2023-11-27 06:20:55.069   885-2893  WindowManager           system_server                        D  finishDrawingWindow: Window{55d1e03 u0 org.test.packetsnifferapp/org.kivy.android.PythonActivity} mDrawState=HAS_DRAWN
2023-11-27 06:20:55.069 12012-29893 python                  pid-12012                            I  /data/user/0/org.test.packetsnifferapp/files/app
2023-11-27 06:20:55.069 12012-29893 python                  pid-12012                            I  /data/user/0/org.test.packetsnifferapp/files/app/_python_bundle/stdlib.zip:/data/user/0/org.test.packetsnifferapp/files/app/_python_bundle/modules
2023-11-27 06:20:55.076 12012-12012 InputMethodManager      pid-12012                            V  Starting input: tba=org.test.packetsnifferapp ic=null mNaviBarColor -855310 mIsGetNaviBarColorSuccess true , NavVisible : true , NavTrans : false
2023-11-27 06:20:55.094   885-2893  WindowManager           system_server                        V  Relayout Window{55d1e03 u0 org.test.packetsnifferapp/org.kivy.android.PythonActivity}: viewVisibility=0 req=1080x2220
2023-11-27 06:20:55.095   885-1006  WindowManager           system_server                        D  setSystemUiVisibility: displayId=0, vis=0x8118, fullVis=0x0, dockVis=0x0, win=Window{55d1e03 u0 org.test.packetsnifferapp/org.kivy.android.PythonActivity}
2023-11-27 06:20:55.144 12012-29893 python                  pid-12012                            I  Android path ['.', '/data/user/0/org.test.packetsnifferapp/files/app/_python_bundle/stdlib.zip', '/data/user/0/org.test.packetsnifferapp/files/app/_python_bundle/modules', '/data/user/0/org.test.packetsnifferapp/files/app/_python_bundle/site-packages']
2023-11-27 06:20:55.145 12012-29893 python                  pid-12012                            I  os.environ is environ({'PATH': '/sbin:/system/sbin:/product/bin:/apex/com.android.runtime/bin:/system/bin:/system/xbin:/odm/bin:/vendor/bin:/vendor/xbin', 'MOUNT_SYSTEM_OK': 'true', 'ANDROID_BOOTLOGO': '1', 'ANDROID_ROOT': '/system', 'ANDROID_ASSETS': '/system/app', 'ANDROID_DATA': '/data', 'ANDROID_STORAGE': '/storage', 'ANDROID_RUNTIME_ROOT': '/apex/com.android.runtime', 'ANDROID_TZDATA_ROOT': '/apex/com.android.tzdata', 'EXTERNAL_STORAGE': '/sdcard', 'ASEC_MOUNTPOINT': '/mnt/asec', 'BOOTCLASSPATH': '/apex/com.android.runtime/javalib/core-oj.jar:/apex/com.android.runtime/javalib/core-libart.jar:/apex/com.android.runtime/javalib/okhttp.jar:/apex/com.android.runtime/javalib/bouncycastle.jar:/apex/com.android.runtime/javalib/apache-xml.jar:/system/framework/framework.jar:/system/framework/ext.jar:/system/framework/telephony-common.jar:/system/framework/voip-common.jar:/system/framework/ims-common.jar:/system/framework/knoxsdk.jar:/system/framework/knoxanalyticssdk.jar:/system/framework/smartbondingservice.jar:/system/framework/securetimersdk.jar:/system/framework/fipstimakeystore.jar:/system/framework/timakeystore.jar:/system/framework/sec_sdp_sdk.jar:/system/framework/sec_sdp_hidden_sdk.jar:/system/framework/drutils.jar:/system/framework/android.test.base.jar:/system/framework/ucmopensslenginehelper.jar:/system/framework/esecomm.jar:/apex/com.android.conscrypt/javalib/conscrypt.jar:/apex/com.android.media/javalib/updatable-media.jar', 'DEX2OATBOOTCLASSPATH': '/apex/com.android.runtime/javalib/core-oj.jar:/apex/com.android.runtime/javalib/core-libart.jar:/apex/com.android.runtime/javalib/okhttp.jar:/apex/com.android.runtime/javalib/bouncycastle.jar:/apex/com.android.runtime/javalib/apache-xml.jar:/system/framework/framework.jar:/system/framework/ext.jar:/system/framework/telephony-common.jar:/system/framework/voip-common.jar:/system/framework/ims-common.jar:/system/framework/knoxsdk.jar:/system/framework/knoxanalyticssdk.jar:/system/framework/smartbondingservice.jar:/system/framework/securetimersdk.jar:/system/framework/fipstimakeystore.jar:/system/framework/timakeystore.jar:/system/framework/sec_sdp_sdk.jar:/system/framework/sec_sdp_hidden_sdk.jar:/system/framework/drutils.jar:/system/framework/android.test.base.jar:/system/framework/ucmopensslenginehelper.jar:/system/framework/esecomm.jar', 'SYSTEMSERVERCLASSPATH': '/system/framework/services.jar:/system/framework/ethernet-service.jar:/system/framework/wifi-service.jar:/system/framework/com.android.location.provider.jar:/system/framework/uibc_java.jar:/system/framework/ssrm.jar', 'DOWNLOAD_CACHE': '/data/cache', 'MC_AUTH_TOKEN_PATH': '/efs', 'KNOX_STORAGE': '/data/knox/ext_sdcard', 'ENC_EMULATED_STORAGE_TARGET': '/storage/enc_emulated', 'ANDROID_SOCKET_zygote': '15', 'ANDROID_SOCKET_usap_pool_primary': '16', 'ANDROID_ENTRYPOINT': 'main.pyc', 'ANDROID_ARGUMENT': '/data/user/0/org.test.packetsnifferapp/files/app', 'ANDROID_APP_PATH': '/data/user/0/org.test.packetsnifferapp/files/app', 'ANDROID_PRIVATE': '/data/user/0/org.test.packetsnifferapp/files', 'ANDROID_UNPACK': '/data/user/0/org.test.packetsnifferapp/files/app', 'PYTHONHOME': '/data/user/0/org.test.packetsnifferapp/files/app', 'PYTHONPATH': '/data/user/0/org.test.packetsnifferapp/files/app:/data/user/0/org.test.packetsnifferapp/files/app/lib', 'PYTHONOPTIMIZE': '2', 'P4A_BOOTSTRAP': 'SDL2', 'PYTHON_NAME': 'python', 'P4A_IS_WINDOWED': 'True', 'KIVY_ORIENTATION': 'Portrait', 'P4A_NUMERIC_VERSION': 'None', 'P4A_MINSDK': '21', 'LC_CTYPE': 'C.UTF-8'})
2023-11-27 06:20:55.421   885-1017  LauncherAppsService     system_server                        D  onReceive: Intent { act=android.intent.action.PACKAGE_ADDED dat=package:org.test.packetsnifferapp flg=0x4000010 (has extras) }
2023-11-27 06:20:55.422   885-1017  LauncherAppsService     system_server                        D  Callback onPackageAdded: org.test.packetsnifferapp, userId: 0, listener: com.sec.android.app.launcher
2023-11-27 06:20:55.422   885-1017  LauncherAppsService     system_server                        D  Callback onPackageAdded: org.test.packetsnifferapp, userId: 0, listener: com.google.android.as
2023-11-27 06:20:55.422   885-1017  LauncherAppsService     system_server                        D  Callback onPackageAdded: org.test.packetsnifferapp, userId: 0, listener: com.teslacoilsw.launcher
2023-11-27 06:20:55.423   885-1017  LauncherAppsService     system_server                        D  Callback onPackageAdded: org.test.packetsnifferapp, userId: 0, listener: com.samsung.android.fast
2023-11-27 06:20:55.435  1767-1767  Recommende...msProvider com.sec.android.app.launcher         D  onPackageAdded: org.test.packetsnifferapp / UserHandle{0}
2023-11-27 06:20:55.509   885-1017  ActivityTaskManager     system_server                        I  Displayed org.test.packetsnifferapp/org.kivy.android.PythonActivity: +787ms
2023-11-27 06:20:56.799 12012-29893 linker                  pid-12012                            E  library "/system/lib64/libpcap.so" ("/system/lib64/libpcap.so") needed or dlopened by "/data/data/org.test.packetsnifferapp/files/app/_python_bundle/modules/_ctypes.cpython-310.so" is not accessible for the namespace: [name="classloader-namespace", ld_library_paths="", default_library_paths="/data/app/org.test.packetsnifferapp-13s3rWxHAae3DgwMLgb0Ig==/lib/arm64:/data/app/org.test.packetsnifferapp-13s3rWxHAae3DgwMLgb0Ig==/base.apk!/lib/arm64-v8a", permitted_paths="/data:/mnt/expand:/data/data/org.test.packetsnifferapp"]
2023-11-27 06:20:56.830 12012-29893 python                  pid-12012                            I  [INFO   ] [Logger      ] Record log in /data/user/0/org.test.packetsnifferapp/files/app/.kivy/logs/kivy_23-11-27_0.txt
2023-11-27 06:20:56.830 12012-29893 python                  pid-12012                            I  [INFO   ] [Kivy        ] Installed at "/data/user/0/org.test.packetsnifferapp/files/app/_python_bundle/site-packages/kivy/__init__.pyc"
2023-11-27 06:20:57.116   885-2884  WindowManager           system_server                        V  Relayout Window{55d1e03 u0 org.test.packetsnifferapp/org.kivy.android.PythonActivity}: viewVisibility=0 req=1080x2220
2023-11-27 06:20:57.125   885-1213  ActivityTaskManager     system_server                        D  setRequestedOrientation(1) from org.test.packetsnifferapp
2023-11-27 06:20:57.132   885-2884  WindowManager           system_server                        V  Relayout Window{55d1e03 u0 org.test.packetsnifferapp/org.kivy.android.PythonActivity}: viewVisibility=0 req=1080x2220
2023-11-27 06:20:57.334   885-2884  WindowManager           system_server                        V  Relayout Window{55d1e03 u0 org.test.packetsnifferapp/org.kivy.android.PythonActivity}: viewVisibility=0 req=1080x2220
2023-11-27 06:20:57.364   511-511   SurfaceFlinger          surfaceflinger                       I  Display 0 HWC layers:
                                                                                                        type    |    handle    | flag |  format   |   source crop (l,t,r,b)    |         frame       | name 
                                                                                                    ------------+--------------+------+-----------+----------------------------+---------------------+------
                                                                                                         DEVICE | 0x7389807100 | 0002 | RGBA_8888 |   0.0    0.0 1080.0 2004.0 |    0   72 1080 2076 | SurfaceView - org.test.packetsniffer[...]y.android.PythonActivity@6ce51cd@0#0
                                                                                                         DEVICE | 0x73a70afd80 | 0000 | RGBA_8888 |   0.0    0.0 1080.0 2220.0 |    0    0 1080 2220 | org.test.packetsnifferapp/org.kivy.android.PythonActivity$_12012#0
                                                                                                         DEVICE | 0x738848d180 | 0000 | RGBA_8888 |   0.0    0.0 1080.0   72.0 |    0    0 1080   72 | StatusBar$_1410#0
                                                                                                         DEVICE | 0x7389805300 | 0000 | RGBA_8888 |   0.0    0.0   67.0  342.0 | 1013  416 1080  758 | com.samsung.android.app.cocktailbars[...]arservice.CocktailBarService$_5367#0
                                                                                                         DEVICE | 0x738848ca00 | 0000 | RGBA_8888 |   0.0    0.0 1080.0  144.0 |    0 2076 1080 2220 | NavigationBar0$_1410#0
2023-11-27 06:20:57.802   885-8561  GameManagerService      system_server                        D  identifyGamePackage. org.test.packetsnifferapp, mCurrentUserId: 0, callerUserId: 0
2023-11-27 06:20:57.802   885-8561  GamePkgDataHelper       system_server                        D  getGamePkgData(). org.test.packetsnifferapp
2023-11-27 06:20:58.102   885-1197  InputDispatcher         system_server                        W  channel '55d1e03 org.test.packetsnifferapp/org.kivy.android.PythonActivity (server)' ~ Consumer closed input channel or an error occurred.  events=0x9, fd=654
2023-11-27 06:20:58.103   885-1197  InputDispatcher         system_server                        E  channel '55d1e03 org.test.packetsnifferapp/org.kivy.android.PythonActivity (server)' ~ Channel is unrecoverably broken and will be disposed!
2023-11-27 06:20:58.104   511-563   SurfaceFlinger          surfaceflinger                       I  id=2313 Removed SurfaceView - org.test.packetsnifferapp/org.kivy.android.PythonActivity@6ce51cd@0#0 (85)
2023-11-27 06:20:58.104   511-563   SurfaceFlinger          surfaceflinger                       I  id=2314 Removed Background for -SurfaceView - org.test.packetsnifferapp/org.kivy.android.PythonActivity@6ce51cd@0#0 (85)
2023-11-27 06:20:58.104   511-2434  SurfaceFlinger          surfaceflinger                       I  id=2312 Removed Bounds for - org.test.packetsnifferapp/org.kivy.android.PythonActivity@0#0 (85)
2023-11-27 06:20:58.106   885-2850  ActivityManager         system_server                        I  Process org.test.packetsnifferapp (pid 12012) has died: fore TOP (185,1099)
2023-11-27 06:20:58.110   885-2888  WindowManager           system_server                        I  WIN DEATH: Window{55d1e03 u0 org.test.packetsnifferapp/org.kivy.android.PythonActivity}
2023-11-27 06:20:58.111   885-2888  InputDispatcher         system_server                        W  Attempted to unregister already unregistered input channel '55d1e03 org.test.packetsnifferapp/org.kivy.android.PythonActivity (server)'
2023-11-27 06:20:58.112   885-2888  WindowManager           system_server                        I  Destroying surface Surface(name=org.test.packetsnifferapp/org.kivy.android.PythonActivity$_12012)/@0x533333d called by com.android.server.wm.WindowStateAnimator.destroySurface:1834 com.android.server.wm.WindowStateAnimator.destroySurfaceLocked:733 com.android.server.wm.WindowState.removeImmediately:2402 com.android.server.wm.WindowState.removeIfPossible:2546 com.android.server.wm.WindowState.access$300:264 com.android.server.wm.WindowState$DeathRecipient.binderDied:3149 android.os.BinderProxy.sendDeathNotice:685 <bottom of call stack> 
2023-11-27 06:20:58.113   511-2434  Layer                   surfaceflinger                       I  id=2313 removeFromCurrentState SurfaceView - org.test.packetsnifferapp/org.kivy.android.PythonActivity@6ce51cd@0#0 (85)
2023-11-27 06:20:58.113   511-2434  Layer                   surfaceflinger                       I  id=2314 removeFromCurrentState Background for -SurfaceView - org.test.packetsnifferapp/org.kivy.android.PythonActivity@6ce51cd@0#0 (85)
2023-11-27 06:20:58.113   511-2434  Layer                   surfaceflinger                       I  id=2312 removeFromCurrentState Bounds for - org.test.packetsnifferapp/org.kivy.android.PythonActivity@0#0 (85)
2023-11-27 06:20:58.114   511-2434  Layer                   surfaceflinger                       I  id=2310 removeFromCurrentState org.test.packetsnifferapp/org.kivy.android.PythonActivity$_12012#0 (85)
2023-11-27 06:20:58.114   511-2434  SurfaceFlinger          surfaceflinger                       I  id=2310 Removed org.test.packetsnifferapp/org.kivy.android.PythonActivity$_12012#0 (85)
2023-11-27 06:20:58.117   511-2434  Layer                   surfaceflinger                       I  id=2309 removeFromCurrentState 55d1e03 org.test.packetsnifferapp/org.kivy.android.PythonActivity#0 (85)
2023-11-27 06:20:58.118   885-2888  WindowManager           system_server                        V  Changing focus from Window{55d1e03 u0 org.test.packetsnifferapp/org.kivy.android.PythonActivity} to null displayId=0 Callers=com.android.server.wm.RootWindowContainer.updateFocusedWindowLocked:204 com.android.server.wm.WindowManagerService.updateFocusedWindowLocked:6458 com.android.server.wm.WindowState.removeIfPossible:2555 com.android.server.wm.WindowState.access$300:264 com.android.server.wm.WindowState$DeathRecipient.binderDied:3149 android.os.BinderProxy.sendDeathNotice:685 
2023-11-27 06:20:58.118   511-2434  SurfaceFlinger          surfaceflinger                       I  id=2309 Removed 55d1e03 org.test.packetsnifferapp/org.kivy.android.PythonActivity#0 (85)
2023-11-27 06:20:58.123   885-1008  WindowManager           system_server                        I  Focus moving from Window{55d1e03 u0 org.test.packetsnifferapp/org.kivy.android.PythonActivity} to null displayId=0
2023-11-27 06:20:58.123   885-1008  WindowManager           system_server                        I  Losing focus: Window{55d1e03 u0 org.test.packetsnifferapp/org.kivy.android.PythonActivity}
2023-11-27 06:20:58.124   885-2850  ActivityTaskManager     system_server                        W  Force removing ActivityRecord{1efa8fe u0 org.test.packetsnifferapp/org.kivy.android.PythonActivity t2109}: app died, no saved state
2023-11-27 06:20:58.126   511-511   Layer                   surfaceflinger                       I  id=2310[1] Destroyed org.test.packetsnifferapp/org.kivy.android.PythonActivity$_12012#0
2023-11-27 06:20:58.127   511-511   Layer                   surfaceflinger                       I  id=2312[1] Destroyed Bounds for - org.test.packetsnifferapp/org.kivy.android.PythonActivity@0#0
2023-11-27 06:20:58.127   511-511   Layer                   surfaceflinger                       I  id=2313[1] Destroyed SurfaceView - org.test.packetsnifferapp/org.kivy.android.PythonActivity@6ce51cd@0#0
2023-11-27 06:20:58.127   511-511   Layer                   surfaceflinger                       I  id=2314[1] Destroyed Background for -SurfaceView - org.test.packetsnifferapp/org.kivy.android.PythonActivity@6ce51cd@0#0
2023-11-27 06:20:58.129   885-1008  WindowManager           system_server                        E  RemoteException occurs on reporting focusChanged, w=Window{55d1e03 u0 org.test.packetsnifferapp/org.kivy.android.PythonActivity}
                                                                                                    android.os.DeadObjectException
                                                                                                    	at android.os.BinderProxy.transactNative(Native Method)
                                                                                                    	at android.os.BinderProxy.transact(BinderProxy.java:575)
                                                                                                    	at android.view.IWindow$Stub$Proxy.windowFocusChanged(IWindow.java:829)
                                                                                                    	at com.android.server.wm.WindowState.reportFocusChangedSerialized(WindowState.java:3800)
                                                                                                    	at com.android.server.wm.WindowManagerService$H.handleMessage(WindowManagerService.java:5438)
                                                                                                    	at android.os.Handler.dispatchMessage(Handler.java:107)
                                                                                                    	at android.os.Looper.loop(Looper.java:237)
                                                                                                    	at android.os.HandlerThread.run(HandlerThread.java:67)
                                                                                                    	at com.android.server.ServiceThread.run(ServiceThread.java:44)
2023-11-27 06:20:58.131   511-2434  Layer                   surfaceflinger                       I  id=2289 removeFromCurrentState AppWindowToken{78d32ac token=Token{afc885f ActivityRecord{1efa8fe u0 org.test.packetsnifferapp/org.kivy.android.PythonActivity t2109}}}#0 (81)
2023-11-27 06:20:58.135   511-511   Layer                   surfaceflinger                       I  id=2309[1] Destroyed 55d1e03 org.test.packetsnifferapp/org.kivy.android.PythonActivity#0
2023-11-27 06:20:58.135   511-2434  SurfaceFlinger          surfaceflinger                       I  id=2289 Removed AppWindowToken{78d32ac token=Token{afc885f ActivityRecord{1efa8fe u0 org.test.packetsnifferapp/org.kivy.android.PythonActivity t2109}}}#0 (80)
2023-11-27 06:20:58.149   511-511   Layer                   surfaceflinger                       I  id=2289[1] Destroyed AppWindowToken{78d32ac token=Token{afc885f ActivityRecord{1efa8fe u0 org.test.packetsnifferapp/org.kivy.android.PythonActivity t2109}}}#0
2023-11-27 06:20:58.164   885-1279  PkgPredictorService     system_server                        D  previous pkgs: com.teslacoilsw.launcher,org.test.packetsnifferapp,com.android.chrome running pkg: com.teslacoilsw.launcher, uid: 0 is system: false
2023-11-27 06:20:58.165   885-1279  PkgPredict...-Collector system_server                        D  save record...
                                                                                                     (hour:6 day:2 previous:[com.teslacoilsw.launcher, org.test.packetsnifferapp, com.android.chrome] activityName:unknown running:com.teslacoilsw.launcher userId:0 screenOrientation:0 wifi:1 bt:0 predictTime:0 apkVersion:7.0.57 consumeTime:-1 preloaded:false>)
2023-11-27 06:21:00.300 22973-29890 GOS:EventS...onDbHelper pid-22973                            D  getSubscriberApps(org.test.packetsnifferapp)
2023-11-27 06:21:39.117 31441-31457 SmProvider              pid-31441                            I  makeValuesForFasUpdate contentValues=package_name=org.test.packetsnifferapp extras=0 uid=10636 level=1 resetTime=1701062458124
2023-11-27 06:21:41.618   885-1279  PkgPredictorService     system_server                        D  previous pkgs: com.teslacoilsw.launcher,com.teslacoilsw.launcher,org.test.packetsnifferapp running pkg: com.teslacoilsw.launcher, uid: 0 is system: false
2023-11-27 06:21:41.618   885-1279  PkgPredict...-Collector system_server                        D  save record...
                                                                                                     (hour:6 day:2 previous:[com.teslacoilsw.launcher, com.teslacoilsw.launcher, org.test.packetsnifferapp] activityName:unknown running:com.teslacoilsw.launcher userId:0 screenOrientation:0 wifi:1 bt:0 predictTime:0 apkVersion:7.0.57 consumeTime:-1 preloaded:false>)
2023-11-27 06:21:49.774   885-2890  ActivityTaskManager     system_server                        I  START u0 {act=android.intent.action.MAIN cat=[android.intent.category.LAUNCHER] flg=0x10200000 cmp=org.test.packetsnifferapp/org.kivy.android.PythonActivity bnds=[334,622][492,780]} from uid 10207
2023-11-27 06:21:49.802   511-2153  SurfaceFlinger          surfaceflinger                       I  id=2331 createSurf (0x0),-1 flag=80004, AppWindowToken{1b9c9c2 token=Token{2b560d ActivityRecord{af388a4 u0 org.test.packetsnifferapp/org.kivy.android.PythonActivity t2110}}}#0
2023-11-27 06:21:49.808   885-1008  GameSDK@LifeCycle       system_server                        D  onFocusedStackChanged(): focusedStackInfo: Stack id=52 bounds=[0,0][1080,2220] displayId=0 userId=0
                                                                                                     configuration={1.0 ?mcc?mnc [en_GB,fr_FR,sk_SK] ldltr sw360dp w360dp h668dp 480dpi nrml long port finger -keyb/v/h -nav/h winConfig={ mBounds=Rect(0, 0 - 1080, 2220) mAppBounds=Rect(0, 0 - 1080, 2076) mWindowingMode=fullscreen mDisplayWindowingMode=fullscreen mActivityType=standard mAlwaysOnTop=undefined mRotation=ROTATION_0} s.86 desktop/d ?dc bts=0 ff=0 bf=0 themeSeq=0}
                                                                                                      taskId=2110: org.test.packetsnifferapp/org.kivy.android.PythonActivity bounds=[0,0][1080,2220] userId=0 visible=true topActivity=ComponentInfo{org.test.packetsnifferapp/org.kivy.android.PythonActivity}
2023-11-27 06:21:49.813   885-1008  GameSDK@LifeCycle       system_server                        D  onFocusedPackageChanged(): newPkgName: org.test.packetsnifferapp, newPid: -999
2023-11-27 06:21:49.814   885-1008  GameManagerService      system_server                        D  getForegroundPair(), state=0, bounds=[0,0][1080,2220], displayId=0, userId=0, taskName=org.test.packetsnifferapp/org.kivy.android.PythonActivity
2023-11-27 06:21:49.814   885-1008  GameManagerService      system_server                        D  MultiWindowEventListener.onFocusedStackChanged(), pkgName: org.test.packetsnifferapp, clsName: org.kivy.android.PythonActivity, fgActivityName:org.test.packetsnifferapp/org.kivy.android.PythonActivity, userID:0
2023-11-27 06:21:49.815   885-1009  PhoneWindow             system_server                        D  forceLight changed to true [Splash Screen org.test.packetsnifferapp] from com.android.internal.policy.PhoneWindow.updateForceLightNavigationBar:4274 com.android.internal.policy.DecorView.updateColorViews:1547 com.android.internal.policy.PhoneWindow.dispatchWindowAttributesChanged:3252 android.view.Window.setFlags:1153 com.android.internal.policy.PhoneWindow.generateLayout:2474 
2023-11-27 06:21:49.819   511-2153  SurfaceFlinger          surfaceflinger                       I  id=2332 createSurf (0x0),-1 flag=80004, db7e27a Splash Screen org.test.packetsnifferapp#0
2023-11-27 06:21:49.823   885-1008  ApplicationPolicy       system_server                        I  isApplicationExternalStorageWhitelisted:org.test.packetsnifferapp user:0
2023-11-27 06:21:49.823   885-1008  ActivityManager         system_server                        D  package  org.test.packetsnifferapp, user - 0 is SDcard whitelisted
2023-11-27 06:21:49.823   885-1008  ApplicationPolicy       system_server                        I  isApplicationExternalStorageBlacklisted:org.test.packetsnifferapp user:0
2023-11-27 06:21:49.823   885-1008  ApplicationPolicy       system_server                        I  isApplicationExternalStorageBlacklisted:org.test.packetsnifferapp user:0
2023-11-27 06:21:49.835   885-1009  WindowManager           system_server                        V  Relayout Window{db7e27a u0 Splash Screen org.test.packetsnifferapp}: viewVisibility=0 req=1080x2220
2023-11-27 06:21:49.835   885-1019  ActivityManager         system_server                        I  Start proc 29089:org.test.packetsnifferapp/u0a636 for activity {org.test.packetsnifferapp/org.kivy.android.PythonActivity}
2023-11-27 06:21:49.837   511-2153  SurfaceFlinger          surfaceflinger                       I  id=2333 createSurf (1080x2220),1 flag=404, Splash Screen org.test.packetsnifferapp#0
2023-11-27 06:21:49.838   885-1009  WindowManager           system_server                        D  makeSurface duration=2 name=Splash Screen org.test.packetsnifferapp
2023-11-27 06:21:49.856   885-1009  WindowManager           system_server                        D  finishDrawingWindow: Window{db7e27a u0 Splash Screen org.test.packetsnifferapp} mDrawState=DRAW_PENDING
2023-11-27 06:21:49.858   885-1009  WindowManager           system_server                        V  performShow on Window{db7e27a u0 Splash Screen org.test.packetsnifferapp}: mDrawState=READY_TO_SHOW readyForDisplay=false starting=true during animation: policyVis=true parentHidden=false tok.hiddenRequested=false tok.hidden=true animating=true tok animating=true Callers=com.android.server.wm.WindowState.performShowLocked:4819 com.android.server.wm.WindowStateAnimator.commitFinishDrawingLocked:415 com.android.server.wm.DisplayContent.lambda$new$8$DisplayContent:1026 com.android.server.wm.-$$Lambda$DisplayContent$qxt4izS31fb0LF2uo_OF9DMa7gc.accept:4 
2023-11-27 06:21:49.891   885-2894  ActivityManager         system_server                        I  DSS OFF for org.test.packetsnifferapp
2023-11-27 06:21:49.902   885-2894  WindowManager           system_server                        V  performShow on Window{db7e27a u0 Splash Screen org.test.packetsnifferapp}: mDrawState=READY_TO_SHOW readyForDisplay=false starting=true during animation: policyVis=true parentHidden=false tok.hiddenRequested=false tok.hidden=true animating=true tok animating=true Callers=com.android.server.wm.WindowState.performShowLocked:4819 com.android.server.wm.WindowStateAnimator.commitFinishDrawingLocked:415 com.android.server.wm.DisplayContent.lambda$new$8$DisplayContent:1026 com.android.server.wm.-$$Lambda$DisplayContent$qxt4izS31fb0LF2uo_OF9DMa7gc.accept:4 
2023-11-27 06:21:49.904   885-2894  GamePkgDataHelper       system_server                        D  notifyAppCreate(), pkgName: org.test.packetsnifferapp, sendRet: true
2023-11-27 06:21:49.904   885-1335  GameManagerService      system_server                        D  onLooperPrepared(), msg: { when=0 what=10010 obj=org.test.packetsnifferapp target=com.samsung.android.game.GameManagerService$FgCheckThread$1 }
2023-11-27 06:21:49.905   885-1335  GameManagerService      system_server                        D  handleMessage(), received MSG_APP_CREATE of pkgName: org.test.packetsnifferapp
2023-11-27 06:21:49.910   885-2894  WindowManager           system_server                        V  performShow on Window{db7e27a u0 Splash Screen org.test.packetsnifferapp}: mDrawState=READY_TO_SHOW readyForDisplay=false starting=true during animation: policyVis=true parentHidden=false tok.hiddenRequested=false tok.hidden=true animating=true tok animating=true Callers=com.android.server.wm.WindowState.performShowLocked:4819 com.android.server.wm.WindowStateAnimator.commitFinishDrawingLocked:415 com.android.server.wm.DisplayContent.lambda$new$8$DisplayContent:1026 com.android.server.wm.-$$Lambda$DisplayContent$qxt4izS31fb0LF2uo_OF9DMa7gc.accept:4 
2023-11-27 06:21:49.911   885-2894  MARsPolicyManager       system_server                        D  onPackageResumedFG pkgName = org.test.packetsnifferapp, userId = 0
2023-11-27 06:21:49.915   885-1009  WindowManager           system_server                        V  performShow on Window{db7e27a u0 Splash Screen org.test.packetsnifferapp}: mDrawState=READY_TO_SHOW readyForDisplay=false starting=true during animation: policyVis=true parentHidden=false tok.hiddenRequested=false tok.hidden=true animating=true tok animating=true Callers=com.android.server.wm.WindowState.performShowLocked:4819 com.android.server.wm.WindowStateAnimator.commitFinishDrawingLocked:415 com.android.server.wm.DisplayContent.lambda$new$8$DisplayContent:1026 com.android.server.wm.-$$Lambda$DisplayContent$qxt4izS31fb0LF2uo_OF9DMa7gc.accept:4 
2023-11-27 06:21:49.921   885-1009  WindowManager           system_server                        I  Reparenting to leash, surface=Surface(name=AppWindowToken{1b9c9c2 token=Token{2b560d ActivityRecord{af388a4 u0 org.test.packetsnifferapp/org.kivy.android.PythonActivity t2110}}})/@0x4752f1d
2023-11-27 06:21:49.922   511-1207  SurfaceFlinger          surfaceflinger                       I  id=2336 createSurf (0x0),-1 flag=80004, Surface(name=AppWindowToken{1b9c9c2 token=Token{2b560d ActivityRecord{af388a4 u0 org.test.packetsnifferapp/org.kivy.android.PythonActivity t2110}}})/@0x4752f1d - animation-leash#0
2023-11-27 06:21:49.922   885-1009  WindowManager           system_server                        D  makeSurface duration=0 leash=Surface(name=Surface(name=AppWindowToken{1b9c9c2 token=Token{2b560d ActivityRecord{af388a4 u0 org.test.packetsnifferapp/org.kivy.android.PythonActivity t2110}}})/@0x4752f1d - animation-leash)/@0x7ae1592
2023-11-27 06:21:49.922   511-1207  SurfaceFlinger          surfaceflinger                       I  id=2337 createSurf (0x0),-1 flag=80004, Surface(name=AppWindowToken{1b9c9c2 token=Token{2b560d ActivityRecord{af388a4 u0 org.test.packetsnifferapp/org.kivy.android.PythonActivity t2110}}})/@0x4752f1d - animation-bounds#0
2023-11-27 06:21:49.923   885-1006  WindowManager           system_server                        D  setSystemUiVisibility: displayId=0, vis=0x8018, fullVis=0x0, dockVis=0x0, win=Window{db7e27a u0 Splash Screen org.test.packetsnifferapp}
2023-11-27 06:21:49.932   885-1006  CodecSolution           system_server                        D  isMaxAspectPackageEx: org.test.packetsnifferapp : true(2)
2023-11-27 06:21:49.932   885-1279  PkgPredictorService     system_server                        D  org.test.packetsnifferapp go to foreground!
2023-11-27 06:21:49.932   885-1279  PkgPredictorService     system_server                        D  previous pkgs: org.test.packetsnifferapp,com.teslacoilsw.launcher,com.teslacoilsw.launcher running pkg: org.test.packetsnifferapp, uid: 0 is system: false
2023-11-27 06:21:49.932   885-1279  PkgPredict...-Collector system_server                        D  save record...
                                                                                                     (hour:6 day:2 previous:[org.test.packetsnifferapp, com.teslacoilsw.launcher, com.teslacoilsw.launcher] activityName:unknown running:org.test.packetsnifferapp userId:0 screenOrientation:0 wifi:1 bt:0 predictTime:1 apkVersion:0.3 consumeTime:-1 preloaded:false>)
2023-11-27 06:21:49.932   885-1279  PkgPredict...Controller system_server                        D  User using: org.test.packetsnifferapp
2023-11-27 06:21:49.933   885-1008  GameManagerService      system_server                        D  noteResumeComponent(), received resumed-component: org.test.packetsnifferapp
2023-11-27 06:21:49.934   885-1335  GameManagerService      system_server                        D  onLooperPrepared(), msg: { when=0 what=10000 obj=ComponentInfo{org.test.packetsnifferapp/org.kivy.android.PythonActivity} target=com.samsung.android.game.GameManagerService$FgCheckThread$1 }
2023-11-27 06:21:49.934   885-1008  GamePkgDataHelper       system_server                        D  getSosPolicy(). org.test.packetsnifferapp
2023-11-27 06:21:49.934   885-1335  GameManagerService      system_server                        D  notifyResumePause(). of pkg: org.test.packetsnifferapp, type: 4, isMinimized: false, isTunableApp: false
2023-11-27 06:21:49.935   885-1008  GameManagerService      system_server                        D  identifyGamePackage. org.test.packetsnifferapp, mCurrentUserId: 0, callerUserId: 0
2023-11-27 06:21:49.935   885-1008  GamePkgDataHelper       system_server                        D  getGamePkgData(). org.test.packetsnifferapp
2023-11-27 06:21:49.937   885-1008  GameManagerService      system_server                        D  identifyGamePackage. org.test.packetsnifferapp, mCurrentUserId: 0, callerUserId: 0
2023-11-27 06:21:49.937   885-1008  GamePkgDataHelper       system_server                        D  getGamePkgData(). org.test.packetsnifferapp
2023-11-27 06:21:49.938   885-2894  GamePkgDataHelper       system_server                        D  getSosPolicy(). org.test.packetsnifferapp
2023-11-27 06:21:49.957   511-511   SurfaceFlinger          surfaceflinger                       I  Display 0 HWC layers:
                                                                                                        type    |    handle    | flag |  format   |   source crop (l,t,r,b)    |         frame       | name 
                                                                                                    ------------+--------------+------+-----------+----------------------------+---------------------+------
                                                                                                         DEVICE | 0x73a70add00 | 0000 | RGBA_8888 |   0.0    0.0 1080.0 2220.0 |    0    0 1080 2220 | com.android.systemui.infinity.InfinityWallpaperOrchid$_1865#0
                                                                                                         DEVICE | 0x73a70abc80 | 0000 | RGBA_8888 |   0.0    0.0 1080.0 2220.0 |    0    0 1080 2220 | com.teslacoilsw.launcher/com.teslacoilsw.launcher.NovaLauncher$_1347#0
                                                                                                         DEVICE | 0x73898065c0 | 0002 | RGBA_8888 |   0.0    0.0 1080.0 2220.0 |  288  537  791 1195 | Splash Screen org.test.packetsnifferapp#0
                                                                                                         DEVICE | 0x73a70ac400 | 0000 | RGBA_8888 |   0.0    0.0 1080.0   72.0 |    0    0 1080   72 | StatusBar$_1410#0
                                                                                                         DEVICE | 0x73898060c0 | 0000 | RGBA_8888 |   0.0    0.0   67.0  342.0 | 1013  416 1080  758 | com.samsung.android.app.cocktailbars[...]arservice.CocktailBarService$_5367#0
                                                                                                         DEVICE | 0x73a70af38
2023-11-27 06:21:49.957   885-1306  WifiTransportLayerUtils system_server                        W  getApplicationCategory - IOException org.test.packetsnifferapp
2023-11-27 06:21:50.019 29089-29089 PythonActivity          org.test.packetsnifferapp            V  PythonActivity onCreate running
2023-11-27 06:21:50.019 29089-29089 PythonActivity          org.test.packetsnifferapp            V  About to do super onCreate
2023-11-27 06:21:50.019 29089-29089 SDL                     org.test.packetsnifferapp            V  Device: starlte
2023-11-27 06:21:50.019 29089-29089 SDL                     org.test.packetsnifferapp            V  Model: SM-G960F
2023-11-27 06:21:50.019 29089-29089 SDL                     org.test.packetsnifferapp            V  onCreate()
2023-11-27 06:21:50.019 29089-29089 PythonActivity          org.test.packetsnifferapp            V  Did super onCreate
2023-11-27 06:21:50.019 29089-29089 SDL                     org.test.packetsnifferapp            V  getting identifier
2023-11-27 06:21:50.020 29089-29089 SDL                     org.test.packetsnifferapp            V  kind is layout and name lottie
2023-11-27 06:21:50.020 29089-29089 SDL                     org.test.packetsnifferapp            V  result is 0
2023-11-27 06:21:50.020 29089-29089 acketsnifferap          org.test.packetsnifferapp            E  Invalid ID 0x00000000.
2023-11-27 06:21:50.020 29089-29089 SDL                     org.test.packetsnifferapp            V  couldn't find lottie layout or animation, trying static splash
2023-11-27 06:21:50.020 29089-29089 SDL                     org.test.packetsnifferapp            V  getting identifier
2023-11-27 06:21:50.020 29089-29089 SDL                     org.test.packetsnifferapp            V  kind is drawable and name presplash
2023-11-27 06:21:50.020 29089-29089 SDL                     org.test.packetsnifferapp            V  result is 2130771969
2023-11-27 06:21:50.032 29089-29089 SDL                     org.test.packetsnifferapp            V  asked to get string presplash_color
2023-11-27 06:21:50.032 29089-29089 SDL                     org.test.packetsnifferapp            V  getting identifier
2023-11-27 06:21:50.032 29089-29089 SDL                     org.test.packetsnifferapp            V  kind is string and name presplash_color
2023-11-27 06:21:50.032 29089-29089 SDL                     org.test.packetsnifferapp            V  result is 2131034113
2023-11-27 06:21:50.034 29089-31783 libEGL                  org.test.packetsnifferapp            D  loaded /vendor/lib64/egl/libGLES_mali.so
2023-11-27 06:21:50.046 29089-29089 PhoneWindow             org.test.packetsnifferapp            D  forceLight changed to true [] from com.android.internal.policy.PhoneWindow.updateForceLightNavigationBar:4274 com.android.internal.policy.DecorView.updateColorViews:1547 com.android.internal.policy.PhoneWindow.dispatchWindowAttributesChanged:3252 android.view.Window.setFlags:1153 com.android.internal.policy.PhoneWindow.generateLayout:2474 
2023-11-27 06:21:50.047 29089-29089 MultiWindowDecorSupport org.test.packetsnifferapp            I  [INFO] isPopOver = false
2023-11-27 06:21:50.047 29089-29089 MultiWindowDecorSupport org.test.packetsnifferapp            I  updateCaptionType >> DecorView@398ccd0[], isFloating: false, isApplication: true, hasWindowDecorCaption: false, hasWindowControllerCallback: true
2023-11-27 06:21:50.047 29089-29089 MultiWindowDecorSupport org.test.packetsnifferapp            D  setCaptionType = 0, DecorView = DecorView@398ccd0[]
2023-11-27 06:21:50.055 29089-31785 PythonActivity          org.test.packetsnifferapp            V  Ready to unpack
2023-11-27 06:21:50.056 29089-31785 pythonutil              org.test.packetsnifferapp            V  Unpacking private app
2023-11-27 06:21:50.056 29089-31785 pythonutil              org.test.packetsnifferapp            V  Data version is 113f3b0abc5f42ed0ad995b0e64858eef9d85810
2023-11-27 06:21:50.057 29089-29089 SDL                     org.test.packetsnifferapp            V  onStart()
2023-11-27 06:21:50.057 29089-31785 pythonutil              org.test.packetsnifferapp            V  Unpacking /data/app/org.test.packetsnifferapp-13s3rWxHAae3DgwMLgb0Ig==/lib/arm64/libpybundle app
2023-11-27 06:21:50.058 29089-31785 pythonutil              org.test.packetsnifferapp            V  Data version is 113f3b0abc5f42ed0ad995b0e64858eef9d85810
2023-11-27 06:21:50.058 29089-29089 PythonActivity          org.test.packetsnifferapp            V  onResume()
2023-11-27 06:21:50.058 29089-29089 SDL                     org.test.packetsnifferapp            V  onResume()
2023-11-27 06:21:50.062   885-1438  MdnieScena...rolService system_server                        D   packageName : org.test.packetsnifferapp    className : org.kivy.android.PythonActivity
2023-11-27 06:21:50.069   511-2153  SurfaceFlinger          surfaceflinger                       I  id=2338 createSurf (0x0),-1 flag=80004, 81e558e org.test.packetsnifferapp/org.kivy.android.PythonActivity#0
2023-11-27 06:21:50.071 29089-29089 ViewRootIm...nActivity] org.test.packetsnifferapp            I  setView = com.android.internal.policy.DecorView@398ccd0 TM=true MM=false
2023-11-27 06:21:50.075 29089-29089 pythonutil              org.test.packetsnifferapp            V  Checking pattern libsqlite3\.so against libSDL2.so
2023-11-27 06:21:50.075 29089-29089 pythonutil              org.test.packetsnifferapp            V  Checking pattern libsqlite3\.so against libSDL2_ttf.so
2023-11-27 06:21:50.075 29089-29089 pythonutil              org.test.packetsnifferapp            V  Checking pattern libsqlite3\.so against libSDL2_mixer.so
2023-11-27 06:21:50.075 29089-29089 pythonutil              org.test.packetsnifferapp            V  Checking pattern libsqlite3\.so against libssl1.1.so
2023-11-27 06:21:50.075 29089-29089 pythonutil              org.test.packetsnifferapp            V  Checking pattern libsqlite3\.so against libpybundle.so
2023-11-27 06:21:50.075 29089-29089 pythonutil              org.test.packetsnifferapp            V  Checking pattern libsqlite3\.so against libpython3.10.so
2023-11-27 06:21:50.075 29089-29089 pythonutil              org.test.packetsnifferapp            V  Checking pattern libsqlite3\.so against libmain.so
2023-11-27 06:21:50.076 29089-29089 pythonutil              org.test.packetsnifferapp            V  Checking pattern libsqlite3\.so against libcrypto1.1.so
2023-11-27 06:21:50.076 29089-29089 pythonutil              org.test.packetsnifferapp            V  Checking pattern libsqlite3\.so against libffi.so
2023-11-27 06:21:50.076 29089-29089 pythonutil              org.test.packetsnifferapp            V  Checking pattern libsqlite3\.so against libsqlite3.so
2023-11-27 06:21:50.076 29089-29089 pythonutil              org.test.packetsnifferapp            V  Pattern libsqlite3\.so matched file libsqlite3.so
2023-11-27 06:21:50.076 29089-29089 pythonutil              org.test.packetsnifferapp            V  Checking pattern libsqlite3\.so against libSDL2_image.so
