2023-12-03 20:03:41.142 19197-25829 python                  org.test.packetsnifferapp            I     File "/mnt/c/Users/Wault404/Desktop/python/SOC/.buildozer/android/platform/build-arm64-v8a_armeabi-v7a/build/other_builds/python3/arm64-v8a__ndk_target_21/python3/Lib/socket.py", line 232, in __init__
2023-12-03 20:03:41.142 19197-25829 python                  org.test.packetsnifferapp            I   PermissionError: [Errno 13] Permission denied
2023-12-03 20:03:41.142 19197-25829 python                  org.test.packetsnifferapp            I  Python for android ended.
2023-12-03 20:03:41.173  1044-7373  WifiTransportLayerUtils system_server                        W  getApplicationCategory - IOException org.test.packetsnifferapp
2023-12-03 20:03:41.190  1044-7550  MdnieScena...rolService system_server                        D   packageName : org.test.packetsnifferapp    className : org.kivy.android.PythonActivity
2023-12-03 20:03:41.381 19197-25829 mali_winsys             org.test.packetsnifferapp            I  delete_surface() [1080x2004] return
2023-12-03 20:03:41.382 19197-25829 mali_winsys             org.test.packetsnifferapp            I  delete_surface() [1080x2220] return
2023-12-03 20:03:41.512  1044-1271  InputDispatcher         system_server                        W  channel '6420bd5 org.test.packetsnifferapp/org.kivy.android.PythonActivity (server)' ~ Consumer closed input channel or an error occurred.  events=0x9, fd=659
2023-12-03 20:03:41.512  1044-1271  InputDispatcher         system_server                        E  channel '6420bd5 org.test.packetsnifferapp/org.kivy.android.PythonActivity (server)' ~ Channel is unrecoverably broken and will be disposed!
2023-12-03 20:03:41.512   518-571   SurfaceFlinger          surfaceflinger                       I  id=2147 Removed Bounds for - org.test.packetsnifferapp/org.kivy.android.PythonActivity@0#0 (70)
2023-12-03 20:03:41.513  1044-9563  WindowManager           system_server                        I  WIN DEATH: Window{6420bd5 u0 org.test.packetsnifferapp/org.kivy.android.PythonActivity}
2023-12-03 20:03:41.513   518-8087  SurfaceFlinger          surfaceflinger                       I  id=2148 Removed SurfaceView - org.test.packetsnifferapp/org.kivy.android.PythonActivity@9a27b16@0#0 (70)
2023-12-03 20:03:41.513   518-8087  SurfaceFlinger          surfaceflinger                       I  id=2149 Removed Background for -SurfaceView - org.test.packetsnifferapp/org.kivy.android.PythonActivity@9a27b16@0#0 (70)
2023-12-03 20:03:41.513  1044-9563  InputDispatcher         system_server                        W  Attempted to unregister already unregistered input channel '6420bd5 org.test.packetsnifferapp/org.kivy.android.PythonActivity (server)'
2023-12-03 20:03:41.513  1044-9561  ActivityManager         system_server                        I  Process org.test.packetsnifferapp (pid 19197) has died: fore TOP (177,1317)
2023-12-03 20:03:41.513  1044-9563  WindowManager           system_server                        I  Destroying surface Surface(name=org.test.packetsnifferapp/org.kivy.android.PythonActivity$_19197)/@0x46ec0ce called by com.android.server.wm.WindowStateAnimator.destroySurface:1834 com.android.server.wm.WindowStateAnimator.destroySurfaceLocked:733 com.android.server.wm.WindowState.removeImmediately:2402 com.android.server.wm.WindowState.removeIfPossible:2546 com.android.server.wm.WindowState.access$300:264 com.android.server.wm.WindowState$DeathRecipient.binderDied:3149 android.os.BinderProxy.sendDeathNotice:685 <bottom of call stack> 
2023-12-03 20:03:41.513   518-8087  Layer                   surfaceflinger                       I  id=2146 removeFromCurrentState org.test.packetsnifferapp/org.kivy.android.PythonActivity$_19197#0 (70)
2023-12-03 20:03:41.513   518-8087  Layer                   surfaceflinger                       I  id=2147 removeFromCurrentState Bounds for - org.test.packetsnifferapp/org.kivy.android.PythonActivity@0#0 (70)
2023-12-03 20:03:41.513   518-8087  Layer                   surfaceflinger                       I  id=2148 removeFromCurrentState SurfaceView - org.test.packetsnifferapp/org.kivy.android.PythonActivity@9a27b16@0#0 (70)
2023-12-03 20:03:41.513   518-8087  Layer                   surfaceflinger                       I  id=2149 removeFromCurrentState Background for -SurfaceView - org.test.packetsnifferapp/org.kivy.android.PythonActivity@9a27b16@0#0 (70)
2023-12-03 20:03:41.514   518-8087  SurfaceFlinger          surfaceflinger                       I  id=2146 Removed org.test.packetsnifferapp/org.kivy.android.PythonActivity$_19197#0 (70)
2023-12-03 20:03:41.515   518-8087  Layer                   surfaceflinger                       I  id=2145 removeFromCurrentState 6420bd5 org.test.packetsnifferapp/org.kivy.android.PythonActivity#0 (70)
2023-12-03 20:03:41.515  1044-9563  WindowManager           system_server                        V  Changing focus from Window{6420bd5 u0 org.test.packetsnifferapp/org.kivy.android.PythonActivity} to null displayId=0 Callers=com.android.server.wm.RootWindowContainer.updateFocusedWindowLocked:204 com.android.server.wm.WindowManagerService.updateFocusedWindowLocked:6458 com.android.server.wm.WindowState.removeIfPossible:2555 com.android.server.wm.WindowState.access$300:264 com.android.server.wm.WindowState$DeathRecipient.binderDied:3149 android.os.BinderProxy.sendDeathNotice:685 
2023-12-03 20:03:41.515   518-8087  SurfaceFlinger          surfaceflinger                       I  id=2145 Removed 6420bd5 org.test.packetsnifferapp/org.kivy.android.PythonActivity#0 (70)
2023-12-03 20:03:41.516   518-518   Layer                   surfaceflinger                       I  id=2146[1] Destroyed org.test.packetsnifferapp/org.kivy.android.PythonActivity$_19197#0
2023-12-03 20:03:41.516   518-518   Layer                   surfaceflinger                       I  id=2147[1] Destroyed Bounds for - org.test.packetsnifferapp/org.kivy.android.PythonActivity@0#0
2023-12-03 20:03:41.516   518-518   Layer                   surfaceflinger                       I  id=2148[1] Destroyed SurfaceView - org.test.packetsnifferapp/org.kivy.android.PythonActivity@9a27b16@0#0
2023-12-03 20:03:41.516   518-518   Layer                   surfaceflinger                       I  id=2149[1] Destroyed Background for -SurfaceView - org.test.packetsnifferapp/org.kivy.android.PythonActivity@9a27b16@0#0
2023-12-03 20:03:41.517  1044-1105  WindowManager           system_server                        I  Focus moving from Window{6420bd5 u0 org.test.packetsnifferapp/org.kivy.android.PythonActivity} to null displayId=0
2023-12-03 20:03:41.517  1044-1105  WindowManager           system_server                        I  Losing focus: Window{6420bd5 u0 org.test.packetsnifferapp/org.kivy.android.PythonActivity}
2023-12-03 20:03:41.517  1044-9561  ActivityTaskManager     system_server                        W  Force removing ActivityRecord{644c441 u0 org.test.packetsnifferapp/org.kivy.android.PythonActivity t43}: app died, no saved state
2023-12-03 20:03:41.517  1044-1105  WindowManager           system_server                        E  RemoteException occurs on reporting focusChanged, w=Window{6420bd5 u0 org.test.packetsnifferapp/org.kivy.android.PythonActivity}
                                                                                                    android.os.DeadObjectException
                                                                                                    	at android.os.BinderProxy.transactNative(Native Method)
                                                                                                    	at android.os.BinderProxy.transact(BinderProxy.java:575)
                                                                                                    	at android.view.IWindow$Stub$Proxy.windowFocusChanged(IWindow.java:829)
                                                                                                    	at com.android.server.wm.WindowState.reportFocusChangedSerialized(WindowState.java:3800)
                                                                                                    	at com.android.server.wm.WindowManagerService$H.handleMessage(WindowManagerService.java:5438)
                                                                                                    	at android.os.Handler.dispatchMessage(Handler.java:107)
                                                                                                    	at android.os.Looper.loop(Looper.java:237)
                                                                                                    	at android.os.HandlerThread.run(HandlerThread.java:67)
                                                                                                    	at com.android.server.ServiceThread.run(ServiceThread.java:44)
2023-12-03 20:03:41.519   518-8087  Layer                   surfaceflinger                       I  id=2139 removeFromCurrentState AppWindowToken{741af27 token=Token{a598de6 ActivityRecord{644c441 u0 org.test.packetsnifferapp/org.kivy.android.PythonActivity t43}}}#0 (66)
2023-12-03 20:03:41.520   518-8087  SurfaceFlinger          surfaceflinger                       I  id=2139 Removed AppWindowToken{741af27 token=Token{a598de6 ActivityRecord{644c441 u0 org.test.packetsnifferapp/org.kivy.android.PythonActivity t43}}}#0 (66)
2023-12-03 20:03:41.531   518-518   Layer                   surfaceflinger                       I  id=2145[1] Destroyed 6420bd5 org.test.packetsnifferapp/org.kivy.android.PythonActivity#0
2023-12-03 20:03:41.531   518-518   Layer                   surfaceflinger                       I  id=2139[1] Destroyed AppWindowToken{741af27 token=Token{a598de6 ActivityRecord{644c441 u0 org.test.packetsnifferapp/org.kivy.android.PythonActivity t43}}}#0
2023-12-03 20:04:02.423  7681-7712  PermissionManager_FLP   com.sec.location.nsflp2              V  onOpChanged, op=0 / packageName=org.test.packetsnifferapp
