2023-11-27 06:21:50.076 29089-29089 pythonutil              org.test.packetsnifferapp            V  Checking pattern libffi\.so against libSDL2.so
2023-11-27 06:21:50.076 29089-29089 pythonutil              org.test.packetsnifferapp            V  Checking pattern libffi\.so against libSDL2_ttf.so
2023-11-27 06:21:50.076 29089-29089 pythonutil              org.test.packetsnifferapp            V  Checking pattern libffi\.so against libSDL2_mixer.so
2023-11-27 06:21:50.076 29089-29089 pythonutil              org.test.packetsnifferapp            V  Checking pattern libffi\.so against libssl1.1.so
2023-11-27 06:21:50.076 29089-29089 pythonutil              org.test.packetsnifferapp            V  Checking pattern libffi\.so against libpybundle.so
2023-11-27 06:21:50.076 29089-29089 pythonutil              org.test.packetsnifferapp            V  Checking pattern libffi\.so against libpython3.10.so
2023-11-27 06:21:50.076 29089-29089 pythonutil              org.test.packetsnifferapp            V  Checking pattern libffi\.so against libmain.so
2023-11-27 06:21:50.077 29089-29089 pythonutil              org.test.packetsnifferapp            V  Checking pattern libffi\.so against libcrypto1.1.so
2023-11-27 06:21:50.077 29089-29089 pythonutil              org.test.packetsnifferapp            V  Checking pattern libffi\.so against libffi.so
2023-11-27 06:21:50.077 29089-29089 pythonutil              org.test.packetsnifferapp            V  Pattern libffi\.so matched file libffi.so
2023-11-27 06:21:50.077 29089-29089 pythonutil              org.test.packetsnifferapp            V  Checking pattern libffi\.so against libsqlite3.so
2023-11-27 06:21:50.077 29089-29089 pythonutil              org.test.packetsnifferapp            V  Checking pattern libffi\.so against libSDL2_image.so
2023-11-27 06:21:50.077 29089-29089 pythonutil              org.test.packetsnifferapp            V  Checking pattern libpng16\.so against libSDL2.so
2023-11-27 06:21:50.077 29089-29089 pythonutil              org.test.packetsnifferapp            V  Checking pattern libpng16\.so against libSDL2_ttf.so
2023-11-27 06:21:50.077 29089-29089 pythonutil              org.test.packetsnifferapp            V  Checking pattern libpng16\.so against libSDL2_mixer.so
2023-11-27 06:21:50.077 29089-29089 pythonutil              org.test.packetsnifferapp            V  Checking pattern libpng16\.so against libssl1.1.so
2023-11-27 06:21:50.077 29089-29089 pythonutil              org.test.packetsnifferapp            V  Checking pattern libpng16\.so against libpybundle.so
2023-11-27 06:21:50.077 29089-29089 pythonutil              org.test.packetsnifferapp            V  Checking pattern libpng16\.so against libpython3.10.so
2023-11-27 06:21:50.077 29089-29089 pythonutil              org.test.packetsnifferapp            V  Checking pattern libpng16\.so against libmain.so
2023-11-27 06:21:50.078 29089-29089 pythonutil              org.test.packetsnifferapp            V  Checking pattern libpng16\.so against libcrypto1.1.so
2023-11-27 06:21:50.078 29089-29089 pythonutil              org.test.packetsnifferapp            V  Checking pattern libpng16\.so against libffi.so
2023-11-27 06:21:50.078 29089-29089 pythonutil              org.test.packetsnifferapp            V  Checking pattern libpng16\.so against libsqlite3.so
2023-11-27 06:21:50.078 29089-29089 pythonutil              org.test.packetsnifferapp            V  Checking pattern libpng16\.so against libSDL2_image.so
2023-11-27 06:21:50.078 29089-29089 pythonutil              org.test.packetsnifferapp            V  Checking pattern libssl.*\.so against libSDL2.so
2023-11-27 06:21:50.078 29089-29089 pythonutil              org.test.packetsnifferapp            V  Checking pattern libssl.*\.so against libSDL2_ttf.so
2023-11-27 06:21:50.078 29089-29089 pythonutil              org.test.packetsnifferapp            V  Checking pattern libssl.*\.so against libSDL2_mixer.so
2023-11-27 06:21:50.078 29089-29089 pythonutil              org.test.packetsnifferapp            V  Checking pattern libssl.*\.so against libssl1.1.so
2023-11-27 06:21:50.078 29089-29089 pythonutil              org.test.packetsnifferapp            V  Pattern libssl.*\.so matched file libssl1.1.so
2023-11-27 06:21:50.078 29089-29089 pythonutil              org.test.packetsnifferapp            V  Checking pattern libssl.*\.so against libpybundle.so
2023-11-27 06:21:50.078 29089-29089 pythonutil              org.test.packetsnifferapp            V  Checking pattern libssl.*\.so against libpython3.10.so
2023-11-27 06:21:50.078 29089-29089 pythonutil              org.test.packetsnifferapp            V  Checking pattern libssl.*\.so against libmain.so
2023-11-27 06:21:50.079 29089-29089 pythonutil              org.test.packetsnifferapp            V  Checking pattern libssl.*\.so against libcrypto1.1.so
2023-11-27 06:21:50.079 29089-29089 pythonutil              org.test.packetsnifferapp            V  Checking pattern libssl.*\.so against libffi.so
2023-11-27 06:21:50.079 29089-29089 pythonutil              org.test.packetsnifferapp            V  Checking pattern libssl.*\.so against libsqlite3.so
2023-11-27 06:21:50.079 29089-29089 pythonutil              org.test.packetsnifferapp            V  Checking pattern libssl.*\.so against libSDL2_image.so
2023-11-27 06:21:50.079 29089-29089 pythonutil              org.test.packetsnifferapp            V  Checking pattern libcrypto.*\.so against libSDL2.so
2023-11-27 06:21:50.079 29089-29089 pythonutil              org.test.packetsnifferapp            V  Checking pattern libcrypto.*\.so against libSDL2_ttf.so
2023-11-27 06:21:50.079 29089-29089 pythonutil              org.test.packetsnifferapp            V  Checking pattern libcrypto.*\.so against libSDL2_mixer.so
2023-11-27 06:21:50.079 29089-29089 pythonutil              org.test.packetsnifferapp            V  Checking pattern libcrypto.*\.so against libssl1.1.so
2023-11-27 06:21:50.079 29089-29089 pythonutil              org.test.packetsnifferapp            V  Checking pattern libcrypto.*\.so against libpybundle.so
2023-11-27 06:21:50.079 29089-29089 pythonutil              org.test.packetsnifferapp            V  Checking pattern libcrypto.*\.so against libpython3.10.so
2023-11-27 06:21:50.079 29089-29089 pythonutil              org.test.packetsnifferapp            V  Checking pattern libcrypto.*\.so against libmain.so
2023-11-27 06:21:50.079 29089-29089 pythonutil              org.test.packetsnifferapp            V  Checking pattern libcrypto.*\.so against libcrypto1.1.so
2023-11-27 06:21:50.080 29089-29089 pythonutil              org.test.packetsnifferapp            V  Pattern libcrypto.*\.so matched file libcrypto1.1.so
2023-11-27 06:21:50.080 29089-29089 pythonutil              org.test.packetsnifferapp            V  Checking pattern libcrypto.*\.so against libffi.so
2023-11-27 06:21:50.080 29089-29089 pythonutil              org.test.packetsnifferapp            V  Checking pattern libcrypto.*\.so against libsqlite3.so
2023-11-27 06:21:50.080 29089-29089 pythonutil              org.test.packetsnifferapp            V  Checking pattern libcrypto.*\.so against libSDL2_image.so
2023-11-27 06:21:50.080 29089-29089 pythonutil              org.test.packetsnifferapp            V  Checking pattern libSDL2\.so against libSDL2.so
2023-11-27 06:21:50.080 29089-29089 pythonutil              org.test.packetsnifferapp            V  Pattern libSDL2\.so matched file libSDL2.so
2023-11-27 06:21:50.080 29089-29089 pythonutil              org.test.packetsnifferapp            V  Checking pattern libSDL2\.so against libSDL2_ttf.so
2023-11-27 06:21:50.080 29089-29089 pythonutil              org.test.packetsnifferapp            V  Checking pattern libSDL2\.so against libSDL2_mixer.so
2023-11-27 06:21:50.080 29089-29089 pythonutil              org.test.packetsnifferapp            V  Checking pattern libSDL2\.so against libssl1.1.so
2023-11-27 06:21:50.080 29089-29089 pythonutil              org.test.packetsnifferapp            V  Checking pattern libSDL2\.so against libpybundle.so
2023-11-27 06:21:50.080 29089-29089 pythonutil              org.test.packetsnifferapp            V  Checking pattern libSDL2\.so against libpython3.10.so
2023-11-27 06:21:50.081 29089-29089 pythonutil              org.test.packetsnifferapp            V  Checking pattern libSDL2\.so against libmain.so
2023-11-27 06:21:50.081 29089-29089 pythonutil              org.test.packetsnifferapp            V  Checking pattern libSDL2\.so against libcrypto1.1.so
2023-11-27 06:21:50.081 29089-29089 pythonutil              org.test.packetsnifferapp            V  Checking pattern libSDL2\.so against libffi.so
2023-11-27 06:21:50.081 29089-29089 pythonutil              org.test.packetsnifferapp            V  Checking pattern libSDL2\.so against libsqlite3.so
2023-11-27 06:21:50.081 29089-29089 pythonutil              org.test.packetsnifferapp            V  Checking pattern libSDL2\.so against libSDL2_image.so
2023-11-27 06:21:50.081 29089-29089 pythonutil              org.test.packetsnifferapp            V  Checking pattern libSDL2_image\.so against libSDL2.so
2023-11-27 06:21:50.081 29089-29089 pythonutil              org.test.packetsnifferapp            V  Checking pattern libSDL2_image\.so against libSDL2_ttf.so
2023-11-27 06:21:50.081 29089-29089 pythonutil              org.test.packetsnifferapp            V  Checking pattern libSDL2_image\.so against libSDL2_mixer.so
2023-11-27 06:21:50.081 29089-29089 pythonutil              org.test.packetsnifferapp            V  Checking pattern libSDL2_image\.so against libssl1.1.so
2023-11-27 06:21:50.081 29089-29089 pythonutil              org.test.packetsnifferapp            V  Checking pattern libSDL2_image\.so against libpybundle.so
2023-11-27 06:21:50.081 29089-29089 pythonutil              org.test.packetsnifferapp            V  Checking pattern libSDL2_image\.so against libpython3.10.so
2023-11-27 06:21:50.081 29089-29089 pythonutil              org.test.packetsnifferapp            V  Checking pattern libSDL2_image\.so against libmain.so
2023-11-27 06:21:50.082 29089-29089 pythonutil              org.test.packetsnifferapp            V  Checking pattern libSDL2_image\.so against libcrypto1.1.so
2023-11-27 06:21:50.082 29089-29089 pythonutil              org.test.packetsnifferapp            V  Checking pattern libSDL2_image\.so against libffi.so
2023-11-27 06:21:50.082 29089-29089 pythonutil              org.test.packetsnifferapp            V  Checking pattern libSDL2_image\.so against libsqlite3.so
2023-11-27 06:21:50.082 29089-29089 pythonutil              org.test.packetsnifferapp            V  Checking pattern libSDL2_image\.so against libSDL2_image.so
2023-11-27 06:21:50.082 29089-29089 pythonutil              org.test.packetsnifferapp            V  Pattern libSDL2_image\.so matched file libSDL2_image.so
2023-11-27 06:21:50.082 29089-29089 pythonutil              org.test.packetsnifferapp            V  Checking pattern libSDL2_mixer\.so against libSDL2.so
2023-11-27 06:21:50.082 29089-29089 pythonutil              org.test.packetsnifferapp            V  Checking pattern libSDL2_mixer\.so against libSDL2_ttf.so
2023-11-27 06:21:50.082 29089-29089 pythonutil              org.test.packetsnifferapp            V  Checking pattern libSDL2_mixer\.so against libSDL2_mixer.so
2023-11-27 06:21:50.082 29089-29089 pythonutil              org.test.packetsnifferapp            V  Pattern libSDL2_mixer\.so matched file libSDL2_mixer.so
2023-11-27 06:21:50.082 29089-29089 pythonutil              org.test.packetsnifferapp            V  Checking pattern libSDL2_mixer\.so against libssl1.1.so
2023-11-27 06:21:50.082 29089-29089 pythonutil              org.test.packetsnifferapp            V  Checking pattern libSDL2_mixer\.so against libpybundle.so
2023-11-27 06:21:50.082 29089-29089 pythonutil              org.test.packetsnifferapp            V  Checking pattern libSDL2_mixer\.so against libpython3.10.so
2023-11-27 06:21:50.082 29089-29089 pythonutil              org.test.packetsnifferapp            V  Checking pattern libSDL2_mixer\.so against libmain.so
2023-11-27 06:21:50.082 29089-29089 pythonutil              org.test.packetsnifferapp            V  Checking pattern libSDL2_mixer\.so against libcrypto1.1.so
2023-11-27 06:21:50.083 29089-29089 pythonutil              org.test.packetsnifferapp            V  Checking pattern libSDL2_mixer\.so against libffi.so
2023-11-27 06:21:50.083 29089-29089 pythonutil              org.test.packetsnifferapp            V  Checking pattern libSDL2_mixer\.so against libsqlite3.so
2023-11-27 06:21:50.083 29089-29089 pythonutil              org.test.packetsnifferapp            V  Checking pattern libSDL2_mixer\.so against libSDL2_image.so
2023-11-27 06:21:50.083 29089-29089 pythonutil              org.test.packetsnifferapp            V  Checking pattern libSDL2_ttf\.so against libSDL2.so
2023-11-27 06:21:50.083 29089-29089 pythonutil              org.test.packetsnifferapp            V  Checking pattern libSDL2_ttf\.so against libSDL2_ttf.so
2023-11-27 06:21:50.083 29089-29089 pythonutil              org.test.packetsnifferapp            V  Pattern libSDL2_ttf\.so matched file libSDL2_ttf.so
2023-11-27 06:21:50.083 29089-29089 pythonutil              org.test.packetsnifferapp            V  Checking pattern libSDL2_ttf\.so against libSDL2_mixer.so
2023-11-27 06:21:50.083 29089-29089 pythonutil              org.test.packetsnifferapp            V  Checking pattern libSDL2_ttf\.so against libssl1.1.so
2023-11-27 06:21:50.083 29089-29089 pythonutil              org.test.packetsnifferapp            V  Checking pattern libSDL2_ttf\.so against libpybundle.so
2023-11-27 06:21:50.083 29089-29089 pythonutil              org.test.packetsnifferapp            V  Checking pattern libSDL2_ttf\.so against libpython3.10.so
2023-11-27 06:21:50.083 29089-29089 pythonutil              org.test.packetsnifferapp            V  Checking pattern libSDL2_ttf\.so against libmain.so
2023-11-27 06:21:50.083 29089-29089 pythonutil              org.test.packetsnifferapp            V  Checking pattern libSDL2_ttf\.so against libcrypto1.1.so
2023-11-27 06:21:50.083 29089-29089 pythonutil              org.test.packetsnifferapp            V  Checking pattern libSDL2_ttf\.so against libffi.so
2023-11-27 06:21:50.084 29089-29089 pythonutil              org.test.packetsnifferapp            V  Checking pattern libSDL2_ttf\.so against libsqlite3.so
2023-11-27 06:21:50.084 29089-29089 pythonutil              org.test.packetsnifferapp            V  Checking pattern libSDL2_ttf\.so against libSDL2_image.so
2023-11-27 06:21:50.084 29089-29089 pythonutil              org.test.packetsnifferapp            V  Loading library: sqlite3
2023-11-27 06:21:50.089 29089-29089 pythonutil              org.test.packetsnifferapp            V  Loading library: ffi
2023-11-27 06:21:50.091 29089-29089 pythonutil              org.test.packetsnifferapp            V  Loading library: ssl1.1
2023-11-27 06:21:50.098 29089-29089 pythonutil              org.test.packetsnifferapp            V  Loading library: crypto1.1
2023-11-27 06:21:50.099 29089-29089 pythonutil              org.test.packetsnifferapp            V  Loading library: SDL2
2023-11-27 06:21:50.107 29089-29089 pythonutil              org.test.packetsnifferapp            V  Loading library: SDL2_image
2023-11-27 06:21:50.110 29089-29089 pythonutil              org.test.packetsnifferapp            V  Loading library: SDL2_mixer
2023-11-27 06:21:50.113 29089-29089 pythonutil              org.test.packetsnifferapp            V  Loading library: SDL2_ttf
2023-11-27 06:21:50.125 29089-29089 pythonutil              org.test.packetsnifferapp            V  Loading library: python3.5m
2023-11-27 06:21:50.128 29089-29089 pythonutil              org.test.packetsnifferapp            V  Library loading error: dalvik.system.PathClassLoader[DexPathList[[zip file "/data/app/org.test.packetsnifferapp-13s3rWxHAae3DgwMLgb0Ig==/base.apk"],nativeLibraryDirectories=[/data/app/org.test.packetsnifferapp-13s3rWxHAae3DgwMLgb0Ig==/lib/arm64, /data/app/org.test.packetsnifferapp-13s3rWxHAae3DgwMLgb0Ig==/base.apk!/lib/arm64-v8a, /system/lib64]]] couldn't find "libpython3.5m.so"
2023-11-27 06:21:50.128 29089-29089 pythonutil              org.test.packetsnifferapp            V  Loading library: python3.6m
2023-11-27 06:21:50.128 29089-29089 pythonutil              org.test.packetsnifferapp            V  Library loading error: dalvik.system.PathClassLoader[DexPathList[[zip file "/data/app/org.test.packetsnifferapp-13s3rWxHAae3DgwMLgb0Ig==/base.apk"],nativeLibraryDirectories=[/data/app/org.test.packetsnifferapp-13s3rWxHAae3DgwMLgb0Ig==/lib/arm64, /data/app/org.test.packetsnifferapp-13s3rWxHAae3DgwMLgb0Ig==/base.apk!/lib/arm64-v8a, /system/lib64]]] couldn't find "libpython3.6m.so"
2023-11-27 06:21:50.128 29089-29089 pythonutil              org.test.packetsnifferapp            V  Loading library: python3.7m
2023-11-27 06:21:50.129 29089-29089 pythonutil              org.test.packetsnifferapp            V  Library loading error: dalvik.system.PathClassLoader[DexPathList[[zip file "/data/app/org.test.packetsnifferapp-13s3rWxHAae3DgwMLgb0Ig==/base.apk"],nativeLibraryDirectories=[/data/app/org.test.packetsnifferapp-13s3rWxHAae3DgwMLgb0Ig==/lib/arm64, /data/app/org.test.packetsnifferapp-13s3rWxHAae3DgwMLgb0Ig==/base.apk!/lib/arm64-v8a, /system/lib64]]] couldn't find "libpython3.7m.so"
2023-11-27 06:21:50.129 29089-29089 pythonutil              org.test.packetsnifferapp            V  Loading library: python3.8
2023-11-27 06:21:50.130 29089-29089 pythonutil              org.test.packetsnifferapp            V  Library loading error: dalvik.system.PathClassLoader[DexPathList[[zip file "/data/app/org.test.packetsnifferapp-13s3rWxHAae3DgwMLgb0Ig==/base.apk"],nativeLibraryDirectories=[/data/app/org.test.packetsnifferapp-13s3rWxHAae3DgwMLgb0Ig==/lib/arm64, /data/app/org.test.packetsnifferapp-13s3rWxHAae3DgwMLgb0Ig==/base.apk!/lib/arm64-v8a, /system/lib64]]] couldn't find "libpython3.8.so"
2023-11-27 06:21:50.130 29089-29089 pythonutil              org.test.packetsnifferapp            V  Loading library: python3.9
2023-11-27 06:21:50.130 29089-29089 pythonutil              org.test.packetsnifferapp            V  Library loading error: dalvik.system.PathClassLoader[DexPathList[[zip file "/data/app/org.test.packetsnifferapp-13s3rWxHAae3DgwMLgb0Ig==/base.apk"],nativeLibraryDirectories=[/data/app/org.test.packetsnifferapp-13s3rWxHAae3DgwMLgb0Ig==/lib/arm64, /data/app/org.test.packetsnifferapp-13s3rWxHAae3DgwMLgb0Ig==/base.apk!/lib/arm64-v8a, /system/lib64]]] couldn't find "libpython3.9.so"
2023-11-27 06:21:50.130 29089-29089 pythonutil              org.test.packetsnifferapp            V  Loading library: python3.10
2023-11-27 06:21:50.136 29089-29089 pythonutil              org.test.packetsnifferapp            V  Loading library: main
2023-11-27 06:21:50.139 29089-29089 pythonutil              org.test.packetsnifferapp            V  Loaded everything!
2023-11-27 06:21:50.139 29089-29089 SDL                     org.test.packetsnifferapp            V  nativeSetupJNI()
2023-11-27 06:21:50.140 29089-29089 SDL                     org.test.packetsnifferapp            V  AUDIO nativeSetupJNI()
2023-11-27 06:21:50.141 29089-29089 SDL                     org.test.packetsnifferapp            V  CONTROLLER nativeSetupJNI()
2023-11-27 06:21:50.164 29089-29089 PythonActivity          org.test.packetsnifferapp            V  Setting env vars for start.c and Python to use
2023-11-27 06:21:50.164 29089-29089 PythonActivity          org.test.packetsnifferapp            V  Access to our meta-data...
2023-11-27 06:21:50.165 29089-29089 PythonActivity          org.test.packetsnifferapp            I  Surface will NOT be transparent
2023-11-27 06:21:50.167 29089-29089 InputMethodManager      org.test.packetsnifferapp            V  Not IME target window, ignoring
2023-11-27 06:21:50.167 29089-29089 SurfaceView             org.test.packetsnifferapp            I  onWindowVisibilityChanged(0) true org.libsdl.app.SDLSurface{53d4401 VFE...... .F....I. 0,0-0,0} of ViewRootImpl@220d30b[PythonActivity]
2023-11-27 06:21:50.172   885-1596  WindowManager           system_server                        V  Relayout Window{81e558e u0 org.test.packetsnifferapp/org.kivy.android.PythonActivity}: viewVisibility=0 req=1080x2220
2023-11-27 06:21:50.173   885-1596  WindowManager           system_server                        W  preserveSurfaceLocked: failed, no surface, w=Window{81e558e u0 org.test.packetsnifferapp/org.kivy.android.PythonActivity}
2023-11-27 06:21:50.174   511-2153  SurfaceFlinger          surfaceflinger                       I  id=2339 createSurf (1080x2220),1 flag=4, org.test.packetsnifferapp/org.kivy.android.PythonActivity$_29089#0
2023-11-27 06:21:50.174   885-1596  WindowManager           system_server                        D  makeSurface duration=2 name=org.test.packetsnifferapp/org.kivy.android.PythonActivity$_29089
2023-11-27 06:21:50.175   885-1596  WindowManager           system_server                        V  Changing focus from null to Window{81e558e u0 org.test.packetsnifferapp/org.kivy.android.PythonActivity} displayId=0 Callers=com.android.server.wm.RootWindowContainer.updateFocusedWindowLocked:204 com.android.server.wm.WindowManagerService.updateFocusedWindowLocked:6458 com.android.server.wm.WindowManagerService.relayoutWindow:2618 com.android.server.wm.Session.relayout:202 android.view.IWindowSession$Stub.onTransact:716 com.android.server.wm.Session.onTransact:142 
2023-11-27 06:21:50.176   885-1008  WindowManager           system_server                        I  Focus moving from null to Window{81e558e u0 org.test.packetsnifferapp/org.kivy.android.PythonActivity} displayId=0
2023-11-27 06:21:50.176   885-1008  WindowManager           system_server                        I  Gaining focus: Window{81e558e u0 org.test.packetsnifferapp/org.kivy.android.PythonActivity}
2023-11-27 06:21:50.179 29089-29089 ViewRootIm...nActivity] org.test.packetsnifferapp            I  Relayout returned: old=(0,0,1080,2220) new=(0,0,1080,2220) req=(1080,2220)0 dur=7 res=0x7 s={true 545482653696} ch=true
2023-11-27 06:21:50.182   511-2153  SurfaceFlinger          surfaceflinger                       I  id=2340 createSurf (0x0),2 flag=4, Bounds for - org.test.packetsnifferapp/org.kivy.android.PythonActivity@0#0
2023-11-27 06:21:50.185   511-1207  SurfaceFlinger          surfaceflinger                       I  id=2341 createSurf (1080x2004),4 flag=404, SurfaceView - org.test.packetsnifferapp/org.kivy.android.PythonActivity@53d4401@0#0
2023-11-27 06:21:50.185   511-1207  SurfaceFlinger          surfaceflinger                       I  id=2342 createSurf (0x0),-1 flag=20404, Background for -SurfaceView - org.test.packetsnifferapp/org.kivy.android.PythonActivity@53d4401@0#0
2023-11-27 06:21:50.186 29089-29089 SurfaceView             org.test.packetsnifferapp            I  surfaceCreated 1 #8 org.libsdl.app.SDLSurface{53d4401 VFE...... .F....ID 0,0-1080,2004}
2023-11-27 06:21:50.186 29089-29089 SDL                     org.test.packetsnifferapp            V  surfaceCreated()
2023-11-27 06:21:50.186 29089-29089 SurfaceView             org.test.packetsnifferapp            I  surfaceChanged (1080,2004) 1 #8 org.libsdl.app.SDLSurface{53d4401 VFE...... .F....ID 0,0-1080,2004}
2023-11-27 06:21:50.187 29089-29089 SDL                     org.test.packetsnifferapp            V  surfaceChanged()
2023-11-27 06:21:50.187 29089-29089 SDL                     org.test.packetsnifferapp            V  Window size: 1080x2004
2023-11-27 06:21:50.187 29089-29089 SDL                     org.test.packetsnifferapp            V  Device size: 1080x2220
2023-11-27 06:21:50.194 29089-29089 SensorManager           org.test.packetsnifferapp            D  registerListener :: 1, LSM6DSL Acceleration Sensor, 20000, 0,  
2023-11-27 06:21:50.195 29089-29089 SensorManager           org.test.packetsnifferapp            D  registerListener fail (2) :: 1, LSM6DSL Acceleration Sensor, 20000, 0,  
2023-11-27 06:21:50.195 29089-31799 SDL                     org.test.packetsnifferapp            V  Running main function SDL_main from library /data/app/org.test.packetsnifferapp-13s3rWxHAae3DgwMLgb0Ig==/lib/arm64/libmain.so
2023-11-27 06:21:50.195 29089-31799 PythonActivity          org.test.packetsnifferapp            V  appConfirmedActive() -> preparing loading screen removal
2023-11-27 06:21:50.195 29089-31799 SDL                     org.test.packetsnifferapp            V  nativeRunMain()
2023-11-27 06:21:50.195 29089-31799 python                  org.test.packetsnifferapp            I  Initializing Python for Android
2023-11-27 06:21:50.195 29089-31799 python                  org.test.packetsnifferapp            I  Setting additional env vars from p4a_env_vars.txt
2023-11-27 06:21:50.197 29089-31799 python                  org.test.packetsnifferapp            I  Changing directory to the one provided by ANDROID_ARGUMENT
2023-11-27 06:21:50.197 29089-31799 python                  org.test.packetsnifferapp            I  /data/user/0/org.test.packetsnifferapp/files/app
2023-11-27 06:21:50.197 29089-31799 python                  org.test.packetsnifferapp            I  Preparing to initialize python
2023-11-27 06:21:50.197 29089-31780 mali_winsys             org.test.packetsnifferapp            I  new_window_surface() [1080x2220] return: 0x3000
2023-11-27 06:21:50.198 29089-31799 python                  org.test.packetsnifferapp            I  _python_bundle dir exists
2023-11-27 06:21:50.198 29089-31799 python                  org.test.packetsnifferapp            I  calculated paths to be...
2023-11-27 06:21:50.198 29089-31799 python                  org.test.packetsnifferapp            I  /data/user/0/org.test.packetsnifferapp/files/app/_python_bundle/stdlib.zip:/data/user/0/org.test.packetsnifferapp/files/app/_python_bundle/modules
2023-11-27 06:21:50.198 29089-31799 python                  org.test.packetsnifferapp            I  set wchar paths...
2023-11-27 06:21:50.202 29089-31800 OpenGLRenderer          org.test.packetsnifferapp            I  doUpdatePositionAsync is called and callVoidMethod
2023-11-27 06:21:50.210 29089-31780 Gralloc3                org.test.packetsnifferapp            W  mapper 3.x is not supported
2023-11-27 06:21:50.213 29089-31780 gralloc                 org.test.packetsnifferapp            I  Arm Module v1.0
2023-11-27 06:21:50.256   511-511   SurfaceFlinger          surfaceflinger                       I  Display 0 HWC layers:
                                                                                                        type    |    handle    | flag |  format   |   source crop (l,t,r,b)    |         frame       | name 
                                                                                                    ------------+--------------+------+-----------+----------------------------+---------------------+------
                                                                                                         DEVICE | 0x73898065c0 | 0002 | RGBA_8888 |   0.0    0.0 1080.0 2220.0 |    0    0 1080 2220 | Splash Screen org.test.packetsnifferapp#0
                                                                                                         DEVICE | 0x73a70ac400 | 0000 | RGBA_8888 |   0.0    0.0 1080.0   72.0 |    0    0 1080   72 | StatusBar$_1410#0
                                                                                                         DEVICE | 0x73898060c0 | 0000 | RGBA_8888 |   0.0    0.0   67.0  342.0 | 1013  416 1080  758 | com.samsung.android.app.cocktailbars[...]arservice.CocktailBarService$_5367#0
                                                                                                         DEVICE | 0x73a70af600 | 0000 | RGBA_8888 |   0.0    0.0 1080.0  144.0 |    0 2076 1080 2220 | NavigationBar0$_1410#0
2023-11-27 06:21:50.262 29089-31799 python                  org.test.packetsnifferapp            I  Initialized python
2023-11-27 06:21:50.262 29089-31799 python                  org.test.packetsnifferapp            I  AND: Init threads
2023-11-27 06:21:50.263 29089-31799 python                  org.test.packetsnifferapp            I  testing python print redirection
2023-11-27 06:21:50.264 29089-31799 python                  org.test.packetsnifferapp            I  Android path ['.', '/data/user/0/org.test.packetsnifferapp/files/app/_python_bundle/stdlib.zip', '/data/user/0/org.test.packetsnifferapp/files/app/_python_bundle/modules', '/data/user/0/org.test.packetsnifferapp/files/app/_python_bundle/site-packages']
2023-11-27 06:21:50.264 29089-31799 python                  org.test.packetsnifferapp            I  os.environ is environ({'PATH': '/sbin:/system/sbin:/product/bin:/apex/com.android.runtime/bin:/system/bin:/system/xbin:/odm/bin:/vendor/bin:/vendor/xbin', 'MOUNT_SYSTEM_OK': 'true', 'ANDROID_BOOTLOGO': '1', 'ANDROID_ROOT': '/system', 'ANDROID_ASSETS': '/system/app', 'ANDROID_DATA': '/data', 'ANDROID_STORAGE': '/storage', 'ANDROID_RUNTIME_ROOT': '/apex/com.android.runtime', 'ANDROID_TZDATA_ROOT': '/apex/com.android.tzdata', 'EXTERNAL_STORAGE': '/sdcard', 'ASEC_MOUNTPOINT': '/mnt/asec', 'BOOTCLASSPATH': '/apex/com.android.runtime/javalib/core-oj.jar:/apex/com.android.runtime/javalib/core-libart.jar:/apex/com.android.runtime/javalib/okhttp.jar:/apex/com.android.runtime/javalib/bouncycastle.jar:/apex/com.android.runtime/javalib/apache-xml.jar:/system/framework/framework.jar:/system/framework/ext.jar:/system/framework/telephony-common.jar:/system/framework/voip-common.jar:/system/framework/ims-common.jar:/system/framework/knoxsdk.jar:/system/framework/knoxanalyticssdk.jar:/system/framework/smartbondingservice.jar:/system/framework/securetimersdk.jar:/system/framework/fipstimakeystore.jar:/system/framework/timakeystore.jar:/system/framework/sec_sdp_sdk.jar:/system/framework/sec_sdp_hidden_sdk.jar:/system/framework/drutils.jar:/system/framework/android.test.base.jar:/system/framework/ucmopensslenginehelper.jar:/system/framework/esecomm.jar:/apex/com.android.conscrypt/javalib/conscrypt.jar:/apex/com.android.media/javalib/updatable-media.jar', 'DEX2OATBOOTCLASSPATH': '/apex/com.android.runtime/javalib/core-oj.jar:/apex/com.android.runtime/javalib/core-libart.jar:/apex/com.android.runtime/javalib/okhttp.jar:/apex/com.android.runtime/javalib/bouncycastle.jar:/apex/com.android.runtime/javalib/apache-xml.jar:/system/framework/framework.jar:/system/framework/ext.jar:/system/framework/telephony-common.jar:/system/framework/voip-common.jar:/system/framework/ims-common.jar:/system/framework/knoxsdk.jar:/system/framework/knoxanalyticssdk.jar:/system/framework/smartbondingservice.jar:/system/framework/securetimersdk.jar:/system/framework/fipstimakeystore.jar:/system/framework/timakeystore.jar:/system/framework/sec_sdp_sdk.jar:/system/framework/sec_sdp_hidden_sdk.jar:/system/framework/drutils.jar:/system/framework/android.test.base.jar:/system/framework/ucmopensslenginehelper.jar:/system/framework/esecomm.jar', 'SYSTEMSERVERCLASSPATH': '/system/framework/services.jar:/system/framework/ethernet-service.jar:/system/framework/wifi-service.jar:/system/framework/com.android.location.provider.jar:/system/framework/uibc_java.jar:/system/framework/ssrm.jar', 'DOWNLOAD_CACHE': '/data/cache', 'MC_AUTH_TOKEN_PATH': '/efs', 'KNOX_STORAGE': '/data/knox/ext_sdcard', 'ENC_EMULATED_STORAGE_TARGET': '/storage/enc_emulated', 'ANDROID_SOCKET_zygote': '15', 'ANDROID_SOCKET_usap_pool_primary': '16', 'ANDROID_ENTRYPOINT': 'main.pyc', 'ANDROID_ARGUMENT': '/data/user/0/org.test.packetsnifferapp/files/app', 'ANDROID_APP_PATH': '/data/user/0/org.test.packetsnifferapp/files/app', 'ANDROID_PRIVATE': '/data/user/0/org.test.packetsnifferapp/files', 'ANDROID_UNPACK': '/data/user/0/org.test.packetsnifferapp/files/app', 'PYTHONHOME': '/data/user/0/org.test.packetsnifferapp/files/app', 'PYTHONPATH': '/data/user/0/org.test.packetsnifferapp/files/app:/data/user/0/org.test.packetsnifferapp/files/app/lib', 'PYTHONOPTIMIZE': '2', 'P4A_BOOTSTRAP': 'SDL2', 'PYTHON_NAME': 'python', 'P4A_IS_WINDOWED': 'True', 'KIVY_ORIENTATION': 'Portrait', 'P4A_NUMERIC_VERSION': 'None', 'P4A_MINSDK': '21', 'LC_CTYPE': 'C.UTF-8'})
2023-11-27 06:21:50.264 29089-31799 python                  org.test.packetsnifferapp            I  Android kivy bootstrap done. __name__ is __main__
2023-11-27 06:21:50.264 29089-31799 python                  org.test.packetsnifferapp            I  AND: Ran string
2023-11-27 06:21:50.264 29089-31799 python                  org.test.packetsnifferapp            I  Run user program, change dir and execute entrypoint
2023-11-27 06:21:50.269   885-1009  WindowManager           system_server                        I  Reparenting to original parent: Surface(name=Task=2110)/@0xd42e9cb, destroyLeash=true, surface=Surface(name=AppWindowToken{1b9c9c2 token=Token{2b560d ActivityRecord{af388a4 u0 org.test.packetsnifferapp/org.kivy.android.PythonActivity t2110}}})/@0x4752f1d
2023-11-27 06:21:50.271   511-1207  Layer                   surfaceflinger                       I  id=2336 removeFromCurrentState Surface(name=AppWindowToken{1b9c9c2 token=Token{2b560d ActivityRecord{af388a4 u0 org.test.packetsnifferapp/org.kivy.android.PythonActivity t2110}}})/@0x4752f1d - animation-leash#0 (84)
2023-11-27 06:21:50.271   511-1207  Layer                   surfaceflinger                       I  id=2337 removeFromCurrentState Surface(name=AppWindowToken{1b9c9c2 token=Token{2b560d ActivityRecord{af388a4 u0 org.test.packetsnifferapp/org.kivy.android.PythonActivity t2110}}})/@0x4752f1d - animation-bounds#0 (84)
2023-11-27 06:21:50.273   511-563   SurfaceFlinger          surfaceflinger                       I  id=2336 Removed Surface(name=AppWindowToken{1b9c9c2 token=Token{2b560d ActivityRecord{af388a4 u0 org.test.packetsnifferapp/org.kivy.android.PythonActivity t2110}}})/@0x4752f1d - animation-leash#0 (84)
2023-11-27 06:21:50.273   511-563   SurfaceFlinger          surfaceflinger                       I  id=2337 Removed Surface(name=AppWindowToken{1b9c9c2 token=Token{2b560d ActivityRecord{af388a4 u0 org.test.packetsnifferapp/org.kivy.android.PythonActivity t2110}}})/@0x4752f1d - animation-bounds#0 (84)
2023-11-27 06:21:50.276   885-2894  WindowManager           system_server                        D  finishDrawingWindow: Window{81e558e u0 org.test.packetsnifferapp/org.kivy.android.PythonActivity} mDrawState=DRAW_PENDING
2023-11-27 06:21:50.279   885-1009  PkgPredictorService     system_server                        D  pkg:org.test.packetsnifferapp activity:org.kivy.android.PythonActivity thisTime:508
2023-11-27 06:21:50.283   885-2894  WindowManager           system_server                        V  Relayout Window{81e558e u0 org.test.packetsnifferapp/org.kivy.android.PythonActivity}: viewVisibility=0 req=1080x2220
2023-11-27 06:21:50.284   511-511   Layer                   surfaceflinger                       I  id=2337[1] Destroyed Surface(name=AppWindowToken{1b9c9c2 token=Token{2b560d ActivityRecord{af388a4 u0 org.test.packetsnifferapp/org.kivy.android.PythonActivity t2110}}})/@0x4752f1d - animation-bounds#0
2023-11-27 06:21:50.284   511-511   Layer                   surfaceflinger                       I  id=2336[1] Destroyed Surface(name=AppWindowToken{1b9c9c2 token=Token{2b560d ActivityRecord{af388a4 u0 org.test.packetsnifferapp/org.kivy.android.PythonActivity t2110}}})/@0x4752f1d - animation-leash#0
2023-11-27 06:21:50.287   885-1017  ActivityTaskManager     system_server                        I  Displayed org.test.packetsnifferapp/org.kivy.android.PythonActivity: +508ms
2023-11-27 06:21:50.290 29089-29089 ViewRootIm...nActivity] org.test.packetsnifferapp            I  Relayout returned: old=(0,0,1080,2220) new=(0,0,1080,2220) req=(1080,2220)0 dur=12 res=0x1 s={true 545482653696} ch=false
2023-11-27 06:21:50.291 29089-29089 ViewRootIm...nActivity] org.test.packetsnifferapp            I  MSG_WINDOW_FOCUS_CHANGED 1 1
2023-11-27 06:21:50.291 29089-29089 InputMethodManager      org.test.packetsnifferapp            D  prepareNavigationBarInfo() DecorView@398ccd0[PythonActivity]
2023-11-27 06:21:50.291 29089-29089 InputMethodManager      org.test.packetsnifferapp            D  getNavigationBarColor() -855310
2023-11-27 06:21:50.291   885-1009  WindowManager           system_server                        I  Reparenting to leash, surface=Surface(name=db7e27a Splash Screen org.test.packetsnifferapp)/@0x6f8d020
2023-11-27 06:21:50.291 29089-29089 SDL                     org.test.packetsnifferapp            V  onWindowFocusChanged(): true
2023-11-27 06:21:50.292   511-563   SurfaceFlinger          surfaceflinger                       I  id=2343 createSurf (0x0),-1 flag=80004, Surface(name=db7e27a Splash Screen org.test.packetsnifferapp)/@0x6f8d020 - animation-leash#0
2023-11-27 06:21:50.292   885-1009  WindowManager           system_server                        D  makeSurface duration=1 leash=Surface(name=Surface(name=db7e27a Splash Screen org.test.packetsnifferapp)/@0x6f8d020 - animation-leash)/@0xceace4c
2023-11-27 06:21:50.295 29089-29089 InputMethodManager      org.test.packetsnifferapp            D  prepareNavigationBarInfo() DecorView@398ccd0[PythonActivity]
2023-11-27 06:21:50.295 29089-29089 InputMethodManager      org.test.packetsnifferapp            D  getNavigationBarColor() -855310
2023-11-27 06:21:50.295 29089-29089 InputMethodManager      org.test.packetsnifferapp            V  Starting input: tba=org.test.packetsnifferapp ic=null mNaviBarColor -855310 mIsGetNaviBarColorSuccess true , NavVisible : true , NavTrans : false
2023-11-27 06:21:50.295 29089-29089 InputMethodManager      org.test.packetsnifferapp            D  startInputInner - Id : 0
2023-11-27 06:21:50.295 29089-29089 InputMethodManager      org.test.packetsnifferapp            I  startInputInner - mService.startInputOrWindowGainedFocus
2023-11-27 06:21:50.309   885-2890  WindowManager           system_server                        V  Relayout Window{81e558e u0 org.test.packetsnifferapp/org.kivy.android.PythonActivity}: viewVisibility=0 req=1080x2220
2023-11-27 06:21:50.310   885-1006  WindowManager           system_server                        D  setSystemUiVisibility: displayId=0, vis=0x8118, fullVis=0x0, dockVis=0x0, win=Window{81e558e u0 org.test.packetsnifferapp/org.kivy.android.PythonActivity}
2023-11-27 06:21:50.314 29089-29089 ViewRootIm...nActivity] org.test.packetsnifferapp            I  Relayout returned: old=(0,0,1080,2220) new=(0,0,1080,2220) req=(1080,2220)0 dur=5 res=0x1 s={true 545482653696} ch=false
2023-11-27 06:21:50.316 29089-29089 ViewRootIm...nActivity] org.test.packetsnifferapp            I  MSG_RESIZED_REPORT: frame=(0,0,1080,2220) ci=(0,72,0,144) vi=(0,72,0,144) or=1
2023-11-27 06:21:50.326   885-2894  WindowManager           system_server                        D  finishDrawingWindow: Window{81e558e u0 org.test.packetsnifferapp/org.kivy.android.PythonActivity} mDrawState=HAS_DRAWN
2023-11-27 06:21:50.327 29089-29089 InputMethodManager      org.test.packetsnifferapp            D  prepareNavigationBarInfo() DecorView@398ccd0[PythonActivity]
2023-11-27 06:21:50.327 29089-29089 InputMethodManager      org.test.packetsnifferapp            D  getNavigationBarColor() -855310
2023-11-27 06:21:50.327 29089-29089 InputMethodManager      org.test.packetsnifferapp            V  Starting input: tba=org.test.packetsnifferapp ic=null mNaviBarColor -855310 mIsGetNaviBarColorSuccess true , NavVisible : true , NavTrans : false
2023-11-27 06:21:50.327 29089-29089 InputMethodManager      org.test.packetsnifferapp            D  startInputInner - Id : 0
2023-11-27 06:21:50.340   885-1006  CodecSolution           system_server                        D  isMaxAspectPackageEx: org.test.packetsnifferapp : true(2)
2023-11-27 06:21:50.340   511-511   SurfaceFlinger          surfaceflinger                       I  Display 0 HWC layers:
                                                                                                        type    |    handle    | flag |  format   |   source crop (l,t,r,b)    |         frame       | name 
                                                                                                    ------------+--------------+------+-----------+----------------------------+---------------------+------
                                                                                                     SOLID_COLOR |              | 0002 |  Unknown  |   0.0    0.0    0.0    0.0 |    0   72 1080 2076 | Background for -SurfaceView - org.te[...]y.android.PythonActivity@53d4401@0#0
                                                                                                         DEVICE | 0x73aaf91b40 | 0000 | RGBA_8888 |   0.0    0.0 1080.0 2220.0 |    0    0 1080 2220 | org.test.packetsnifferapp/org.kivy.android.PythonActivity$_29089#0
                                                                                                         DEVICE | 0x73898065c0 | 0002 | RGBA_8888 |   0.0    0.0 1080.0 2220.0 |    0    0 1080 2220 | Splash Screen org.test.packetsnifferapp#0
                                                                                                         DEVICE | 0x73a70ac400 | 0000 | RGBA_8888 |   0.0    0.0 1080.0   72.0 |    0    0 1080   72 | StatusBar$_1410#0
                                                                                                         DEVICE | 0x73898060c0 | 0000 | RGBA_8888 |   0.0    0.0   67.0  342.0 | 1013  416 1080  758 | com.samsung.android.app.cocktailbars[...]arservice.CocktailBarService$_5367#0
                                                                                                         DEVICE 
2023-11-27 06:21:50.352   885-1009  WindowManager           system_server                        I  Reparenting to original parent: Surface(name=AppWindowToken{1b9c9c2 token=Token{2b560d ActivityRecord{af388a4 u0 org.test.packetsnifferapp/org.kivy.android.PythonActivity t2110}}})/@0x4752f1d, destroyLeash=true, surface=Surface(name=db7e27a Splash Screen org.test.packetsnifferapp)/@0x6f8d020
2023-11-27 06:21:50.352   885-1009  WindowManager           system_server                        E  win=Window{db7e27a u0 Splash Screen org.test.packetsnifferapp EXITING} destroySurfaces: appStopped=false win.mWindowRemovalAllowed=true win.mRemoveOnExit=true win.mViewVisibility=0 caller=com.android.server.wm.AppWindowToken.destroySurfaces:1249 com.android.server.wm.AppWindowToken.destroySurfaces:1230 com.android.server.wm.WindowState.onExitAnimationDone:5189 com.android.server.wm.WindowStateAnimator.onAnimationFinished:320 com.android.server.wm.WindowState.onAnimationFinished:5630 com.android.server.wm.-$$Lambda$yVRF8YoeNdTa8GR1wDStVsHu8xM.run:2 com.android.server.wm.SurfaceAnimator.lambda$getFinishedCallback$0$SurfaceAnimator:100 
2023-11-27 06:21:50.352   885-1009  WindowManager           system_server                        I  Destroying surface Surface(name=Splash Screen org.test.packetsnifferapp)/@0xb6e2ae3 called by com.android.server.wm.WindowStateAnimator.destroySurface:1834 com.android.server.wm.WindowStateAnimator.destroySurfaceLocked:733 com.android.server.wm.WindowState.destroySurfaceUnchecked:3649 com.android.server.wm.WindowState.destroySurface:3623 com.android.server.wm.AppWindowToken.destroySurfaces:1249 com.android.server.wm.AppWindowToken.destroySurfaces:1230 com.android.server.wm.WindowState.onExitAnimationDone:5189 com.android.server.wm.WindowStateAnimator.onAnimationFinished:320 
2023-11-27 06:21:50.353   511-564   Layer                   surfaceflinger                       I  id=2333 removeFromCurrentState Splash Screen org.test.packetsnifferapp#0 (77)
2023-11-27 06:21:50.354   511-564   Layer                   surfaceflinger                       I  id=2332 removeFromCurrentState db7e27a Splash Screen org.test.packetsnifferapp#0 (77)
2023-11-27 06:21:50.354   511-564   Layer                   surfaceflinger                       I  id=2343 removeFromCurrentState Surface(name=db7e27a Splash Screen org.test.packetsnifferapp)/@0x6f8d020 - animation-leash#0 (77)
2023-11-27 06:21:50.354   511-564   SurfaceFlinger          surfaceflinger                       I  id=2332 Removed db7e27a Splash Screen org.test.packetsnifferapp#0 (77)
2023-11-27 06:21:50.354   511-563   SurfaceFlinger          surfaceflinger                       I  id=2343 Removed Surface(name=db7e27a Splash Screen org.test.packetsnifferapp)/@0x6f8d020 - animation-leash#0 (77)
2023-11-27 06:21:50.354   511-1207  SurfaceFlinger          surfaceflinger                       I  id=2333 Removed Splash Screen org.test.packetsnifferapp#0 (77)
2023-11-27 06:21:50.367   511-511   Layer                   surfaceflinger                       I  id=2343[1] Destroyed Surface(name=db7e27a Splash Screen org.test.packetsnifferapp)/@0x6f8d020 - animation-leash#0
2023-11-27 06:21:50.367   511-511   Layer                   surfaceflinger                       I  id=2332[1] Destroyed db7e27a Splash Screen org.test.packetsnifferapp#0
2023-11-27 06:21:50.368   511-511   Layer                   surfaceflinger                       I  id=2333[1] Destroyed Splash Screen org.test.packetsnifferapp#0
2023-11-27 06:21:50.370   511-511   SurfaceFlinger          surfaceflinger                       I  Display 0 HWC layers:
                                                                                                        type    |    handle    | flag |  format   |   source crop (l,t,r,b)    |         frame       | name 
                                                                                                    ------------+--------------+------+-----------+----------------------------+---------------------+------
                                                                                                     SOLID_COLOR |              | 0002 |  Unknown  |   0.0    0.0    0.0    0.0 |    0   72 1080 2076 | Background for -SurfaceView - org.te[...]y.android.PythonActivity@53d4401@0#0
                                                                                                         DEVICE | 0x7389807880 | 0000 | RGBA_8888 |   0.0    0.0 1080.0 2220.0 |    0    0 1080 2220 | org.test.packetsnifferapp/org.kivy.android.PythonActivity$_29089#0
                                                                                                         DEVICE | 0x73a70ac400 | 0000 | RGBA_8888 |   0.0    0.0 1080.0   72.0 |    0    0 1080   72 | StatusBar$_1410#0
                                                                                                         DEVICE | 0x73898060c0 | 0000 | RGBA_8888 |   0.0    0.0   67.0  342.0 | 1013  416 1080  758 | com.samsung.android.app.cocktailbars[...]arservice.CocktailBarService$_5367#0
                                                                                                         DEVICE | 0x73a70ae980 | 0000 | RGBA_8888 |   0.0    0.0 1080.0  144.0 |    0 2076 1080 2220 | NavigationBar0$_1410#0
2023-11-27 06:21:50.471   885-1438  MdnieScena...rolService system_server                        D   packageName : org.test.packetsnifferapp    className : org.kivy.android.PythonActivity
2023-11-27 06:21:50.523 29089-31799 python                  org.test.packetsnifferapp            I  CRITICAL: Can't open /proc/net/dev !
2023-11-27 06:21:50.535 29089-31799 python                  org.test.packetsnifferapp            I  CRITICAL: Can't open /proc/net/route !
2023-11-27 06:21:50.535 29089-31799 python                  org.test.packetsnifferapp            I  CRITICAL: Can't open /proc/net/dev !
2023-11-27 06:21:51.709 29089-31799 linker                  org.test.packetsnifferapp            E  library "/system/lib64/libpcap.so" ("/system/lib64/libpcap.so") needed or dlopened by "/data/data/org.test.packetsnifferapp/files/app/_python_bundle/modules/_ctypes.cpython-310.so" is not accessible for the namespace: [name="classloader-namespace", ld_library_paths="", default_library_paths="/data/app/org.test.packetsnifferapp-13s3rWxHAae3DgwMLgb0Ig==/lib/arm64:/data/app/org.test.packetsnifferapp-13s3rWxHAae3DgwMLgb0Ig==/base.apk!/lib/arm64-v8a", permitted_paths="/data:/mnt/expand:/data/data/org.test.packetsnifferapp"]
2023-11-27 06:21:51.710 29089-31799 python                  org.test.packetsnifferapp            I  WARNING: No libpcap provider available ! pcap won't be used
2023-11-27 06:21:51.710 29089-31799 python                  org.test.packetsnifferapp            I  CRITICAL: Can't open /proc/net/dev !
2023-11-27 06:21:51.742 29089-31799 python                  org.test.packetsnifferapp            I  [INFO   ] [Logger      ] Record log in /data/user/0/org.test.packetsnifferapp/files/app/.kivy/logs/kivy_23-11-27_1.txt
2023-11-27 06:21:51.742 29089-31799 python                  org.test.packetsnifferapp            I  [INFO   ] [Kivy        ] v2.2.1
2023-11-27 06:21:51.742 29089-31799 python                  org.test.packetsnifferapp            I  [INFO   ] [Kivy        ] Installed at "/data/user/0/org.test.packetsnifferapp/files/app/_python_bundle/site-packages/kivy/__init__.pyc"
2023-11-27 06:21:51.742 29089-31799 python                  org.test.packetsnifferapp            I  [INFO   ] [Python      ] v3.10.10 (main, Nov 26 2023, 22:51:06) [Clang 14.0.6 (https://android.googlesource.com/toolchain/llvm-project 4c603efb0
2023-11-27 06:21:51.742 29089-31799 python                  org.test.packetsnifferapp            I  [INFO   ] [Python      ] Interpreter at ""
2023-11-27 06:21:51.742 29089-31799 python                  org.test.packetsnifferapp            I  [INFO   ] [Logger      ] Purge log fired. Processing...
2023-11-27 06:21:51.743 29089-31799 python                  org.test.packetsnifferapp            I  [INFO   ] [Logger      ] Purge finished!
