2023-11-27 06:21:51.801 29089-31799 python                  org.test.packetsnifferapp            I  [INFO   ] [Factory     ] 190 symbols loaded
2023-11-27 06:21:52.000 29089-31799 python                  org.test.packetsnifferapp            I  [INFO   ] [Image       ] Providers: img_tex, img_dds, img_sdl2 (img_pil, img_ffpyplayer ignored)
2023-11-27 06:21:52.057 29089-31799 python                  org.test.packetsnifferapp            I  [INFO   ] [Window      ] Provider: sdl2
2023-11-27 06:21:52.069 29089-31799 hidapi                  org.test.packetsnifferapp            V  initialize(true, false)
2023-11-27 06:21:52.071   885-2890  WindowManager           system_server                        V  Relayout Window{81e558e u0 org.test.packetsnifferapp/org.kivy.android.PythonActivity}: viewVisibility=0 req=1080x2220
2023-11-27 06:21:52.076 29089-31799 SDL                     org.test.packetsnifferapp            V  setOrientation() requestedOrientation=1 width=800 height=600 resizable=true hint=Portrait
2023-11-27 06:21:52.078   885-2894  ActivityTaskManager     system_server                        D  setRequestedOrientation(1) from org.test.packetsnifferapp
2023-11-27 06:21:52.079 29089-31799 mali_winsys             org.test.packetsnifferapp            I  new_window_surface() [1080x2004] return: 0x3000
2023-11-27 06:21:52.079 29089-31799 SDL/APP                 org.test.packetsnifferapp            I  pixel format wanted SDL_PIXELFORMAT_RGBA8888 (1), got SDL_PIXELFORMAT_RGBA8888 (1)
2023-11-27 06:21:52.081 29089-31799 python                  org.test.packetsnifferapp            I  [INFO   ] [GL          ] Using the "OpenGL ES 2" graphics system
2023-11-27 06:21:52.082 29089-31799 python                  org.test.packetsnifferapp            I  [INFO   ] [GL          ] Backend used <sdl2>
2023-11-27 06:21:52.082 29089-31799 python                  org.test.packetsnifferapp            I  [INFO   ] [GL          ] OpenGL version <b'OpenGL ES 3.2 v1.r19p0-01rel0.###other-sha0123456789ABCDEF0###'>
2023-11-27 06:21:52.082 29089-31799 python                  org.test.packetsnifferapp            I  [INFO   ] [GL          ] OpenGL vendor <b'ARM'>
2023-11-27 06:21:52.082 29089-31799 python                  org.test.packetsnifferapp            I  [INFO   ] [GL          ] OpenGL renderer <b'Mali-G72'>
2023-11-27 06:21:52.082 29089-31799 python                  org.test.packetsnifferapp            I  [INFO   ] [GL          ] OpenGL parsed version: 3, 2
2023-11-27 06:21:52.082 29089-31799 python                  org.test.packetsnifferapp            I  [INFO   ] [GL          ] Texture max size <8192>
2023-11-27 06:21:52.083 29089-31799 python                  org.test.packetsnifferapp            I  [INFO   ] [GL          ] Texture max units <16>
2023-11-27 06:21:52.085 29089-29089 ViewRootIm...nActivity] org.test.packetsnifferapp            I  Relayout returned: old=(0,0,1080,2220) new=(0,0,1080,2220) req=(1080,2220)0 dur=14 res=0x1 s={true 545482653696} ch=false
2023-11-27 06:21:52.088   885-2890  WindowManager           system_server                        V  Relayout Window{81e558e u0 org.test.packetsnifferapp/org.kivy.android.PythonActivity}: viewVisibility=0 req=1080x2220
2023-11-27 06:21:52.091 29089-29089 ViewRootIm...nActivity] org.test.packetsnifferapp            I  Relayout returned: old=(0,0,1080,2220) new=(0,0,1080,2220) req=(1080,2220)0 dur=4 res=0x1 s={true 545482653696} ch=false
2023-11-27 06:21:52.151 29089-31799 python                  org.test.packetsnifferapp            I  [INFO   ] [Window      ] auto add sdl2 input provider
2023-11-27 06:21:52.152 29089-31799 python                  org.test.packetsnifferapp            I  [INFO   ] [Window      ] virtual keyboard not allowed, single mode, not docked
2023-11-27 06:21:52.160 29089-31799 python                  org.test.packetsnifferapp            I  [INFO   ] [Text        ] Provider: sdl2
2023-11-27 06:21:52.248 29089-31799 python                  org.test.packetsnifferapp            I  [INFO   ] [GL          ] NPOT texture support is available
2023-11-27 06:21:52.263 29089-31799 python                  org.test.packetsnifferapp            I  [WARNING] [Base        ] Unknown <android> provider
2023-11-27 06:21:52.263 29089-31799 python                  org.test.packetsnifferapp            I  [INFO   ] [Base        ] Start application main loop
2023-11-27 06:21:52.273   885-2890  WindowManager           system_server                        V  Relayout Window{81e558e u0 org.test.packetsnifferapp/org.kivy.android.PythonActivity}: viewVisibility=0 req=1080x2220
2023-11-27 06:21:52.284 29089-29089 ViewRootIm...nActivity] org.test.packetsnifferapp            I  Relayout returned: old=(0,0,1080,2220) new=(0,0,1080,2220) req=(1080,2220)0 dur=11 res=0x1 s={true 545482653696} ch=false
2023-11-27 06:21:52.328   511-511   SurfaceFlinger          surfaceflinger                       I  Display 0 HWC layers:
                                                                                                        type    |    handle    | flag |  format   |   source crop (l,t,r,b)    |         frame       | name 
                                                                                                    ------------+--------------+------+-----------+----------------------------+---------------------+------
                                                                                                         DEVICE | 0x73a70ade40 | 0002 | RGBA_8888 |   0.0    0.0 1080.0 2004.0 |    0   72 1080 2076 | SurfaceView - org.test.packetsniffer[...]y.android.PythonActivity@53d4401@0#0
                                                                                                         DEVICE | 0x7389806200 | 0000 | RGBA_8888 |   0.0    0.0 1080.0 2220.0 |    0    0 1080 2220 | org.test.packetsnifferapp/org.kivy.android.PythonActivity$_29089#0
                                                                                                         DEVICE | 0x73a70ac400 | 0000 | RGBA_8888 |   0.0    0.0 1080.0   72.0 |    0    0 1080   72 | StatusBar$_1410#0
                                                                                                         DEVICE | 0x73898060c0 | 0000 | RGBA_8888 |   0.0    0.0   67.0  342.0 | 1013  416 1080  758 | com.samsung.android.app.cocktailbars[...]arservice.CocktailBarService$_5367#0
                                                                                                         DEVICE | 0x73a70ae980 | 0000 | RGBA_8888 |   0.0    0.0 1080.0  144.0 |    0 2076 1080 2220 | NavigationBar0$_1410#0
2023-11-27 06:21:52.484 29089-31799 python                  org.test.packetsnifferapp            I  [INFO   ] [Base        ] Leaving application in progress...
2023-11-27 06:21:52.486 29089-31799 python                  org.test.packetsnifferapp            I   Traceback (most recent call last):
2023-11-27 06:21:52.487 29089-31799 python                  org.test.packetsnifferapp            I     File "/mnt/c/users/Wault404/Desktop/python/SOC/.buildozer/android/app/main.py", line 71, in <module>
2023-11-27 06:21:52.490 29089-31799 python                  org.test.packetsnifferapp            I     File "/mnt/c/users/Wault404/Desktop/python/SOC/.buildozer/android/platform/build-arm64-v8a_armeabi-v7a/build/python-installs/packetsnifferapp/arm64-v8a/kivy/app.py", line 956, in run
2023-11-27 06:21:52.492 29089-31799 python                  org.test.packetsnifferapp            I     File "/mnt/c/users/Wault404/Desktop/python/SOC/.buildozer/android/platform/build-arm64-v8a_armeabi-v7a/build/python-installs/packetsnifferapp/arm64-v8a/kivy/base.py", line 574, in runTouchApp
2023-11-27 06:21:52.494 29089-31799 python                  org.test.packetsnifferapp            I     File "/mnt/c/users/Wault404/Desktop/python/SOC/.buildozer/android/platform/build-arm64-v8a_armeabi-v7a/build/python-installs/packetsnifferapp/arm64-v8a/kivy/base.py", line 339, in mainloop
2023-11-27 06:21:52.496 29089-31799 python                  org.test.packetsnifferapp            I     File "/mnt/c/users/Wault404/Desktop/python/SOC/.buildozer/android/platform/build-arm64-v8a_armeabi-v7a/build/python-installs/packetsnifferapp/arm64-v8a/kivy/base.py", line 379, in idle
2023-11-27 06:21:52.498 29089-31799 python                  org.test.packetsnifferapp            I     File "/mnt/c/users/Wault404/Desktop/python/SOC/.buildozer/android/platform/build-arm64-v8a_armeabi-v7a/build/python-installs/packetsnifferapp/arm64-v8a/kivy/clock.py", line 733, in tick
2023-11-27 06:21:52.500 29089-31799 python                  org.test.packetsnifferapp            I     File "/mnt/c/users/Wault404/Desktop/python/SOC/.buildozer/android/platform/build-arm64-v8a_armeabi-v7a/build/python-installs/packetsnifferapp/arm64-v8a/kivy/clock.py", line 776, in post_idle
2023-11-27 06:21:52.502 29089-31799 python                  org.test.packetsnifferapp            I     File "kivy/_clock.pyx", line 620, in kivy._clock.CyClockBase._process_events
2023-11-27 06:21:52.504 29089-31799 python                  org.test.packetsnifferapp            I     File "kivy/_clock.pyx", line 653, in kivy._clock.CyClockBase._process_events
2023-11-27 06:21:52.506 29089-31799 python                  org.test.packetsnifferapp            I     File "kivy/_clock.pyx", line 649, in kivy._clock.CyClockBase._process_events
2023-11-27 06:21:52.507 29089-31799 python                  org.test.packetsnifferapp            I     File "kivy/_clock.pyx", line 218, in kivy._clock.ClockEvent.tick
2023-11-27 06:21:52.509 29089-31799 python                  org.test.packetsnifferapp            I     File "/mnt/c/users/Wault404/Desktop/python/SOC/.buildozer/android/app/main.py", line 36, in update_packet_info
2023-11-27 06:21:52.510 29089-31799 python                  org.test.packetsnifferapp            I     File "/mnt/c/users/Wault404/Desktop/python/SOC/.buildozer/android/app/main.py", line 40, in capture_network_packets
2023-11-27 06:21:52.513 29089-31799 python                  org.test.packetsnifferapp            I     File "/mnt/c/users/Wault404/Desktop/python/SOC/.buildozer/android/platform/build-arm64-v8a_armeabi-v7a/build/python-installs/packetsnifferapp/arm64-v8a/scapy/sendrecv.py", line 1311, in sniff
2023-11-27 06:21:52.515 29089-31799 python                  org.test.packetsnifferapp            I     File "/mnt/c/users/Wault404/Desktop/python/SOC/.buildozer/android/platform/build-arm64-v8a_armeabi-v7a/build/python-installs/packetsnifferapp/arm64-v8a/scapy/sendrecv.py", line 1171, in _run
2023-11-27 06:21:52.517 29089-31799 python                  org.test.packetsnifferapp            I     File "/mnt/c/users/Wault404/Desktop/python/SOC/.buildozer/android/platform/build-arm64-v8a_armeabi-v7a/build/python-installs/packetsnifferapp/arm64-v8a/scapy/arch/linux.py", line 484, in __init__
2023-11-27 06:21:52.518 29089-31799 python                  org.test.packetsnifferapp            I     File "/mnt/c/users/Wault404/Desktop/python/SOC/.buildozer/android/platform/build-arm64-v8a_armeabi-v7a/build/other_builds/python3/arm64-v8a__ndk_target_21/python3/Lib/socket.py", line 232, in __init__
2023-11-27 06:21:52.520 29089-31799 python                  org.test.packetsnifferapp            I   PermissionError: [Errno 13] Permission denied
2023-11-27 06:21:52.520 29089-31799 python                  org.test.packetsnifferapp            I  Python for android ended.
2023-11-27 06:21:52.830 29089-31799 mali_winsys             org.test.packetsnifferapp            I  delete_surface() [1080x2004] return
2023-11-27 06:21:52.830 29089-31799 mali_winsys             org.test.packetsnifferapp            I  delete_surface() [1080x2220] return
2023-11-27 06:21:53.084   885-1197  InputDispatcher         system_server                        W  channel '81e558e org.test.packetsnifferapp/org.kivy.android.PythonActivity (server)' ~ Consumer closed input channel or an error occurred.  events=0x9, fd=472
2023-11-27 06:21:53.084   885-1197  InputDispatcher         system_server                        E  channel '81e558e org.test.packetsnifferapp/org.kivy.android.PythonActivity (server)' ~ Channel is unrecoverably broken and will be disposed!
2023-11-27 06:21:53.090   885-2894  ActivityManager         system_server                        I  Process org.test.packetsnifferapp (pid 29089) has died: fore TOP (154,1341)
2023-11-27 06:21:53.094   885-2894  ActivityTaskManager     system_server                        W  Force removing ActivityRecord{af388a4 u0 org.test.packetsnifferapp/org.kivy.android.PythonActivity t2110}: app died, no saved state
2023-11-27 06:21:53.106   511-2434  SurfaceFlinger          surfaceflinger                       I  id=2340 Removed Bounds for - org.test.packetsnifferapp/org.kivy.android.PythonActivity@0#0 (74)
2023-11-27 06:21:53.111   511-563   SurfaceFlinger          surfaceflinger                       I  id=2341 Removed SurfaceView - org.test.packetsnifferapp/org.kivy.android.PythonActivity@53d4401@0#0 (74)
2023-11-27 06:21:53.111   511-563   SurfaceFlinger          surfaceflinger                       I  id=2342 Removed Background for -SurfaceView - org.test.packetsnifferapp/org.kivy.android.PythonActivity@53d4401@0#0 (74)
2023-11-27 06:21:53.117   885-2882  InputDispatcher         system_server                        E  Window handle Window{81e558e u0 org.test.packetsnifferapp/org.kivy.android.PythonActivity} has no registered input channel
2023-11-27 06:21:53.121   885-2894  WindowManager           system_server                        V  Changing focus from Window{81e558e u0 org.test.packetsnifferapp/org.kivy.android.PythonActivity} to null displayId=0 Callers=com.android.server.wm.RootWindowContainer.updateFocusedWindowLocked:204 com.android.server.wm.WindowManagerService.updateFocusedWindowLocked:6458 com.android.server.wm.AppWindowToken.commitVisibility:898 com.android.server.wm.AppWindowToken.onRemovedFromDisplay:1146 com.android.server.wm.DisplayContent.removeAppToken:1318 com.android.server.wm.ActivityRecord.removeWindowContainer:1586 
2023-11-27 06:21:53.137   885-2894  WindowManager           system_server                        V  Setting visibility of Window{81e558e u0 org.test.packetsnifferapp/org.kivy.android.PythonActivity}: false, caller=com.android.server.wm.WindowContainer.sendAppVisibilityToClients:644 com.android.server.wm.AppWindowToken.setClientHidden:632 com.android.server.wm.AppWindowToken.onAnimationFinished:3913 com.android.server.wm.AppWindowToken.commitVisibility:914 com.android.server.wm.AppWindowToken.onRemovedFromDisplay:1146 
2023-11-27 06:21:53.142   885-2883  InputDispatcher         system_server                        E  Window handle Window{81e558e u0 org.test.packetsnifferapp/org.kivy.android.PythonActivity} has no registered input channel
2023-11-27 06:21:53.143   885-2894  InputDispatcher         system_server                        W  Attempted to unregister already unregistered input channel '81e558e org.test.packetsnifferapp/org.kivy.android.PythonActivity (server)'
2023-11-27 06:21:53.146   885-2894  WindowManager           system_server                        I  Destroying surface Surface(name=org.test.packetsnifferapp/org.kivy.android.PythonActivity$_29089)/@0xf1ea0c5 called by com.android.server.wm.WindowStateAnimator.destroySurface:1834 com.android.server.wm.WindowStateAnimator.destroySurfaceLocked:733 com.android.server.wm.WindowState.removeImmediately:2402 com.android.server.wm.WindowState.removeIfPossible:2546 com.android.server.wm.WindowState.removeIfPossible:2425 com.android.server.wm.WindowToken.removeAllWindowsIfPossible:151 com.android.server.wm.AppWindowToken.removeIfPossible:1126 com.android.server.wm.AppWindowToken.onRemovedFromDisplay:1193 
2023-11-27 06:21:53.147   511-563   Layer                   surfaceflinger                       I  id=2341 removeFromCurrentState SurfaceView - org.test.packetsnifferapp/org.kivy.android.PythonActivity@53d4401@0#0 (74)
2023-11-27 06:21:53.147   511-563   Layer                   surfaceflinger                       I  id=2342 removeFromCurrentState Background for -SurfaceView - org.test.packetsnifferapp/org.kivy.android.PythonActivity@53d4401@0#0 (74)
2023-11-27 06:21:53.147   511-563   Layer                   surfaceflinger                       I  id=2339 removeFromCurrentState org.test.packetsnifferapp/org.kivy.android.PythonActivity$_29089#0 (74)
2023-11-27 06:21:53.147   511-563   Layer                   surfaceflinger                       I  id=2340 removeFromCurrentState Bounds for - org.test.packetsnifferapp/org.kivy.android.PythonActivity@0#0 (74)
2023-11-27 06:21:53.148   511-563   SurfaceFlinger          surfaceflinger                       I  id=2339 Removed org.test.packetsnifferapp/org.kivy.android.PythonActivity$_29089#0 (74)
2023-11-27 06:21:53.158   511-511   Layer                   surfaceflinger                       I  id=2339[1] Destroyed org.test.packetsnifferapp/org.kivy.android.PythonActivity$_29089#0
2023-11-27 06:21:53.158   511-511   Layer                   surfaceflinger                       I  id=2340[1] Destroyed Bounds for - org.test.packetsnifferapp/org.kivy.android.PythonActivity@0#0
2023-11-27 06:21:53.159   511-511   Layer                   surfaceflinger                       I  id=2341[1] Destroyed SurfaceView - org.test.packetsnifferapp/org.kivy.android.PythonActivity@53d4401@0#0
2023-11-27 06:21:53.159   511-511   Layer                   surfaceflinger                       I  id=2342[1] Destroyed Background for -SurfaceView - org.test.packetsnifferapp/org.kivy.android.PythonActivity@53d4401@0#0
2023-11-27 06:21:53.161   511-563   Layer                   surfaceflinger                       I  id=2338 removeFromCurrentState 81e558e org.test.packetsnifferapp/org.kivy.android.PythonActivity#0 (70)
2023-11-27 06:21:53.164   511-563   SurfaceFlinger          surfaceflinger                       I  id=2338 Removed 81e558e org.test.packetsnifferapp/org.kivy.android.PythonActivity#0 (70)
2023-11-27 06:21:53.174   511-511   Layer                   surfaceflinger                       I  id=2338[1] Destroyed 81e558e org.test.packetsnifferapp/org.kivy.android.PythonActivity#0
2023-11-27 06:21:53.175   511-563   Layer                   surfaceflinger                       I  id=2331 removeFromCurrentState AppWindowToken{1b9c9c2 token=Token{2b560d ActivityRecord{af388a4 u0 org.test.packetsnifferapp/org.kivy.android.PythonActivity t2110}}}#0 (69)
2023-11-27 06:21:53.180   511-563   SurfaceFlinger          surfaceflinger                       I  id=2331 Removed AppWindowToken{1b9c9c2 token=Token{2b560d ActivityRecord{af388a4 u0 org.test.packetsnifferapp/org.kivy.android.PythonActivity t2110}}}#0 (69)
2023-11-27 06:21:53.191   511-511   Layer                   surfaceflinger                       I  id=2331[1] Destroyed AppWindowToken{1b9c9c2 token=Token{2b560d ActivityRecord{af388a4 u0 org.test.packetsnifferapp/org.kivy.android.PythonActivity t2110}}}#0
2023-11-27 06:21:53.208   885-1008  WindowManager           system_server                        I  Focus moving from Window{81e558e u0 org.test.packetsnifferapp/org.kivy.android.PythonActivity} to null displayId=0
2023-11-27 06:21:53.208   885-1008  WindowManager           system_server                        I  Losing focus: Window{81e558e u0 org.test.packetsnifferapp/org.kivy.android.PythonActivity}
2023-11-27 06:21:53.210   885-1008  WindowManager           system_server                        E  RemoteException occurs on reporting focusChanged, w=Window{81e558e u0 org.test.packetsnifferapp/org.kivy.android.PythonActivity}
                                                                                                    android.os.DeadObjectException
                                                                                                    	at android.os.BinderProxy.transactNative(Native Method)
                                                                                                    	at android.os.BinderProxy.transact(BinderProxy.java:575)
                                                                                                    	at android.view.IWindow$Stub$Proxy.windowFocusChanged(IWindow.java:829)
                                                                                                    	at com.android.server.wm.WindowState.reportFocusChangedSerialized(WindowState.java:3800)
                                                                                                    	at com.android.server.wm.WindowManagerService$H.handleMessage(WindowManagerService.java:5438)
                                                                                                    	at android.os.Handler.dispatchMessage(Handler.java:107)
                                                                                                    	at android.os.Looper.loop(Looper.java:237)
                                                                                                    	at android.os.HandlerThread.run(HandlerThread.java:67)
                                                                                                    	at com.android.server.ServiceThread.run(ServiceThread.java:44)
2023-11-27 06:21:53.215   885-1279  PkgPredictorService     system_server                        D  previous pkgs: com.teslacoilsw.launcher,org.test.packetsnifferapp,com.teslacoilsw.launcher running pkg: com.teslacoilsw.launcher, uid: 0 is system: false
2023-11-27 06:21:53.215   885-1279  PkgPredict...-Collector system_server                        D  save record...
                                                                                                     (hour:6 day:2 previous:[com.teslacoilsw.launcher, org.test.packetsnifferapp, com.teslacoilsw.launcher] activityName:unknown running:com.teslacoilsw.launcher userId:0 screenOrientation:0 wifi:1 bt:0 predictTime:1 apkVersion:7.0.57 consumeTime:-1 preloaded:false>)
