2023-12-03 20:03:39.035 19197-25831 OpenGLRenderer          org.test.packetsnifferapp            I  doUpdatePositionAsync is called and callVoidMethod
2023-12-03 20:03:39.039 19197-25809 Gralloc3                org.test.packetsnifferapp            W  mapper 3.x is not supported
2023-12-03 20:03:39.041 19197-25809 gralloc                 org.test.packetsnifferapp            I  Arm Module v1.0
2023-12-03 20:03:39.044   518-518   SurfaceFlinger          surfaceflinger                       I  Display 0 HWC layers:
                                                                                                        type    |    handle    | flag |  format   |   source crop (l,t,r,b)    |         frame       | name 
                                                                                                    ------------+--------------+------+-----------+----------------------------+---------------------+------
                                                                                                         CLIENT | 0x7748607940 | 0000 | RGBA_8888 |   0.0    0.0 1080.0 2220.0 |    0    0 1080 2220 | com.android.systemui.infinity.InfinityWallpaperBlack$_7652#0
                                                                                                         CLIENT | 0x7765eae340 | 0000 | RGBA_8888 |   0.0    0.0 1080.0 2220.0 |    0    0 1080 2220 | com.sec.android.app.launcher/com.sec[...]ties.LauncherActivity$_9734#0 (Blur)
                                                                                                         CLIENT | 0x7765eae980 | 0002 | RGBA_8888 |   0.0    0.0 1080.0 2220.0 |  169  258 1067 2104 | Splash Screen org.test.packetsnifferapp#0
                                                                                                         DEVICE | 0x7748609d80 | 0000 | RGBA_8888 |   0.0    0.0 1080.0   72.0 |    0    0 1080   72 | StatusBar$_7458#0
                                                                                                         DEVICE | 0x77470487c0 | 0000 | RGBA_8888 |   0.0    0.0   67.0  342.0 | 1013  398 1080  740 | com.samsung.android.app.cocktailbars[...]rservice.CocktailBarService$_11040#0
                                                                                                         DEVICE | 0x774
2023-12-03 20:03:39.061  1044-9561  WindowManager           system_server                        D  finishDrawingWindow: Window{6420bd5 u0 org.test.packetsnifferapp/org.kivy.android.PythonActivity} mDrawState=DRAW_PENDING
2023-12-03 20:03:39.063  1044-1106  PkgPredictorService     system_server                        D  pkg:org.test.packetsnifferapp activity:org.kivy.android.PythonActivity thisTime:264
2023-12-03 20:03:39.065  1044-9561  WindowManager           system_server                        V  Relayout Window{6420bd5 u0 org.test.packetsnifferapp/org.kivy.android.PythonActivity}: viewVisibility=0 req=1080x2220
2023-12-03 20:03:39.069  1044-1106  WindowManager           system_server                        I  Reparenting to leash, surface=Surface(name=d6deef5 Splash Screen org.test.packetsnifferapp)/@0x6b050b6
2023-12-03 20:03:39.069  1044-1110  ActivityTaskManager     system_server                        I  Displayed org.test.packetsnifferapp/org.kivy.android.PythonActivity: +264ms
2023-12-03 20:03:39.069   518-1275  SurfaceFlinger          surfaceflinger                       I  id=2150 createSurf (0x0),-1 flag=80004, Surface(name=d6deef5 Splash Screen org.test.packetsnifferapp)/@0x6b050b6 - animation-leash#0
2023-12-03 20:03:39.070  1044-1106  WindowManager           system_server                        D  makeSurface duration=1 leash=Surface(name=Surface(name=d6deef5 Splash Screen org.test.packetsnifferapp)/@0x6b050b6 - animation-leash)/@0x46e01b7
2023-12-03 20:03:39.071 19197-19197 ViewRootIm...nActivity] org.test.packetsnifferapp            I  Relayout returned: old=(0,0,1080,2220) new=(0,0,1080,2220) req=(1080,2220)0 dur=8 res=0x1 s={true 496465543168} ch=false
2023-12-03 20:03:39.072 19197-25829 python                  org.test.packetsnifferapp            I  Initialized python
2023-12-03 20:03:39.072 19197-25829 python                  org.test.packetsnifferapp            I  AND: Init threads
2023-12-03 20:03:39.072 19197-25829 python                  org.test.packetsnifferapp            I  testing python print redirection
2023-12-03 20:03:39.073  1044-9561  WindowManager           system_server                        V  Relayout Window{6420bd5 u0 org.test.packetsnifferapp/org.kivy.android.PythonActivity}: viewVisibility=0 req=1080x2220
2023-12-03 20:03:39.073 19197-25829 python                  org.test.packetsnifferapp            I  Android path ['.', '/data/user/0/org.test.packetsnifferapp/files/app/_python_bundle/stdlib.zip', '/data/user/0/org.test.packetsnifferapp/files/app/_python_bundle/modules', '/data/user/0/org.test.packetsnifferapp/files/app/_python_bundle/site-packages']
2023-12-03 20:03:39.074  1044-1103  WindowManager           system_server                        D  setSystemUiVisibility: displayId=0, vis=0x8118, fullVis=0x0, dockVis=0x0, win=Window{6420bd5 u0 org.test.packetsnifferapp/org.kivy.android.PythonActivity}
2023-12-03 20:03:39.074 19197-25829 python                  org.test.packetsnifferapp            I  os.environ is environ({'PATH': '/sbin:/system/sbin:/product/bin:/apex/com.android.runtime/bin:/system/bin:/system/xbin:/odm/bin:/vendor/bin:/vendor/xbin', 'MOUNT_SYSTEM_OK': 'true', 'ANDROID_BOOTLOGO': '1', 'ANDROID_ROOT': '/system', 'ANDROID_ASSETS': '/system/app', 'ANDROID_DATA': '/data', 'ANDROID_STORAGE': '/storage', 'ANDROID_RUNTIME_ROOT': '/apex/com.android.runtime', 'ANDROID_TZDATA_ROOT': '/apex/com.android.tzdata', 'EXTERNAL_STORAGE': '/sdcard', 'ASEC_MOUNTPOINT': '/mnt/asec', 'BOOTCLASSPATH': '/apex/com.android.runtime/javalib/core-oj.jar:/apex/com.android.runtime/javalib/core-libart.jar:/apex/com.android.runtime/javalib/okhttp.jar:/apex/com.android.runtime/javalib/bouncycastle.jar:/apex/com.android.runtime/javalib/apache-xml.jar:/system/framework/framework.jar:/system/framework/ext.jar:/system/framework/telephony-common.jar:/system/framework/voip-common.jar:/system/framework/ims-common.jar:/system/framework/knoxsdk.jar:/system/framework/knoxanalyticssdk.jar:/system/framework/smartbondingservice.jar:/system/framework/securetimersdk.jar:/system/framework/fipstimakeystore.jar:/system/framework/timakeystore.jar:/system/framework/sec_sdp_sdk.jar:/system/framework/sec_sdp_hidden_sdk.jar:/system/framework/drutils.jar:/system/framework/android.test.base.jar:/system/framework/ucmopensslenginehelper.jar:/system/framework/esecomm.jar:/apex/com.android.conscrypt/javalib/conscrypt.jar:/apex/com.android.media/javalib/updatable-media.jar', 'DEX2OATBOOTCLASSPATH': '/apex/com.android.runtime/javalib/core-oj.jar:/apex/com.android.runtime/javalib/core-libart.jar:/apex/com.android.runtime/javalib/okhttp.jar:/apex/com.android.runtime/javalib/bouncycastle.jar:/apex/com.android.runtime/javalib/apache-xml.jar:/system/framework/framework.jar:/system/framework/ext.jar:/system/framework/telephony-common.jar:/system/framework/voip-common.jar:/system/framework/ims-common.jar:/system/framework/knoxsdk.jar:/system/framework/knoxanalyticssdk.jar:/system/framework/smartbondingservice.jar:/system/framework/securetimersdk.jar:/system/framework/fipstimakeystore.jar:/system/framework/timakeystore.jar:/system/framework/sec_sdp_sdk.jar:/system/framework/sec_sdp_hidden_sdk.jar:/system/framework/drutils.jar:/system/framework/android.test.base.jar:/system/framework/ucmopensslenginehelper.jar:/system/framework/esecomm.jar', 'SYSTEMSERVERCLASSPATH': '/system/framework/services.jar:/system/framework/ethernet-service.jar:/system/framework/wifi-service.jar:/system/framework/com.android.location.provider.jar:/system/framework/uibc_java.jar:/system/framework/ssrm.jar', 'DOWNLOAD_CACHE': '/data/cache', 'MC_AUTH_TOKEN_PATH': '/efs', 'KNOX_STORAGE': '/data/knox/ext_sdcard', 'ENC_EMULATED_STORAGE_TARGET': '/storage/enc_emulated', 'ANDROID_SOCKET_zygote': '15', 'ANDROID_SOCKET_usap_pool_primary': '16', 'ANDROID_ENTRYPOINT': 'main.pyc', 'ANDROID_ARGUMENT': '/data/user/0/org.test.packetsnifferapp/files/app', 'ANDROID_APP_PATH': '/data/user/0/org.test.packetsnifferapp/files/app', 'ANDROID_PRIVATE': '/data/user/0/org.test.packetsnifferapp/files', 'ANDROID_UNPACK': '/data/user/0/org.test.packetsnifferapp/files/app', 'PYTHONHOME': '/data/user/0/org.test.packetsnifferapp/files/app', 'PYTHONPATH': '/data/user/0/org.test.packetsnifferapp/files/app:/data/user/0/org.test.packetsnifferapp/files/app/lib', 'PYTHONOPTIMIZE': '2', 'P4A_BOOTSTRAP': 'SDL2', 'PYTHON_NAME': 'python', 'P4A_IS_WINDOWED': 'True', 'KIVY_ORIENTATION': 'Portrait', 'P4A_NUMERIC_VERSION': 'None', 'P4A_MINSDK': '21', 'LC_CTYPE': 'C.UTF-8'})
2023-12-03 20:03:39.074 19197-25829 python                  org.test.packetsnifferapp            I  Android kivy bootstrap done. __name__ is __main__
2023-12-03 20:03:39.074 19197-25829 python                  org.test.packetsnifferapp            I  AND: Ran string
2023-12-03 20:03:39.074 19197-25829 python                  org.test.packetsnifferapp            I  Run user program, change dir and execute entrypoint
2023-12-03 20:03:39.079 19197-19197 ViewRootIm...nActivity] org.test.packetsnifferapp            I  Relayout returned: old=(0,0,1080,2220) new=(0,0,1080,2220) req=(1080,2220)0 dur=5 res=0x1 s={true 496465543168} ch=false
2023-12-03 20:03:39.080 19197-19197 ViewRootIm...nActivity] org.test.packetsnifferapp            I  MSG_WINDOW_FOCUS_CHANGED 1 1
2023-12-03 20:03:39.080 19197-19197 InputMethodManager      org.test.packetsnifferapp            D  prepareNavigationBarInfo() DecorView@cf152f9[PythonActivity]
2023-12-03 20:03:39.080 19197-19197 InputMethodManager      org.test.packetsnifferapp            D  getNavigationBarColor() -855310
2023-12-03 20:03:39.080 19197-19197 SDL                     org.test.packetsnifferapp            V  onWindowFocusChanged(): true
2023-12-03 20:03:39.083 19197-19197 InputMethodManager      org.test.packetsnifferapp            D  prepareNavigationBarInfo() DecorView@cf152f9[PythonActivity]
2023-12-03 20:03:39.083 19197-19197 InputMethodManager      org.test.packetsnifferapp            D  getNavigationBarColor() -855310
2023-12-03 20:03:39.083 19197-19197 InputMethodManager      org.test.packetsnifferapp            V  Starting input: tba=org.test.packetsnifferapp ic=null mNaviBarColor -855310 mIsGetNaviBarColorSuccess true , NavVisible : true , NavTrans : false
2023-12-03 20:03:39.083 19197-19197 InputMethodManager      org.test.packetsnifferapp            D  startInputInner - Id : 0
2023-12-03 20:03:39.083 19197-19197 InputMethodManager      org.test.packetsnifferapp            I  startInputInner - mService.startInputOrWindowGainedFocus
2023-12-03 20:03:39.086 19197-19197 ViewRootIm...nActivity] org.test.packetsnifferapp            I  MSG_RESIZED: frame=(0,0,1080,2220) ci=(0,72,0,144) vi=(0,72,0,144) or=1
2023-12-03 20:03:39.089 19197-19197 InputMethodManager      org.test.packetsnifferapp            D  prepareNavigationBarInfo() DecorView@cf152f9[PythonActivity]
2023-12-03 20:03:39.089 19197-19197 InputMethodManager      org.test.packetsnifferapp            D  getNavigationBarColor() -855310
2023-12-03 20:03:39.089 19197-19197 InputMethodManager      org.test.packetsnifferapp            V  Starting input: tba=org.test.packetsnifferapp ic=null mNaviBarColor -855310 mIsGetNaviBarColorSuccess true , NavVisible : true , NavTrans : false
2023-12-03 20:03:39.089 19197-19197 InputMethodManager      org.test.packetsnifferapp            D  startInputInner - Id : 0
2023-12-03 20:03:39.094   518-518   SurfaceFlinger          surfaceflinger                       I  Display 0 HWC layers:
                                                                                                        type    |    handle    | flag |  format   |   source crop (l,t,r,b)    |         frame       | name 
                                                                                                    ------------+--------------+------+-----------+----------------------------+---------------------+------
                                                                                                         CLIENT | 0x7748607940 | 0000 | RGBA_8888 |   0.0    0.0 1080.0 2220.0 |    0    0 1080 2220 | com.android.systemui.infinity.InfinityWallpaperBlack$_7652#0
                                                                                                         CLIENT | 0x7765eae340 | 0000 | RGBA_8888 |   0.0    0.0 1080.0 2220.0 |    0    0 1080 2220 | com.sec.android.app.launcher/com.sec[...]ties.LauncherActivity$_9734#0 (Blur)
                                                                                                         CLIENT |              | 0002 |  Unknown  |   0.0    0.0    0.0    0.0 |   78  185 1075 2034 | Background for -SurfaceView - org.te[...]y.android.PythonActivity@9a27b16@0#0
                                                                                                         CLIENT | 0x7747048040 | 0000 | RGBA_8888 |   0.0    0.0 1080.0 2220.0 |   78  120 1074 2166 | org.test.packetsnifferapp/org.kivy.android.PythonActivity$_19197#0
                                                                                                         CLIENT | 0x7765eae980 | 0002 | RGBA_8888 |   0.0    0.0 1080.0 2220.0 |   78  120 1074 2166 | Splash Scree
2023-12-03 20:03:39.094   518-518   SurfaceFlinger          surfaceflinger                       I  n org.test.packetsnifferapp#0
                                                                                                         DEVICE | 0x7748609d80 | 0000 | RGBA_8888 |   0.0    0.0 1080.0   72.0 |    0    0 1080   72 | StatusBar$_7458#0
                                                                                                         DEVICE | 0x77470487c0 | 0000 | RGBA_8888 |   0.0    0.0   67.0  342.0 | 1013  398 1080  740 | com.samsung.android.app.cocktailbars[...]rservice.CocktailBarService$_11040#0
                                                                                                         DEVICE | 0x7747047000 | 0000 | RGBA_8888 |   0.0    0.0 1080.0  144.0 |    0 2076 1080 2220 | NavigationBar0$_7458#0
                                                                                                         DEVICE | 0x7765eadf80 | 0000 | RGBA_8888 |   0.0    0.0 1080.0 2220.0 |    0    0 1080 2220 | PointerLocation - display 0#0
2023-12-03 20:03:39.127  1044-1106  WindowManager           system_server                        I  Reparenting to original parent: Surface(name=AppWindowToken{741af27 token=Token{a598de6 ActivityRecord{644c441 u0 org.test.packetsnifferapp/org.kivy.android.PythonActivity t43}}})/@0xc394e73, destroyLeash=true, surface=Surface(name=d6deef5 Splash Screen org.test.packetsnifferapp)/@0x6b050b6
2023-12-03 20:03:39.128  1044-1106  WindowManager           system_server                        E  win=Window{d6deef5 u0 Splash Screen org.test.packetsnifferapp EXITING} destroySurfaces: appStopped=false win.mWindowRemovalAllowed=true win.mRemoveOnExit=true win.mViewVisibility=0 caller=com.android.server.wm.AppWindowToken.destroySurfaces:1249 com.android.server.wm.AppWindowToken.destroySurfaces:1230 com.android.server.wm.WindowState.onExitAnimationDone:5189 com.android.server.wm.WindowStateAnimator.onAnimationFinished:320 com.android.server.wm.WindowState.onAnimationFinished:5630 com.android.server.wm.-$$Lambda$yVRF8YoeNdTa8GR1wDStVsHu8xM.run:2 com.android.server.wm.SurfaceAnimator.lambda$getFinishedCallback$0$SurfaceAnimator:100 
2023-12-03 20:03:39.128  1044-1106  WindowManager           system_server                        I  Destroying surface Surface(name=Splash Screen org.test.packetsnifferapp)/@0x6c570af called by com.android.server.wm.WindowStateAnimator.destroySurface:1834 com.android.server.wm.WindowStateAnimator.destroySurfaceLocked:733 com.android.server.wm.WindowState.destroySurfaceUnchecked:3649 com.android.server.wm.WindowState.destroySurface:3623 com.android.server.wm.AppWindowToken.destroySurfaces:1249 com.android.server.wm.AppWindowToken.destroySurfaces:1230 com.android.server.wm.WindowState.onExitAnimationDone:5189 com.android.server.wm.WindowStateAnimator.onAnimationFinished:320 
2023-12-03 20:03:39.128   518-570   Layer                   surfaceflinger                       I  id=2141 removeFromCurrentState Splash Screen org.test.packetsnifferapp#0 (77)
2023-12-03 20:03:39.131   518-570   Layer                   surfaceflinger                       I  id=2140 removeFromCurrentState d6deef5 Splash Screen org.test.packetsnifferapp#0 (77)
2023-12-03 20:03:39.131   518-570   Layer                   surfaceflinger                       I  id=2150 removeFromCurrentState Surface(name=d6deef5 Splash Screen org.test.packetsnifferapp)/@0x6b050b6 - animation-leash#0 (77)
2023-12-03 20:03:39.131   518-1275  SurfaceFlinger          surfaceflinger                       I  id=2140 Removed d6deef5 Splash Screen org.test.packetsnifferapp#0 (77)
2023-12-03 20:03:39.131   518-7733  SurfaceFlinger          surfaceflinger                       I  id=2141 Removed Splash Screen org.test.packetsnifferapp#0 (77)
2023-12-03 20:03:39.132   518-8087  SurfaceFlinger          surfaceflinger                       I  id=2150 Removed Surface(name=d6deef5 Splash Screen org.test.packetsnifferapp)/@0x6b050b6 - animation-leash#0 (77)
2023-12-03 20:03:39.145   518-518   Layer                   surfaceflinger                       I  id=2150[1] Destroyed Surface(name=d6deef5 Splash Screen org.test.packetsnifferapp)/@0x6b050b6 - animation-leash#0
2023-12-03 20:03:39.145   518-518   Layer                   surfaceflinger                       I  id=2140[1] Destroyed d6deef5 Splash Screen org.test.packetsnifferapp#0
2023-12-03 20:03:39.146   518-518   Layer                   surfaceflinger                       I  id=2141[1] Destroyed Splash Screen org.test.packetsnifferapp#0
2023-12-03 20:03:39.161   518-518   SurfaceFlinger          surfaceflinger                       I  Display 0 HWC layers:
                                                                                                        type    |    handle    | flag |  format   |   source crop (l,t,r,b)    |         frame       | name 
                                                                                                    ------------+--------------+------+-----------+----------------------------+---------------------+------
                                                                                                         CLIENT | 0x7748607940 | 0000 | RGBA_8888 |   0.0    0.0 1080.0 2220.0 |    0    0 1080 2220 | com.android.systemui.infinity.InfinityWallpaperBlack$_7652#0
                                                                                                         CLIENT | 0x7765ead580 | 0000 | RGBA_8888 |   0.0    0.0 1080.0 2220.0 |    0    0 1080 2220 | com.sec.android.app.launcher/com.sec[...]ties.LauncherActivity$_9734#0 (Blur)
                                                                                                         CLIENT |              | 0002 |  Unknown  |   0.0    0.0    0.0    0.0 |   19  101 1079 2066 | Background for -SurfaceView - org.te[...]y.android.PythonActivity@9a27b16@0#0
                                                                                                         CLIENT | 0x7765eafec0 | 0000 | RGBA_8888 |   0.0    0.0 1080.0 2220.0 |   20   30 1079 2207 | org.test.packetsnifferapp/org.kivy.android.PythonActivity$_19197#0
                                                                                                         DEVICE | 0x7748609d80 | 0000 | RGBA_8888 |   0.0    0.0 1080.0   72.0 |    0    0 1080   72 | StatusBar$_7
2023-12-03 20:03:39.228  1044-7992  WindowManager           system_server                        I  Reparenting to original parent: Surface(name=Task=43)/@0x28268cb, destroyLeash=true, surface=Surface(name=AppWindowToken{741af27 token=Token{a598de6 ActivityRecord{644c441 u0 org.test.packetsnifferapp/org.kivy.android.PythonActivity t43}}})/@0xc394e73
2023-12-03 20:03:39.230  1044-7992  RemoteAnim...Controller system_server                        D  	AppWindowToken{741af27 token=Token{a598de6 ActivityRecord{644c441 u0 org.test.packetsnifferapp/org.kivy.android.PythonActivity t43}}}
2023-12-03 20:03:39.233   518-8087  Layer                   surfaceflinger                       I  id=2143 removeFromCurrentState Surface(name=AppWindowToken{741af27 token=Token{a598de6 ActivityRecord{644c441 u0 org.test.packetsnifferapp/org.kivy.android.PythonActivity t43}}})/@0xc394e73 - animation-leash#0 (74)
2023-12-03 20:03:39.244   518-518   Layer                   surfaceflinger                       E  [Surface(name=AppWindowToken{741af27 token=Token{a598de6 ActivityRecord{644c441 u0 org.test.packetsnifferapp/org.kivy.android.PythonActivity t43}}})/@0xc394e73 - animation-leash#0] No local sync point found, barrierLayer : [com.sec.android.app.launcher/com.sec.android.app.launcher.activities.LauncherActivity$_9734#0]
2023-12-03 20:03:39.254   518-1275  SurfaceFlinger          surfaceflinger                       I  id=2143 Removed Surface(name=AppWindowToken{741af27 token=Token{a598de6 ActivityRecord{644c441 u0 org.test.packetsnifferapp/org.kivy.android.PythonActivity t43}}})/@0xc394e73 - animation-leash#0 (74)
2023-12-03 20:03:39.262   518-518   SurfaceFlinger          surfaceflinger                       I  Display 0 HWC layers:
                                                                                                        type    |    handle    | flag |  format   |   source crop (l,t,r,b)    |         frame       | name 
                                                                                                    ------------+--------------+------+-----------+----------------------------+---------------------+------
                                                                                                     SOLID_COLOR |              | 0002 |  Unknown  |   0.0    0.0    0.0    0.0 |    0   72 1080 2076 | Background for -SurfaceView - org.te[...]y.android.PythonActivity@9a27b16@0#0
                                                                                                         DEVICE | 0x7765eafec0 | 0000 | RGBA_8888 |   0.0    0.0 1080.0 2220.0 |    0    0 1080 2220 | org.test.packetsnifferapp/org.kivy.android.PythonActivity$_19197#0
                                                                                                         DEVICE | 0x7748609d80 | 0000 | RGBA_8888 |   0.0    0.0 1080.0   72.0 |    0    0 1080   72 | StatusBar$_7458#0
                                                                                                         DEVICE | 0x77470487c0 | 0000 | RGBA_8888 |   0.0    0.0   67.0  342.0 | 1013  398 1080  740 | com.samsung.android.app.cocktailbars[...]rservice.CocktailBarService$_11040#0
                                                                                                         DEVICE | 0x7747047b40 | 0000 | RGBA_8888 |   0.0    0.0 1080.0  144.0 |    0 2076 1080 2220 | NavigationBar0$_7458#0
                                                                                                         DEVICE | 0x7765eadf80 | 00
2023-12-03 20:03:39.262   518-518   Layer                   surfaceflinger                       I  id=2143[1] Destroyed Surface(name=AppWindowToken{741af27 token=Token{a598de6 ActivityRecord{644c441 u0 org.test.packetsnifferapp/org.kivy.android.PythonActivity t43}}})/@0xc394e73 - animation-leash#0
2023-12-03 20:03:39.267  1044-1103  CodecSolution           system_server                        D  isMaxAspectPackageEx: org.test.packetsnifferapp : true(2)
2023-12-03 20:03:39.286 19197-25829 python                  org.test.packetsnifferapp            I  CRITICAL: Can't open /proc/net/dev !
2023-12-03 20:03:39.298 19197-25829 python                  org.test.packetsnifferapp            I  CRITICAL: Can't open /proc/net/route !
2023-12-03 20:03:39.298 19197-25829 python                  org.test.packetsnifferapp            I  CRITICAL: Can't open /proc/net/dev !
2023-12-03 20:03:39.397  1044-7550  MdnieScena...rolService system_server                        D   packageName : org.test.packetsnifferapp    className : org.kivy.android.PythonActivity
2023-12-03 20:03:40.370 19197-25829 linker                  org.test.packetsnifferapp            E  library "/system/lib64/libpcap.so" ("/system/lib64/libpcap.so") needed or dlopened by "/data/data/org.test.packetsnifferapp/files/app/_python_bundle/modules/_ctypes.cpython-310.so" is not accessible for the namespace: [name="classloader-namespace", ld_library_paths="", default_library_paths="/data/app/org.test.packetsnifferapp-0AL5D4gcF1R_frWuP1JaeQ==/lib/arm64:/data/app/org.test.packetsnifferapp-0AL5D4gcF1R_frWuP1JaeQ==/base.apk!/lib/arm64-v8a", permitted_paths="/data:/mnt/expand:/data/data/org.test.packetsnifferapp"]
2023-12-03 20:03:40.371 19197-25829 python                  org.test.packetsnifferapp            I  WARNING: No libpcap provider available ! pcap won't be used
2023-12-03 20:03:40.371 19197-25829 python                  org.test.packetsnifferapp            I  CRITICAL: Can't open /proc/net/dev !
2023-12-03 20:03:40.395 19197-25829 python                  org.test.packetsnifferapp            I  [INFO   ] [Logger      ] Record log in /data/user/0/org.test.packetsnifferapp/files/app/.kivy/logs/kivy_23-12-03_3.txt
2023-12-03 20:03:40.395 19197-25829 python                  org.test.packetsnifferapp            I  [INFO   ] [Kivy        ] v2.2.1
2023-12-03 20:03:40.395 19197-25829 python                  org.test.packetsnifferapp            I  [INFO   ] [Kivy        ] Installed at "/data/user/0/org.test.packetsnifferapp/files/app/_python_bundle/site-packages/kivy/__init__.pyc"
2023-12-03 20:03:40.396 19197-25829 python                  org.test.packetsnifferapp            I  [INFO   ] [Python      ] v3.10.10 (main, Dec  3 2023, 16:41:59) [Clang 14.0.6 (https://android.googlesource.com/toolchain/llvm-project 4c603efb0
2023-12-03 20:03:40.396 19197-25829 python                  org.test.packetsnifferapp            I  [INFO   ] [Python      ] Interpreter at ""
2023-12-03 20:03:40.396 19197-25829 python                  org.test.packetsnifferapp            I  [INFO   ] [Logger      ] Purge log fired. Processing...
2023-12-03 20:03:40.396 19197-25829 python                  org.test.packetsnifferapp            I  [INFO   ] [Logger      ] Purge finished!
2023-12-03 20:03:40.442 19197-25829 python                  org.test.packetsnifferapp            I  [INFO   ] [Factory     ] 190 symbols loaded
2023-12-03 20:03:40.594 19197-25829 python                  org.test.packetsnifferapp            I  [INFO   ] [Image       ] Providers: img_tex, img_dds, img_sdl2 (img_pil, img_ffpyplayer ignored)
2023-12-03 20:03:40.628 19197-25829 python                  org.test.packetsnifferapp            I  [INFO   ] [Window      ] Provider: sdl2
2023-12-03 20:03:40.636 19197-25829 hidapi                  org.test.packetsnifferapp            V  initialize(true, false)
2023-12-03 20:03:40.639 19197-25829 SDL                     org.test.packetsnifferapp            V  setOrientation() requestedOrientation=1 width=800 height=600 resizable=true hint=Portrait
2023-12-03 20:03:40.639  1044-9561  ActivityTaskManager     system_server                        D  setRequestedOrientation(1) from org.test.packetsnifferapp
2023-12-03 20:03:40.640 19197-25829 mali_winsys             org.test.packetsnifferapp            I  new_window_surface() [1080x2004] return: 0x3000
2023-12-03 20:03:40.640 19197-25829 SDL/APP                 org.test.packetsnifferapp            I  pixel format wanted SDL_PIXELFORMAT_RGBA8888 (1), got SDL_PIXELFORMAT_RGBA8888 (1)
2023-12-03 20:03:40.642 19197-25829 python                  org.test.packetsnifferapp            I  [INFO   ] [GL          ] Using the "OpenGL ES 2" graphics system
2023-12-03 20:03:40.643 19197-25829 python                  org.test.packetsnifferapp            I  [INFO   ] [GL          ] Backend used <sdl2>
2023-12-03 20:03:40.643 19197-25829 python                  org.test.packetsnifferapp            I  [INFO   ] [GL          ] OpenGL version <b'OpenGL ES 3.2 v1.r19p0-01rel0.###other-sha0123456789ABCDEF0###'>
2023-12-03 20:03:40.643 19197-25829 python                  org.test.packetsnifferapp            I  [INFO   ] [GL          ] OpenGL vendor <b'ARM'>
2023-12-03 20:03:40.643 19197-25829 python                  org.test.packetsnifferapp            I  [INFO   ] [GL          ] OpenGL renderer <b'Mali-G72'>
2023-12-03 20:03:40.643 19197-25829 python                  org.test.packetsnifferapp            I  [INFO   ] [GL          ] OpenGL parsed version: 3, 2
2023-12-03 20:03:40.643 19197-25829 python                  org.test.packetsnifferapp            I  [INFO   ] [GL          ] Texture max size <8192>
2023-12-03 20:03:40.643 19197-25829 python                  org.test.packetsnifferapp            I  [INFO   ] [GL          ] Texture max units <16>
2023-12-03 20:03:40.649  1044-9561  WindowManager           system_server                        V  Relayout Window{6420bd5 u0 org.test.packetsnifferapp/org.kivy.android.PythonActivity}: viewVisibility=0 req=1080x2220
2023-12-03 20:03:40.660 19197-19197 ViewRootIm...nActivity] org.test.packetsnifferapp            I  Relayout returned: old=(0,0,1080,2220) new=(0,0,1080,2220) req=(1080,2220)0 dur=12 res=0x1 s={true 496465543168} ch=false
2023-12-03 20:03:40.667  1044-9561  WindowManager           system_server                        V  Relayout Window{6420bd5 u0 org.test.packetsnifferapp/org.kivy.android.PythonActivity}: viewVisibility=0 req=1080x2220
2023-12-03 20:03:40.677 19197-19197 ViewRootIm...nActivity] org.test.packetsnifferapp            I  Relayout returned: old=(0,0,1080,2220) new=(0,0,1080,2220) req=(1080,2220)0 dur=11 res=0x1 s={true 496465543168} ch=false
2023-12-03 20:03:40.728 19197-25829 python                  org.test.packetsnifferapp            I  [INFO   ] [Window      ] auto add sdl2 input provider
2023-12-03 20:03:40.728 19197-25829 python                  org.test.packetsnifferapp            I  [INFO   ] [Window      ] virtual keyboard not allowed, single mode, not docked
2023-12-03 20:03:40.732 19197-25829 python                  org.test.packetsnifferapp            I  [INFO   ] [Text        ] Provider: sdl2
2023-12-03 20:03:40.828 19197-25829 python                  org.test.packetsnifferapp            I  [INFO   ] [GL          ] NPOT texture support is available
2023-12-03 20:03:40.881 19197-25829 PythonActivity          org.test.packetsnifferapp            V  addPermissionsCallback(): Added callback for onRequestPermissionsResult
2023-12-03 20:03:40.918 19197-19197 PythonActivity          org.test.packetsnifferapp            V  onPause()
2023-12-03 20:03:40.918 19197-19197 SDL                     org.test.packetsnifferapp            V  onPause()
2023-12-03 20:03:40.921 19197-25829 Activity                org.test.packetsnifferapp            W  Can request only one set of permissions at a time
2023-12-03 20:03:40.921 19197-25829 PythonActivity          org.test.packetsnifferapp            V  onRequestPermissionsResult()
2023-12-03 20:03:40.921 19197-25829 PythonActivity          org.test.packetsnifferapp            V  onRequestPermissionsResult passed to callback
2023-12-03 20:03:40.923 19197-25829 Activity                org.test.packetsnifferapp            W  Can request only one set of permissions at a time
2023-12-03 20:03:40.923 19197-25829 PythonActivity          org.test.packetsnifferapp            V  onRequestPermissionsResult()
2023-12-03 20:03:40.923 19197-25829 PythonActivity          org.test.packetsnifferapp            V  onRequestPermissionsResult passed to callback
2023-12-03 20:03:40.924 19197-25829 python                  org.test.packetsnifferapp            I  [WARNING] [Base        ] Unknown <android> provider
2023-12-03 20:03:40.924 19197-25829 python                  org.test.packetsnifferapp            I  [INFO   ] [Base        ] Start application main loop
2023-12-03 20:03:40.927  1044-7615  WindowManager           system_server                        V  Changing focus from Window{6420bd5 u0 org.test.packetsnifferapp/org.kivy.android.PythonActivity} to null displayId=0 Callers=com.android.server.wm.RootWindowContainer.updateFocusedWindowLocked:204 com.android.server.wm.WindowManagerService.updateFocusedWindowLocked:6458 com.android.server.wm.ActivityDisplay.setFocusedApp:1686 com.android.server.wm.ActivityTaskManagerService.setResumedActivityUncheckLocked:6980 com.android.server.wm.ActivityStack.onActivityStateChanged:664 com.android.server.wm.TaskRecord.onActivityStateChanged:2425 
2023-12-03 20:03:40.953   518-518   SurfaceFlinger          surfaceflinger                       I  Display 0 HWC layers:
                                                                                                        type    |    handle    | flag |  format   |   source crop (l,t,r,b)    |         frame       | name 
                                                                                                    ------------+--------------+------+-----------+----------------------------+---------------------+------
                                                                                                         DEVICE | 0x7765eae700 | 0002 | RGBA_8888 |   0.0    0.0 1080.0 2004.0 |    0   72 1080 2076 | SurfaceView - org.test.packetsniffer[...]y.android.PythonActivity@9a27b16@0#0
                                                                                                         DEVICE | 0x7765eafec0 | 0000 | RGBA_8888 |   0.0    0.0 1080.0 2220.0 |    0    0 1080 2220 | org.test.packetsnifferapp/org.kivy.android.PythonActivity$_19197#0
                                                                                                         DEVICE | 0x7748609d80 | 0000 | RGBA_8888 |   0.0    0.0 1080.0   72.0 |    0    0 1080   72 | StatusBar$_7458#0
                                                                                                         DEVICE | 0x77470487c0 | 0000 | RGBA_8888 |   0.0    0.0   67.0  342.0 | 1013  398 1080  740 | com.samsung.android.app.cocktailbars[...]rservice.CocktailBarService$_11040#0
                                                                                                         DEVICE | 0x7748608200 | 0000 | RGBA_8888 |   0.0    0.0 1080.0  144.0 |    0 2076 1080 2220 | NavigationBar0$_7458#0
                                                                                                         DEVICE | 0x7765eadf80 | 000
2023-12-03 20:03:40.992  1044-1105  GameManagerService      system_server                        D  notePauseComponent(), received paused-component: org.test.packetsnifferapp
2023-12-03 20:03:41.000  1044-1105  WindowManager           system_server                        I  Focus moving from Window{6420bd5 u0 org.test.packetsnifferapp/org.kivy.android.PythonActivity} to null displayId=0
2023-12-03 20:03:41.000  1044-1105  WindowManager           system_server                        I  Losing focus: Window{6420bd5 u0 org.test.packetsnifferapp/org.kivy.android.PythonActivity}
2023-12-03 20:03:41.001  1044-7615  WindowManager           system_server                        V  Relayout Window{6420bd5 u0 org.test.packetsnifferapp/org.kivy.android.PythonActivity}: viewVisibility=0 req=1080x2220
2023-12-03 20:03:41.004 21643-21643 GrantPermi...nsActivity com....android.permissioncontroller  V  Permission grant result requestId=-895534436435960283 callingUid=10255 callingPackage=org.test.packetsnifferapp permission=INTERNET isImplicit=false result=1
2023-12-03 20:03:41.012 19197-19197 ViewRootIm...nActivity] org.test.packetsnifferapp            I  Relayout returned: old=(0,0,1080,2220) new=(0,0,1080,2220) req=(1080,2220)0 dur=10 res=0x1 s={true 496465543168} ch=false
2023-12-03 20:03:41.021 19197-19197 ViewRootIm...nActivity] org.test.packetsnifferapp            I  MSG_WINDOW_FOCUS_CHANGED 0 1
2023-12-03 20:03:41.022 19197-19197 InputMethodManager      org.test.packetsnifferapp            D  prepareNavigationBarInfo() DecorView@cf152f9[PythonActivity]
2023-12-03 20:03:41.022 19197-19197 InputMethodManager      org.test.packetsnifferapp            D  getNavigationBarColor() -855310
2023-12-03 20:03:41.022 19197-19197 SDL                     org.test.packetsnifferapp            V  onWindowFocusChanged(): false
2023-12-03 20:03:41.022 19197-19197 SDL                     org.test.packetsnifferapp            V  nativeFocusChanged()
2023-12-03 20:03:41.023  1044-9356  WindowManager           system_server                        V  Changing focus from null to Window{6420bd5 u0 org.test.packetsnifferapp/org.kivy.android.PythonActivity} displayId=0 Callers=com.android.server.wm.RootWindowContainer.updateFocusedWindowLocked:204 com.android.server.wm.WindowManagerService.updateFocusedWindowLocked:6458 com.android.server.wm.ActivityDisplay.setFocusedApp:1686 com.android.server.wm.ActivityTaskManagerService.setResumedActivityUncheckLocked:6980 com.android.server.wm.ActivityStack.onActivityStateChanged:664 com.android.server.wm.TaskRecord.onActivityStateChanged:2425 
2023-12-03 20:03:41.025  1044-9356  MARsPolicyManager       system_server                        D  onPackageResumedFG pkgName = org.test.packetsnifferapp, userId = 0
2023-12-03 20:03:41.026 19197-19197 PythonActivity          org.test.packetsnifferapp            V  onRequestPermissionsResult()
2023-12-03 20:03:41.026 19197-19197 PythonActivity          org.test.packetsnifferapp            V  onRequestPermissionsResult passed to callback
2023-12-03 20:03:41.029 19197-19197 python                  org.test.packetsnifferapp            I  Permission ['INTERNET'] granted.
2023-12-03 20:03:41.031 19197-19197 python                  org.test.packetsnifferapp            I   Traceback (most recent call last):
2023-12-03 20:03:41.031 19197-19197 python                  org.test.packetsnifferapp            I     File "jnius/jnius_proxy.pxi", line 50, in jnius.jnius.PythonJavaClass.invoke
2023-12-03 20:03:41.031 19197-19197 python                  org.test.packetsnifferapp            I     File "jnius/jnius_proxy.pxi", line 76, in jnius.jnius.PythonJavaClass._invoke
2023-12-03 20:03:41.031 19197-19197 python                  org.test.packetsnifferapp            I     File "/mnt/c/Users/Wault404/Desktop/python/SOC/.buildozer/android/platform/build-arm64-v8a_armeabi-v7a/build/python-installs/packetsnifferapp/arm64-v8a/android/permissions.py", line 472, in onRequestPermissionsResult
2023-12-03 20:03:41.032 19197-19197 python                  org.test.packetsnifferapp            I     File "/mnt/c/Users/Wault404/Desktop/python/SOC/.buildozer/android/platform/build-arm64-v8a_armeabi-v7a/build/python-installs/packetsnifferapp/arm64-v8a/android/permissions.py", line 555, in python_callback
2023-12-03 20:03:41.032 19197-19197 python                  org.test.packetsnifferapp            I     File "/mnt/c/Users/Wault404/Desktop/python/SOC/.buildozer/android/app/main.py", line 40, in permission_callback
2023-12-03 20:03:41.032 19197-19197 python                  org.test.packetsnifferapp            I     File "/mnt/c/Users/Wault404/Desktop/python/SOC/.buildozer/android/app/main.py", line 62, in start_capture
2023-12-03 20:03:41.032 19197-19197 python                  org.test.packetsnifferapp            I     File "kivy/properties.pyx", line 520, in kivy.properties.Property.__set__
2023-12-03 20:03:41.032 19197-19197 python                  org.test.packetsnifferapp            I     File "kivy/properties.pyx", line 1662, in kivy.properties.AliasProperty.set
2023-12-03 20:03:41.032 19197-19197 python                  org.test.packetsnifferapp            I     File "/mnt/c/Users/Wault404/Desktop/python/SOC/.buildozer/android/platform/build-arm64-v8a_armeabi-v7a/build/python-installs/packetsnifferapp/arm64-v8a/kivy/uix/textinput.py", line 3610, in _set_text
2023-12-03 20:03:41.032 19197-19197 python                  org.test.packetsnifferapp            I     File "/mnt/c/Users/Wault404/Desktop/python/SOC/.buildozer/android/platform/build-arm64-v8a_armeabi-v7a/build/python-installs/packetsnifferapp/arm64-v8a/kivy/uix/textinput.py", line 2173, in _refresh_text
2023-12-03 20:03:41.033 19197-19197 python                  org.test.packetsnifferapp            I     File "kivy/graphics/vertex_instructions.pyx", line 803, in kivy.graphics.vertex_instructions.Rectangle.__init__
2023-12-03 20:03:41.033 19197-19197 python                  org.test.packetsnifferapp            I     File "kivy/graphics/instructions.pyx", line 294, in kivy.graphics.instructions.VertexInstruction.__init__
2023-12-03 20:03:41.033 19197-19197 python                  org.test.packetsnifferapp            I     File "kivy/graphics/context_instructions.pyx", line 385, in kivy.graphics.context_instructions.BindTexture.__init__
2023-12-03 20:03:41.033 19197-19197 python                  org.test.packetsnifferapp            I     File "kivy/graphics/context_instructions.pyx", line 435, in kivy.graphics.context_instructions.BindTexture.source.__set__
2023-12-03 20:03:41.033 19197-19197 python                  org.test.packetsnifferapp            I     File "kivy/graphics/context_instructions.pyx", line 406, in kivy.graphics.context_instructions.BindTexture.texture.__set__
2023-12-03 20:03:41.033 19197-19197 python                  org.test.packetsnifferapp            I     File "kivy/graphics/instructions.pyx", line 88, in kivy.graphics.instructions.Instruction.flag_data_update
2023-12-03 20:03:41.033 19197-19197 python                  org.test.packetsnifferapp            I   TypeError: Cannot change graphics instruction outside the main Kivy thread
2023-12-03 20:03:41.034 19197-19197 ViewRootIm...nActivity] org.test.packetsnifferapp            I  stopped(false) old=false
2023-12-03 20:03:41.034 19197-19197 PythonActivity          org.test.packetsnifferapp            V  onResume()
2023-12-03 20:03:41.034 19197-19197 SDL                     org.test.packetsnifferapp            V  onResume()
2023-12-03 20:03:41.040  1044-1105  WindowManager           system_server                        I  Focus moving from null to Window{6420bd5 u0 org.test.packetsnifferapp/org.kivy.android.PythonActivity} displayId=0
2023-12-03 20:03:41.040  1044-1105  WindowManager           system_server                        I  Gaining focus: Window{6420bd5 u0 org.test.packetsnifferapp/org.kivy.android.PythonActivity}
2023-12-03 20:03:41.040  1044-1105  GameManagerService      system_server                        D  noteResumeComponent(), received resumed-component: org.test.packetsnifferapp
2023-12-03 20:03:41.041  1044-7409  GameManagerService      system_server                        D  onLooperPrepared(), msg: { when=0 what=10000 obj=ComponentInfo{org.test.packetsnifferapp/org.kivy.android.PythonActivity} target=com.samsung.android.game.GameManagerService$FgCheckThread$1 }
2023-12-03 20:03:41.041  1044-7409  GameManagerService      system_server                        D  notifyResumePause(). of pkg: org.test.packetsnifferapp, type: 4, isMinimized: false, isTunableApp: false
2023-12-03 20:03:41.043  1044-1105  GameManagerService      system_server                        D  identifyGamePackage. org.test.packetsnifferapp, mCurrentUserId: 0, callerUserId: 0
2023-12-03 20:03:41.043  1044-1105  GamePkgDataHelper       system_server                        D  getGamePkgData(). org.test.packetsnifferapp
2023-12-03 20:03:41.044  1044-1105  GamePkgDataHelper       system_server                        D  getSosPolicy(). org.test.packetsnifferapp
2023-12-03 20:03:41.044  1044-1105  GameManagerService      system_server                        D  identifyGamePackage. org.test.packetsnifferapp, mCurrentUserId: 0, callerUserId: 0
2023-12-03 20:03:41.044  1044-1105  GamePkgDataHelper       system_server                        D  getGamePkgData(). org.test.packetsnifferapp
2023-12-03 20:03:41.045  1044-9356  GamePkgDataHelper       system_server                        D  getSosPolicy(). org.test.packetsnifferapp
2023-12-03 20:03:41.049  1044-7615  WindowManager           system_server                        V  Relayout Window{6420bd5 u0 org.test.packetsnifferapp/org.kivy.android.PythonActivity}: viewVisibility=0 req=1080x2220
2023-12-03 20:03:41.053 19197-19197 ViewRootIm...nActivity] org.test.packetsnifferapp            I  Relayout returned: old=(0,0,1080,2220) new=(0,0,1080,2220) req=(1080,2220)0 dur=5 res=0x1 s={true 496465543168} ch=false
2023-12-03 20:03:41.053 19197-19197 ViewRootIm...nActivity] org.test.packetsnifferapp            I  MSG_WINDOW_FOCUS_CHANGED 1 1
2023-12-03 20:03:41.053 19197-19197 InputMethodManager      org.test.packetsnifferapp            D  prepareNavigationBarInfo() DecorView@cf152f9[PythonActivity]
2023-12-03 20:03:41.054 19197-19197 InputMethodManager      org.test.packetsnifferapp            D  getNavigationBarColor() -855310
2023-12-03 20:03:41.054 19197-19197 SDL                     org.test.packetsnifferapp            V  onWindowFocusChanged(): true
2023-12-03 20:03:41.054 19197-19197 SDL                     org.test.packetsnifferapp            V  nativeFocusChanged()
2023-12-03 20:03:41.059  1044-1103  CodecSolution           system_server                        D  isMaxAspectPackageEx: org.test.packetsnifferapp : true(2)
2023-12-03 20:03:41.137 19197-25829 python                  org.test.packetsnifferapp            I  [INFO   ] [Base        ] Leaving application in progress...
2023-12-03 20:03:41.137 19197-25829 python                  org.test.packetsnifferapp            I   Traceback (most recent call last):
2023-12-03 20:03:41.137 19197-25829 python                  org.test.packetsnifferapp            I     File "/mnt/c/Users/Wault404/Desktop/python/SOC/.buildozer/android/app/main.py", line 79, in <module>
2023-12-03 20:03:41.138 19197-25829 python                  org.test.packetsnifferapp            I     File "/mnt/c/Users/Wault404/Desktop/python/SOC/.buildozer/android/platform/build-arm64-v8a_armeabi-v7a/build/python-installs/packetsnifferapp/arm64-v8a/kivy/app.py", line 956, in run
2023-12-03 20:03:41.138 19197-25829 python                  org.test.packetsnifferapp            I     File "/mnt/c/Users/Wault404/Desktop/python/SOC/.buildozer/android/platform/build-arm64-v8a_armeabi-v7a/build/python-installs/packetsnifferapp/arm64-v8a/kivy/base.py", line 574, in runTouchApp
2023-12-03 20:03:41.138 19197-25829 python                  org.test.packetsnifferapp            I     File "/mnt/c/Users/Wault404/Desktop/python/SOC/.buildozer/android/platform/build-arm64-v8a_armeabi-v7a/build/python-installs/packetsnifferapp/arm64-v8a/kivy/base.py", line 339, in mainloop
2023-12-03 20:03:41.139 19197-25829 python                  org.test.packetsnifferapp            I     File "/mnt/c/Users/Wault404/Desktop/python/SOC/.buildozer/android/platform/build-arm64-v8a_armeabi-v7a/build/python-installs/packetsnifferapp/arm64-v8a/kivy/base.py", line 379, in idle
2023-12-03 20:03:41.139 19197-25829 python                  org.test.packetsnifferapp            I     File "/mnt/c/Users/Wault404/Desktop/python/SOC/.buildozer/android/platform/build-arm64-v8a_armeabi-v7a/build/python-installs/packetsnifferapp/arm64-v8a/kivy/clock.py", line 733, in tick
2023-12-03 20:03:41.139 19197-25829 python                  org.test.packetsnifferapp            I     File "/mnt/c/Users/Wault404/Desktop/python/SOC/.buildozer/android/platform/build-arm64-v8a_armeabi-v7a/build/python-installs/packetsnifferapp/arm64-v8a/kivy/clock.py", line 776, in post_idle
2023-12-03 20:03:41.139 19197-25829 python                  org.test.packetsnifferapp            I     File "kivy/_clock.pyx", line 620, in kivy._clock.CyClockBase._process_events
2023-12-03 20:03:41.140 19197-25829 python                  org.test.packetsnifferapp            I     File "kivy/_clock.pyx", line 653, in kivy._clock.CyClockBase._process_events
2023-12-03 20:03:41.140 19197-25829 python                  org.test.packetsnifferapp            I     File "kivy/_clock.pyx", line 649, in kivy._clock.CyClockBase._process_events
2023-12-03 20:03:41.140 19197-25829 python                  org.test.packetsnifferapp            I     File "kivy/_clock.pyx", line 218, in kivy._clock.ClockEvent.tick
2023-12-03 20:03:41.141 19197-25829 python                  org.test.packetsnifferapp            I     File "/mnt/c/Users/Wault404/Desktop/python/SOC/.buildozer/android/app/main.py", line 44, in update_packet_info
2023-12-03 20:03:41.141 19197-25829 python                  org.test.packetsnifferapp            I     File "/mnt/c/Users/Wault404/Desktop/python/SOC/.buildozer/android/app/main.py", line 48, in capture_network_packets
2023-12-03 20:03:41.141 19197-25829 python                  org.test.packetsnifferapp            I     File "/mnt/c/Users/Wault404/Desktop/python/SOC/.buildozer/android/platform/build-arm64-v8a_armeabi-v7a/build/python-installs/packetsnifferapp/arm64-v8a/scapy/sendrecv.py", line 1311, in sniff
2023-12-03 20:03:41.142 19197-25829 python                  org.test.packetsnifferapp            I     File "/mnt/c/Users/Wault404/Desktop/python/SOC/.buildozer/android/platform/build-arm64-v8a_armeabi-v7a/build/python-installs/packetsnifferapp/arm64-v8a/scapy/sendrecv.py", line 1171, in _run
2023-12-03 20:03:41.142 19197-25829 python                  org.test.packetsnifferapp            I     File "/mnt/c/Users/Wault404/Desktop/python/SOC/.buildozer/android/platform/build-arm64-v8a_armeabi-v7a/build/python-installs/packetsnifferapp/arm64-v8a/scapy/arch/linux.py", line 484, in __init__
